../Drivers/CMSIS/Include/core_cm7.h:2229:22:SCB_EnableICache	4	static,ignoring_inline_asm
../Drivers/CMSIS/Include/core_cm7.h:2281:22:SCB_EnableDCache	24	static,ignoring_inline_asm
../Core/Src/main.c:82:5:main	240	static
../Core/Src/main.c:230:6:SystemClock_Config	88	static
../Core/Src/main.c:289:13:MX_NVIC_Init	8	static
../Core/Src/main.c:301:13:MX_CRC_Init	8	static
../Core/Src/main.c:332:13:MX_RTC_Init	8	static
../Core/Src/main.c:367:13:MX_TIM6_Init	24	static
../Core/Src/main.c:405:13:MX_USART2_UART_Init	8	static
../Core/Src/main.c:440:13:MX_GPIO_Init	16	static
../Core/Src/main.c:457:6:Error_Handler	4	static,ignoring_inline_asm
