../X-CUBE-AI/App/aiTestUtility.c:351:13:_put_c_buffer_cb	0	static
../X-CUBE-AI/App/aiTestUtility.c:322:13:_put_c_driver	16	static
../X-CUBE-AI/App/aiTestUtility.c:142:6:ioRawGetUint8	8	static
../X-CUBE-AI/App/aiTestUtility.c:199:6:ioRawWriteBuffer	8	static
../X-CUBE-AI/App/aiTestUtility.c:204:6:ioRawReadBuffer	8	static
../X-CUBE-AI/App/aiTestUtility.c:209:6:ioRawDisableLLWrite	0	static
../X-CUBE-AI/App/aiTestUtility.c:222:5:_write	8	static
../X-CUBE-AI/App/aiTestUtility.c:337:6:lc_print	16	static
../X-CUBE-AI/App/aiTestUtility.c:361:8:lc_vsnprint	24	static
../X-CUBE-AI/App/aiTestUtility.c:385:7:__wrap_malloc	16	static
../X-CUBE-AI/App/aiTestUtility.c:425:6:__wrap_free	8	static
../X-CUBE-AI/App/aiTestUtility.c:478:6:stackMonInit	16	static
../X-CUBE-AI/App/aiTestUtility.c:521:5:dwtCyclesToTime	48	static
../X-CUBE-AI/App/aiTestUtility.c:538:7:dwtCyclesToFloatMs	24	static
../X-CUBE-AI/App/aiTestUtility.c:699:10:getFlashCacheConf	8	static
../X-CUBE-AI/App/aiTestUtility.c:645:6:getSysConf.part.0	8	static
../X-CUBE-AI/App/aiTestUtility.c:645:6:getSysConf	0	static
../X-CUBE-AI/App/aiTestUtility.c:801:6:systemSettingLog	48	static
