Archive member included to satisfy reference by file (symbol)

../Middlewares/ST/AI/Lib\NetworkRuntime810_CM7_GCC.a(ai_platform.o)
                              ./X-CUBE-AI/App/aiSystemPerformance.o (ai_buffer_get_size)
../Middlewares/ST/AI/Lib\NetworkRuntime810_CM7_GCC.a(ai_platform_interface.o)
                              ./X-CUBE-AI/App/network.o (ai_platform_get_weights_map)
../Middlewares/ST/AI/Lib\NetworkRuntime810_CM7_GCC.a(core_common.o)
                              ../Middlewares/ST/AI/Lib\NetworkRuntime810_CM7_GCC.a(ai_platform_interface.o) (core_init)
../Middlewares/ST/AI/Lib\NetworkRuntime810_CM7_GCC.a(core_convert.o)
                              ./X-CUBE-AI/App/network.o (node_convert)
../Middlewares/ST/AI/Lib\NetworkRuntime810_CM7_GCC.a(core_mem_manager.o)
                              ../Middlewares/ST/AI/Lib\NetworkRuntime810_CM7_GCC.a(ai_platform_interface.o) (core_mem_alloc)
../Middlewares/ST/AI/Lib\NetworkRuntime810_CM7_GCC.a(layers.o)
                              ../Middlewares/ST/AI/Lib\NetworkRuntime810_CM7_GCC.a(ai_platform_interface.o) (ai_check_custom_types)
../Middlewares/ST/AI/Lib\NetworkRuntime810_CM7_GCC.a(layers_conv2d_stm32_integer.o)
                              ../Middlewares/ST/AI/Lib\NetworkRuntime810_CM7_GCC.a(layers.o) (get_conv2d_scratch_size)
../Middlewares/ST/AI/Lib\NetworkRuntime810_CM7_GCC.a(forward_lite_convert.o)
                              ../Middlewares/ST/AI/Lib\NetworkRuntime810_CM7_GCC.a(core_convert.o) (forward_lite_node_convert_is1os8)
../Middlewares/ST/AI/Lib\NetworkRuntime810_CM7_GCC.a(st_convolve_reference.o)
                              ../Middlewares/ST/AI/Lib\NetworkRuntime810_CM7_GCC.a(layers_conv2d_stm32_integer.o) (align_factor)
../Middlewares/ST/AI/Lib\NetworkRuntime810_CM7_GCC.a(st_sssa8_ch_convolve.o)
                              ../Middlewares/ST/AI/Lib\NetworkRuntime810_CM7_GCC.a(layers_conv2d_stm32_integer.o) (st_sssa8_ch_convolve_rank1upd)
../Middlewares/ST/AI/Lib\NetworkRuntime810_CM7_GCC.a(st_sssa8_convolve.o)
                              ../Middlewares/ST/AI/Lib\NetworkRuntime810_CM7_GCC.a(layers_conv2d_stm32_integer.o) (st_sssa8_convolve_rank1upd)
../Middlewares/ST/AI/Lib\NetworkRuntime810_CM7_GCC.a(st_sssa8_convolve_1x1.o)
                              ../Middlewares/ST/AI/Lib\NetworkRuntime810_CM7_GCC.a(layers_conv2d_stm32_integer.o) (st_sssa8_convolve_1x1_WeightsPrefetch)
../Middlewares/ST/AI/Lib\NetworkRuntime810_CM7_GCC.a(st_sssa8_convolve_dw.o)
                              ../Middlewares/ST/AI/Lib\NetworkRuntime810_CM7_GCC.a(layers_conv2d_stm32_integer.o) (st_sssa8_conv_dw_Wadapt)
../Middlewares/ST/AI/Lib\NetworkRuntime810_CM7_GCC.a(st_sssa8_convolve_rgb.o)
                              ../Middlewares/ST/AI/Lib\NetworkRuntime810_CM7_GCC.a(layers_conv2d_stm32_integer.o) (st_sssa8_convolve_rgb)
../Middlewares/ST/AI/Lib\NetworkRuntime810_CM7_GCC.a(st_ssua8_ch_convolve.o)
                              ../Middlewares/ST/AI/Lib\NetworkRuntime810_CM7_GCC.a(layers_conv2d_stm32_integer.o) (st_ssua8_ch_convolve_rank1upd)
../Middlewares/ST/AI/Lib\NetworkRuntime810_CM7_GCC.a(st_ssua8_ch_convolve_1x1.o)
                              ../Middlewares/ST/AI/Lib\NetworkRuntime810_CM7_GCC.a(layers_conv2d_stm32_integer.o) (st_ssua8_ch_convolve_1x1)
../Middlewares/ST/AI/Lib\NetworkRuntime810_CM7_GCC.a(st_ssua8_ch_convolve_dw.o)
                              ../Middlewares/ST/AI/Lib\NetworkRuntime810_CM7_GCC.a(layers_conv2d_stm32_integer.o) (st_ssua8_ch_conv_dw_Wadapt)
../Middlewares/ST/AI/Lib\NetworkRuntime810_CM7_GCC.a(st_ssua8_ch_convolve_rgb.o)
                              ../Middlewares/ST/AI/Lib\NetworkRuntime810_CM7_GCC.a(layers_conv2d_stm32_integer.o) (st_ssua8_ch_convolve_rgb)
../Middlewares/ST/AI/Lib\NetworkRuntime810_CM7_GCC.a(st_ssua8_convolve.o)
                              ../Middlewares/ST/AI/Lib\NetworkRuntime810_CM7_GCC.a(layers_conv2d_stm32_integer.o) (st_ssua8_convolve_rank1upd)
../Middlewares/ST/AI/Lib\NetworkRuntime810_CM7_GCC.a(st_ssua8_convolve_1x1.o)
                              ../Middlewares/ST/AI/Lib\NetworkRuntime810_CM7_GCC.a(layers_conv2d_stm32_integer.o) (st_ssua8_convolve_1x1)
../Middlewares/ST/AI/Lib\NetworkRuntime810_CM7_GCC.a(st_ssua8_convolve_dw.o)
                              ../Middlewares/ST/AI/Lib\NetworkRuntime810_CM7_GCC.a(layers_conv2d_stm32_integer.o) (st_ssua8_conv_dw_Wadapt)
../Middlewares/ST/AI/Lib\NetworkRuntime810_CM7_GCC.a(st_ssua8_convolve_rgb.o)
                              ../Middlewares/ST/AI/Lib\NetworkRuntime810_CM7_GCC.a(layers_conv2d_stm32_integer.o) (st_ssua8_convolve_rgb)
../Middlewares/ST/AI/Lib\NetworkRuntime810_CM7_GCC.a(st_uaua8_ch_convolve.o)
                              ../Middlewares/ST/AI/Lib\NetworkRuntime810_CM7_GCC.a(layers_conv2d_stm32_integer.o) (st_uaua8_ch_convolve_rank1upd)
../Middlewares/ST/AI/Lib\NetworkRuntime810_CM7_GCC.a(st_uaua8_ch_convolve_1x1.o)
[...]
Memory Configuration

Name             Origin             Length             Attributes
RAM              0x0000000020000000 0x0000000000050000 xrw
FLASH            0x0000000008000000 0x0000000040000000 xr
*default*        0x0000000000000000 0xffffffffffffffff

Linker script and memory map

LOAD c:/st/stm32cubeide_1.11.0/stm32cubeide/plugins/com.st.stm32cube.ide.mcu.externaltools.gnu-tools-for-stm32.10.3-2021.10.win32_1.0.100.202210260954/tools/bin/../lib/gcc/arm-none-eabi/10.3.1/thumb/v7e-m+fp/hard/crti.o
LOAD c:/st/stm32cubeide_1.11.0/stm32cubeide/plugins/com.st.stm32cube.ide.mcu.externaltools.gnu-tools-for-stm32.10.3-2021.10.win32_1.0.100.202210260954/tools/bin/../lib/gcc/arm-none-eabi/10.3.1/thumb/v7e-m+fp/hard/crtbegin.o
LOAD c:/st/stm32cubeide_1.11.0/stm32cubeide/plugins/com.st.stm32cube.ide.mcu.externaltools.gnu-tools-for-stm32.10.3-2021.10.win32_1.0.100.202210260954/tools/bin/../lib/gcc/arm-none-eabi/10.3.1/../../../../arm-none-eabi/lib/thumb/v7e-m+fp/hard/crt0.o
LOAD ./Core/Src/main.o
LOAD ./Core/Src/stm32f7xx_hal_msp.o
LOAD ./Core/Src/stm32f7xx_it.o
LOAD ./Core/Src/syscalls.o
LOAD ./Core/Src/sysmem.o
LOAD ./Core/Src/system_stm32f7xx.o
LOAD ./Core/Startup/startup_stm32f746nghx.o
LOAD ./Drivers/BSP/STM32746G-Discovery/stm32746g_discovery_sdram.o
LOAD ./Drivers/STM32F7xx_HAL_Driver/Src/stm32f7xx_hal.o
LOAD ./Drivers/STM32F7xx_HAL_Driver/Src/stm32f7xx_hal_cortex.o
LOAD ./Drivers/STM32F7xx_HAL_Driver/Src/stm32f7xx_hal_crc.o
LOAD ./Drivers/STM32F7xx_HAL_Driver/Src/stm32f7xx_hal_crc_ex.o
LOAD ./Drivers/STM32F7xx_HAL_Driver/Src/stm32f7xx_hal_dma.o
LOAD ./Drivers/STM32F7xx_HAL_Driver/Src/stm32f7xx_hal_dma_ex.o
LOAD ./Drivers/STM32F7xx_HAL_Driver/Src/stm32f7xx_hal_exti.o
LOAD ./Drivers/STM32F7xx_HAL_Driver/Src/stm32f7xx_hal_flash.o
LOAD ./Drivers/STM32F7xx_HAL_Driver/Src/stm32f7xx_hal_flash_ex.o
LOAD ./Drivers/STM32F7xx_HAL_Driver/Src/stm32f7xx_hal_gpio.o
LOAD ./Drivers/STM32F7xx_HAL_Driver/Src/stm32f7xx_hal_i2c.o
LOAD ./Drivers/STM32F7xx_HAL_Driver/Src/stm32f7xx_hal_i2c_ex.o
LOAD ./Drivers/STM32F7xx_HAL_Driver/Src/stm32f7xx_hal_pwr.o
LOAD ./Drivers/STM32F7xx_HAL_Driver/Src/stm32f7xx_hal_pwr_ex.o
LOAD ./Drivers/STM32F7xx_HAL_Driver/Src/stm32f7xx_hal_rcc.o
LOAD ./Drivers/STM32F7xx_HAL_Driver/Src/stm32f7xx_hal_rcc_ex.o
LOAD ./Drivers/STM32F7xx_HAL_Driver/Src/stm32f7xx_hal_sdram.o
LOAD ./Drivers/STM32F7xx_HAL_Driver/Src/stm32f7xx_hal_uart.o
LOAD ./Drivers/STM32F7xx_HAL_Driver/Src/stm32f7xx_hal_uart_ex.o
LOAD ./Drivers/STM32F7xx_HAL_Driver/Src/stm32f7xx_ll_fmc.o
LOAD ./X-CUBE-AI/App/aiSystemPerformance.o
LOAD ./X-CUBE-AI/App/aiTestHelper.o
LOAD ./X-CUBE-AI/App/aiTestUtility.o
LOAD ./X-CUBE-AI/App/ai_device_adaptor.o
LOAD ./X-CUBE-AI/App/app_x-cube-ai.o
LOAD ./X-CUBE-AI/App/lc_print.o
LOAD ./X-CUBE-AI/App/network.o
LOAD ./X-CUBE-AI/App/network_data.o
LOAD ./X-CUBE-AI/App/network_data_params.o
LOAD ./X-CUBE-AI/App/syscalls.o
LOAD ../Middlewares/ST/AI/Lib\NetworkRuntime810_CM7_GCC.a
START GROUP
LOAD c:/st/stm32cubeide_1.11.0/stm32cubeide/plugins/com.st.stm32cube.ide.mcu.externaltools.gnu-tools-for-stm32.10.3-2021.10.win32_1.0.100.202210260954/tools/bin/../lib/gcc/arm-none-eabi/10.3.1/../../../../arm-none-eabi/lib/thumb/v7e-m+fp/hard\libc_nano.a
LOAD c:/st/stm32cubeide_1.11.0/stm32cubeide/plugins/com.st.stm32cube.ide.mcu.externaltools.gnu-tools-for-stm32.10.3-2021.10.win32_1.0.100.202210260954/tools/bin/../lib/gcc/arm-none-eabi/10.3.1/../../../../arm-none-eabi/lib/thumb/v7e-m+fp/hard\libm.a
END GROUP
START GROUP
LOAD c:/st/stm32cubeide_1.11.0/stm32cubeide/plugins/com.st.stm32cube.ide.mcu.externaltools.gnu-tools-for-stm32.10.3-2021.10.win32_1.0.100.202210260954/tools/bin/../lib/gcc/arm-none-eabi/10.3.1/thumb/v7e-m+fp/hard\libgcc.a
LOAD c:/st/stm32cubeide_1.11.0/stm32cubeide/plugins/com.st.stm32cube.ide.mcu.externaltools.gnu-tools-for-stm32.10.3-2021.10.win32_1.0.100.202210260954/tools/bin/../lib/gcc/arm-none-eabi/10.3.1/../../../../arm-none-eabi/lib/thumb/v7e-m+fp/hard\libc_nano.a
END GROUP
START GROUP
LOAD c:/st/stm32cubeide_1.11.0/stm32cubeide/plugins/com.st.stm32cube.ide.mcu.externaltools.gnu-tools-for-stm32.10.3-2021.10.win32_1.0.100.202210260954/tools/bin/../lib/gcc/arm-none-eabi/10.3.1/thumb/v7e-m+fp/hard\libgcc.a
LOAD c:/st/stm32cubeide_1.11.0/stm32cubeide/plugins/com.st.stm32cube.ide.mcu.externaltools.gnu-tools-for-stm32.10.3-2021.10.win32_1.0.100.202210260954/tools/bin/../lib/gcc/arm-none-eabi/10.3.1/../../../../arm-none-eabi/lib/thumb/v7e-m+fp/hard\libc_nano.a
LOAD c:/st/stm32cubeide_1.11.0/stm32cubeide/plugins/com.st.stm32cube.ide.mcu.externaltools.gnu-tools-for-stm32.10.3-2021.10.win32_1.0.100.202210260954/tools/bin/../lib/gcc/arm-none-eabi/10.3.1/../../../../arm-none-eabi/lib/thumb/v7e-m+fp/hard\libnosys.a
END GROUP
START GROUP
LOAD c:/st/stm32cubeide_1.11.0/stm32cubeide/plugins/com.st.stm32cube.ide.mcu.externaltools.gnu-tools-for-stm32.10.3-2021.10.win32_1.0.100.202210260954/tools/bin/../lib/gcc/arm-none-eabi/10.3.1/thumb/v7e-m+fp/hard\libgcc.a
LOAD c:/st/stm32cubeide_1.11.0/stm32cubeide/plugins/com.st.stm32cube.ide.mcu.externaltools.gnu-tools-for-stm32.10.3-2021.10.win32_1.0.100.202210260954/tools/bin/../lib/gcc/arm-none-eabi/10.3.1/../../../../arm-none-eabi/lib/thumb/v7e-m+fp/hard\libc_nano.a
LOAD c:/st/stm32cubeide_1.11.0/stm32cubeide/plugins/com.st.stm32cube.ide.mcu.externaltools.gnu-tools-for-stm32.10.3-2021.10.win32_1.0.100.202210260954/tools/bin/../lib/gcc/arm-none-eabi/10.3.1/../../../../arm-none-eabi/lib/thumb/v7e-m+fp/hard\libnosys.a
END GROUP
LOAD c:/st/stm32cubeide_1.11.0/stm32cubeide/plugins/com.st.stm32cube.ide.mcu.externaltools.gnu-tools-for-stm32.10.3-2021.10.win32_1.0.100.202210260954/tools/bin/../lib/gcc/arm-none-eabi/10.3.1/thumb/v7e-m+fp/hard/crtend.o
LOAD c:/st/stm32cubeide_1.11.0/stm32cubeide/plugins/com.st.stm32cube.ide.mcu.externaltools.gnu-tools-for-stm32.10.3-2021.10.win32_1.0.100.202210260954/tools/bin/../lib/gcc/arm-none-eabi/10.3.1/thumb/v7e-m+fp/hard/crtn.o
                0x0000000020050000                _estack = (ORIGIN (RAM) + LENGTH (RAM))
                0x0000000000000800                _Min_Heap_Size = 0x800
                0x0000000000000800                _Min_Stack_Size = 0x800

.AI_RAM         0x0000000020000000      0x680
                0x0000000020000000                . = ALIGN (0x4)
 *(.AI_RAM)
 .AI_RAM        0x0000000020000000      0x680 ./X-CUBE-AI/App/app_x-cube-ai.o

.isr_vector     0x0000000008000000      0x1c8
                0x0000000008000000                . = ALIGN (0x4)
 *(.isr_vector)
 .isr_vector    0x0000000008000000      0x1c8 ./Core/Startup/startup_stm32f746nghx.o
                0x0000000008000000                g_pfnVectors
                0x00000000080001c8                . = ALIGN (0x4)

.text           0x00000000080001d0     0xc4f0
                0x00000000080001d0                . = ALIGN (0x4)
 *(.text)
 .text          0x00000000080001d0       0x40 c:/st/stm32cubeide_1.11.0/stm32cubeide/plugins/com.st.stm32cube.ide.mcu.externaltools.gnu-tools-for-stm32.10.3-2021.10.win32_1.0.100.202210260954/tools/bin/../lib/gcc/arm-none-eabi/10.3.1/thumb/v7e-m+fp/hard/crtbegin.o
 .text          0x0000000008000210       0x10 c:/st/stm32cubeide_1.11.0/stm32cubeide/plugins/com.st.stm32cube.ide.mcu.externaltools.gnu-tools-for-stm32.10.3-2021.10.win32_1.0.100.202210260954/tools/bin/../lib/gcc/arm-none-eabi/10.3.1/../../../../arm-none-eabi/lib/thumb/v7e-m+fp/hard\libc_nano.a(lib_a-strlen.o)
                0x0000000008000210                strlen
 .text          0x0000000008000220       0xa0 c:/st/stm32cubeide_1.11.0/stm32cubeide/plugins/com.st.stm32cube.ide.mcu.externaltools.gnu-tools-for-stm32.10.3-2021.10.win32_1.0.100.202210260954/tools/bin/../lib/gcc/arm-none-eabi/10.3.1/../../../../arm-none-eabi/lib/thumb/v7e-m+fp/hard\libc_nano.a(lib_a-memchr.o)
                0x0000000008000220                memchr
 .text          0x00000000080002c0      0x378 c:/st/stm32cubeide_1.11.0/stm32cubeide/plugins/com.st.stm32cube.ide.mcu.externaltools.gnu-tools-for-stm32.10.3-2021.10.win32_1.0.100.202210260954/tools/bin/../lib/gcc/arm-none-eabi/10.3.1/thumb/v7e-m+fp/hard\libgcc.a(_arm_addsubdf3.o)
                0x00000000080002c0                __aeabi_drsub
                0x00000000080002c8                __aeabi_dsub
                0x00000000080002c8                __subdf3
                0x00000000080002cc                __aeabi_dadd
                0x00000000080002cc                __adddf3
                0x0000000008000544                __floatunsidf
                0x0000000008000544                __aeabi_ui2d
                0x0000000008000564                __floatsidf
                0x0000000008000564                __aeabi_i2d
                0x0000000008000588                __aeabi_f2d
                0x0000000008000588                __extendsfdf2
                0x00000000080005cc                __floatundidf
                0x00000000080005cc                __aeabi_ul2d
                0x00000000080005dc                __floatdidf
                0x00000000080005dc                __aeabi_l2d
 .text          0x0000000008000638      0x424 c:/st/stm32cubeide_1.11.0/stm32cubeide/plugins/com.st.stm32cube.ide.mcu.externaltools.gnu-tools-for-stm32.10.3-2021.10.win32_1.0.100.202210260954/tools/bin/../lib/gcc/arm-none-eabi/10.3.1/thumb/v7e-m+fp/hard\libgcc.a(_arm_muldivdf3.o)
                0x0000000008000638                __aeabi_dmul
                0x0000000008000638                __muldf3
                0x000000000800088c                __divdf3
                0x000000000800088c                __aeabi_ddiv
 .text          0x0000000008000a5c      0x110 c:/st/stm32cubeide_1.11.0/stm32cubeide/plugins/com.st.stm32cube.ide.mcu.externaltools.gnu-tools-for-stm32.10.3-2021.10.win32_1.0.100.202210260954/tools/bin/../lib/gcc/arm-none-eabi/10.3.1/thumb/v7e-m+fp/hard\libgcc.a(_arm_cmpdf2.o)
                0x0000000008000a5c                __gtdf2
                0x0000000008000a5c                __gedf2
                0x0000000008000a64                __ltdf2
                0x0000000008000a64                __ledf2
                0x0000000008000a6c                __nedf2
                0x0000000008000a6c                __eqdf2
                0x0000000008000a6c                __cmpdf2
                0x0000000008000ae8                __aeabi_cdrcmple
                0x0000000008000af8                __aeabi_cdcmpeq
                0x0000000008000af8                __aeabi_cdcmple
                0x0000000008000b08                __aeabi_dcmpeq
                0x0000000008000b1c                __aeabi_dcmplt
                0x0000000008000b30                __aeabi_dcmple
                0x0000000008000b44                __aeabi_dcmpge
                0x0000000008000b58                __aeabi_dcmpgt
 .text          0x0000000008000b6c       0x2c c:/st/stm32cubeide_1.11.0/stm32cubeide/plugins/com.st.stm32cube.ide.mcu.externaltools.gnu-tools-for-stm32.10.3-2021.10.win32_1.0.100.202210260954/tools/bin/../lib/gcc/arm-none-eabi/10.3.1/thumb/v7e-m+fp/hard\libgcc.a(_arm_unorddf2.o)
                0x0000000008000b6c                __unorddf2
                0x0000000008000b6c                __aeabi_dcmpun
 .text          0x0000000008000b98       0x50 c:/st/stm32cubeide_1.11.0/stm32cubeide/plugins/com.st.stm32cube.ide.mcu.externaltools.gnu-tools-for-stm32.10.3-2021.10.win32_1.0.100.202210260954/tools/bin/../lib/gcc/arm-none-eabi/10.3.1/thumb/v7e-m+fp/hard\libgcc.a(_arm_fixdfsi.o)
                0x0000000008000b98                __aeabi_d2iz
                0x0000000008000b98                __fixdfsi
 .text          0x0000000008000be8       0x30 c:/st/stm32cubeide_1.11.0/stm32cubeide/plugins/com.st.stm32cube.ide.mcu.externaltools.gnu-tools-for-stm32.10.3-2021.10.win32_1.0.100.202210260954/tools/bin/../lib/gcc/arm-none-eabi/10.3.1/thumb/v7e-m+fp/hard\libgcc.a(_aeabi_uldivmod.o)
                0x0000000008000be8                __aeabi_uldivmod
 .text          0x0000000008000c18       0x28 c:/st/stm32cubeide_1.11.0/stm32cubeide/plugins/com.st.stm32cube.ide.mcu.externaltools.gnu-tools-for-stm32.10.3-2021.10.win32_1.0.100.202210260954/tools/bin/../lib/gcc/arm-none-eabi/10.3.1/thumb/v7e-m+fp/hard\libgcc.a(_fixsfdi.o)
                0x0000000008000c18                __fixsfdi
                0x0000000008000c18                __aeabi_f2lz
 .text          0x0000000008000c40       0x40 c:/st/stm32cubeide_1.11.0/stm32cubeide/plugins/com.st.stm32cube.ide.mcu.externaltools.gnu-tools-for-stm32.10.3-2021.10.win32_1.0.100.202210260954/tools/bin/../lib/gcc/arm-none-eabi/10.3.1/thumb/v7e-m+fp/hard\libgcc.a(_fixunssfdi.o)
                0x0000000008000c40                __fixunssfdi
                0x0000000008000c40                __aeabi_f2ulz
 .text          0x0000000008000c80       0x3c c:/st/stm32cubeide_1.11.0/stm32cubeide/plugins/com.st.stm32cube.ide.mcu.externaltools.gnu-tools-for-stm32.10.3-2021.10.win32_1.0.100.202210260954/tools/bin/../lib/gcc/arm-none-eabi/10.3.1/thumb/v7e-m+fp/hard\libgcc.a(_fixunsdfdi.o)
                0x0000000008000c80                __fixunsdfdi
                0x0000000008000c80                __aeabi_d2ulz
 .text          0x0000000008000cbc      0x2d0 c:/st/stm32cubeide_1.11.0/stm32cubeide/plugins/com.st.stm32cube.ide.mcu.externaltools.gnu-tools-for-stm32.10.3-2021.10.win32_1.0.100.202210260954/tools/bin/../lib/gcc/arm-none-eabi/10.3.1/thumb/v7e-m+fp/hard\libgcc.a(_udivmoddi4.o)
                0x0000000008000cbc                __udivmoddi4
 .text          0x0000000008000f8c        0x4 c:/st/stm32cubeide_1.11.0/stm32cubeide/plugins/com.st.stm32cube.ide.mcu.externaltools.gnu-tools-for-stm32.10.3-2021.10.win32_1.0.100.202210260954/tools/bin/../lib/gcc/arm-none-eabi/10.3.1/thumb/v7e-m+fp/hard\libgcc.a(_dvmd_tls.o)
                0x0000000008000f8c                __aeabi_idiv0
                0x0000000008000f8c                __aeabi_ldiv0
 .text          0x0000000008000f90       0x40 c:/st/stm32cubeide_1.11.0/stm32cubeide/plugins/com.st.stm32cube.ide.mcu.externaltools.gnu-tools-for-stm32.10.3-2021.10.win32_1.0.100.202210260954/tools/bin/../lib/gcc/arm-none-eabi/10.3.1/thumb/v7e-m+fp/hard\libgcc.a(_arm_fixunsdfsi.o)
                0x0000000008000f90                __aeabi_d2uiz
                0x0000000008000f90                __fixunsdfsi
 *(.text*)
 .text.SystemClock_Config
                0x0000000008000fd0       0xa8 ./Core/Src/main.o
                0x0000000008000fd0                SystemClock_Config
 .text.startup.main
                0x0000000008001078      0x740 ./Core/Src/main.o
                0x0000000008001078                main
 .text.MX_USART1_UART_Init
                0x00000000080017b8       0x38 ./Core/Src/main.o
                0x00000000080017b8                MX_USART1_UART_Init
 .text.Error_Handler
                0x00000000080017f0        0x4 ./Core/Src/main.o
                0x00000000080017f0                Error_Handler
 .text.HAL_MspInit
                0x00000000080017f4       0x30 ./Core/Src/stm32f7xx_hal_msp.o
                0x00000000080017f4                HAL_MspInit
 .text.HAL_CRC_MspInit
                0x0000000008001824       0x2c ./Core/Src/stm32f7xx_hal_msp.o
                0x0000000008001824                HAL_CRC_MspInit
 .text.HAL_UART_MspInit
                0x0000000008001850       0xb0 ./Core/Src/stm32f7xx_hal_msp.o
                0x0000000008001850                HAL_UART_MspInit
 .text.NMI_Handler
                0x0000000008001900        0x2 ./Core/Src/stm32f7xx_it.o
                0x0000000008001900                NMI_Handler
 .text.HardFault_Handler
                0x0000000008001902        0x2 ./Core/Src/stm32f7xx_it.o
                0x0000000008001902                HardFault_Handler
 .text.MemManage_Handler
                0x0000000008001904        0x2 ./Core/Src/stm32f7xx_it.o
                0x0000000008001904                MemManage_Handler
 .text.BusFault_Handler
                0x0000000008001906        0x2 ./Core/Src/stm32f7xx_it.o
                0x0000000008001906                BusFault_Handler
 .text.UsageFault_Handler
                0x0000000008001908        0x2 ./Core/Src/stm32f7xx_it.o
                0x0000000008001908                UsageFault_Handler
 .text.SVC_Handler
                0x000000000800190a        0x2 ./Core/Src/stm32f7xx_it.o
                0x000000000800190a                SVC_Handler
 .text.DebugMon_Handler
                0x000000000800190c        0x2 ./Core/Src/stm32f7xx_it.o
                0x000000000800190c                DebugMon_Handler
 .text.PendSV_Handler
                0x000000000800190e        0x2 ./Core/Src/stm32f7xx_it.o
                0x000000000800190e                PendSV_Handler
 .text.SysTick_Handler
                0x0000000008001910        0x4 ./Core/Src/stm32f7xx_it.o
                0x0000000008001910                SysTick_Handler
 .text._getpid  0x0000000008001914        0x4 ./Core/Src/syscalls.o
                0x0000000008001914                _getpid
 .text._kill    0x0000000008001918       0x10 ./Core/Src/syscalls.o
                0x0000000008001918                _kill
 .text._exit    0x0000000008001928        0xc ./Core/Src/syscalls.o
                0x0000000008001928                _exit
 .text._read    0x0000000008001934       0x1c ./Core/Src/syscalls.o
                0x0000000008001934                _read
 .text._close   0x0000000008001950        0x6 ./Core/Src/syscalls.o
                0x0000000008001950                _close
 .text._fstat   0x0000000008001956        0xa ./Core/Src/syscalls.o
                0x0000000008001956                _fstat
 .text._isatty  0x0000000008001960        0x4 ./Core/Src/syscalls.o
                0x0000000008001960                _isatty
 .text._lseek   0x0000000008001964        0x4 ./Core/Src/syscalls.o
                0x0000000008001964                _lseek
 .text._sbrk    0x0000000008001968       0x40 ./Core/Src/sysmem.o
                0x0000000008001968                _sbrk
 .text.SystemInit
                0x00000000080019a8       0x14 ./Core/Src/system_stm32f7xx.o
                0x00000000080019a8                SystemInit
 .text.Reset_Handler
                0x00000000080019bc       0x50 ./Core/Startup/startup_stm32f746nghx.o
                0x00000000080019bc                Reset_Handler
 .text.Default_Handler
                0x0000000008001a0c        0x2 ./Core/Startup/startup_stm32f746nghx.o
                0x0000000008001a0c                RTC_Alarm_IRQHandler
                0x0000000008001a0c                EXTI2_IRQHandler
                0x0000000008001a0c                TIM8_CC_IRQHandler
                0x0000000008001a0c                UART8_IRQHandler
                0x0000000008001a0c                SPI4_IRQHandler
                0x0000000008001a0c                TIM1_CC_IRQHandler
                0x0000000008001a0c                DMA2_Stream5_IRQHandler
                0x0000000008001a0c                DMA1_Stream5_IRQHandler
                0x0000000008001a0c                PVD_IRQHandler
                0x0000000008001a0c                TAMP_STAMP_IRQHandler
                0x0000000008001a0c                CAN2_RX1_IRQHandler
                0x0000000008001a0c                EXTI3_IRQHandler
                0x0000000008001a0c                TIM8_TRG_COM_TIM14_IRQHandler
                0x0000000008001a0c                TIM1_UP_TIM10_IRQHandler
                0x0000000008001a0c                TIM8_UP_TIM13_IRQHandler
                0x0000000008001a0c                I2C3_ER_IRQHandler
                0x0000000008001a0c                EXTI0_IRQHandler
                0x0000000008001a0c                I2C2_EV_IRQHandler
                0x0000000008001a0c                DMA1_Stream2_IRQHandler
                0x0000000008001a0c                CAN1_RX0_IRQHandler
                0x0000000008001a0c                FPU_IRQHandler
                0x0000000008001a0c                OTG_HS_WKUP_IRQHandler
                0x0000000008001a0c                LTDC_ER_IRQHandler
                0x0000000008001a0c                CAN2_SCE_IRQHandler
                0x0000000008001a0c                DMA2_Stream2_IRQHandler
                0x0000000008001a0c                SPI1_IRQHandler
                0x0000000008001a0c                TIM6_DAC_IRQHandler
                0x0000000008001a0c                TIM1_BRK_TIM9_IRQHandler
                0x0000000008001a0c                DCMI_IRQHandler
                0x0000000008001a0c                CAN2_RX0_IRQHandler
                0x0000000008001a0c                DMA2_Stream3_IRQHandler
                0x0000000008001a0c                SAI2_IRQHandler
                0x0000000008001a0c                USART6_IRQHandler
                0x0000000008001a0c                USART3_IRQHandler
                0x0000000008001a0c                CAN1_RX1_IRQHandler
                0x0000000008001a0c                UART5_IRQHandler
                0x0000000008001a0c                DMA2_Stream0_IRQHandler
                0x0000000008001a0c                TIM4_IRQHandler
                0x0000000008001a0c                QUADSPI_IRQHandler
                0x0000000008001a0c                I2C1_EV_IRQHandler
                0x0000000008001a0c                DMA1_Stream6_IRQHandler
                0x0000000008001a0c                DMA1_Stream1_IRQHandler
                0x0000000008001a0c                UART4_IRQHandler
                0x0000000008001a0c                TIM3_IRQHandler
                0x0000000008001a0c                RCC_IRQHandler
                0x0000000008001a0c                TIM8_BRK_TIM12_IRQHandler
                0x0000000008001a0c                Default_Handler
                0x0000000008001a0c                CEC_IRQHandler
                0x0000000008001a0c                EXTI15_10_IRQHandler
                0x0000000008001a0c                ADC_IRQHandler
                0x0000000008001a0c                DMA1_Stream7_IRQHandler
                0x0000000008001a0c                SPI5_IRQHandler
                0x0000000008001a0c                TIM7_IRQHandler
                0x0000000008001a0c                SDMMC1_IRQHandler
                0x0000000008001a0c                CAN2_TX_IRQHandler
                0x0000000008001a0c                TIM5_IRQHandler
                0x0000000008001a0c                DMA2_Stream7_IRQHandler
                0x0000000008001a0c                I2C3_EV_IRQHandler
                0x0000000008001a0c                EXTI9_5_IRQHandler
                0x0000000008001a0c                RTC_WKUP_IRQHandler
                0x0000000008001a0c                LTDC_IRQHandler
                0x0000000008001a0c                ETH_WKUP_IRQHandler
                0x0000000008001a0c                SPDIF_RX_IRQHandler
                0x0000000008001a0c                SPI2_IRQHandler
                0x0000000008001a0c                OTG_HS_EP1_IN_IRQHandler
                0x0000000008001a0c                DMA1_Stream0_IRQHandler
                0x0000000008001a0c                CAN1_TX_IRQHandler
                0x0000000008001a0c                EXTI4_IRQHandler
                0x0000000008001a0c                RNG_IRQHandler
                0x0000000008001a0c                ETH_IRQHandler
                0x0000000008001a0c                OTG_HS_EP1_OUT_IRQHandler
                0x0000000008001a0c                WWDG_IRQHandler
                0x0000000008001a0c                SPI6_IRQHandler
                0x0000000008001a0c                I2C4_EV_IRQHandler
                0x0000000008001a0c                TIM2_IRQHandler
                0x0000000008001a0c                OTG_FS_WKUP_IRQHandler
                0x0000000008001a0c                TIM1_TRG_COM_TIM11_IRQHandler
                0x0000000008001a0c                OTG_HS_IRQHandler
                0x0000000008001a0c                DMA2D_IRQHandler
                0x0000000008001a0c                EXTI1_IRQHandler
                0x0000000008001a0c                UART7_IRQHandler
                0x0000000008001a0c                USART2_IRQHandler
                0x0000000008001a0c                I2C2_ER_IRQHandler
                0x0000000008001a0c                DMA2_Stream1_IRQHandler
                0x0000000008001a0c                CAN1_SCE_IRQHandler
                0x0000000008001a0c                FLASH_IRQHandler
                0x0000000008001a0c                DMA2_Stream4_IRQHandler
                0x0000000008001a0c                USART1_IRQHandler
                0x0000000008001a0c                OTG_FS_IRQHandler
                0x0000000008001a0c                SPI3_IRQHandler
                0x0000000008001a0c                DMA1_Stream4_IRQHandler
                0x0000000008001a0c                I2C1_ER_IRQHandler
                0x0000000008001a0c                FMC_IRQHandler
                0x0000000008001a0c                LPTIM1_IRQHandler
                0x0000000008001a0c                I2C4_ER_IRQHandler
                0x0000000008001a0c                DMA2_Stream6_IRQHandler
                0x0000000008001a0c                SAI1_IRQHandler
                0x0000000008001a0c                DMA1_Stream3_IRQHandler
 *fill*         0x0000000008001a0e        0x2 
 .text.BSP_SDRAM_Initialization_sequence
                0x0000000008001a10       0x94 ./Drivers/BSP/STM32746G-Discovery/stm32746g_discovery_sdram.o
                0x0000000008001a10                BSP_SDRAM_Initialization_sequence
 .text.BSP_SDRAM_MspInit
                0x0000000008001aa4      0x178 ./Drivers/BSP/STM32746G-Discovery/stm32746g_discovery_sdram.o
                0x0000000008001aa4                BSP_SDRAM_MspInit
 .text.BSP_SDRAM_Init
                0x0000000008001c1c       0x78 ./Drivers/BSP/STM32746G-Discovery/stm32746g_discovery_sdram.o
                0x0000000008001c1c                BSP_SDRAM_Init
 .text.HAL_InitTick
                0x0000000008001c94       0x48 ./Drivers/STM32F7xx_HAL_Driver/Src/stm32f7xx_hal.o
                0x0000000008001c94                HAL_InitTick
 .text.HAL_Init
                0x0000000008001cdc       0x16 ./Drivers/STM32F7xx_HAL_Driver/Src/stm32f7xx_hal.o
                0x0000000008001cdc                HAL_Init
 *fill*         0x0000000008001cf2        0x2 
 .text.HAL_IncTick
                0x0000000008001cf4       0x18 ./Drivers/STM32F7xx_HAL_Driver/Src/stm32f7xx_hal.o
                0x0000000008001cf4                HAL_IncTick
 .text.HAL_GetTick
                0x0000000008001d0c        0xc ./Drivers/STM32F7xx_HAL_Driver/Src/stm32f7xx_hal.o
                0x0000000008001d0c                HAL_GetTick
 .text.HAL_Delay
                0x0000000008001d18       0x24 ./Drivers/STM32F7xx_HAL_Driver/Src/stm32f7xx_hal.o
                0x0000000008001d18                HAL_Delay
 .text.HAL_GetHalVersion
                0x0000000008001d3c        0x8 ./Drivers/STM32F7xx_HAL_Driver/Src/stm32f7xx_hal.o
                0x0000000008001d3c                HAL_GetHalVersion
 .text.HAL_GetREVID
                0x0000000008001d44        0xc ./Drivers/STM32F7xx_HAL_Driver/Src/stm32f7xx_hal.o
                0x0000000008001d44                HAL_GetREVID
 .text.HAL_GetDEVID
                0x0000000008001d50       0x10 ./Drivers/STM32F7xx_HAL_Driver/Src/stm32f7xx_hal.o
                0x0000000008001d50                HAL_GetDEVID
 .text.HAL_NVIC_SetPriorityGrouping
                0x0000000008001d60       0x24 ./Drivers/STM32F7xx_HAL_Driver/Src/stm32f7xx_hal_cortex.o
                0x0000000008001d60                HAL_NVIC_SetPriorityGrouping
 .text.HAL_NVIC_SetPriority
                0x0000000008001d84       0x64 ./Drivers/STM32F7xx_HAL_Driver/Src/stm32f7xx_hal_cortex.o
                0x0000000008001d84                HAL_NVIC_SetPriority
 .text.HAL_NVIC_EnableIRQ
                0x0000000008001de8       0x1c ./Drivers/STM32F7xx_HAL_Driver/Src/stm32f7xx_hal_cortex.o
                0x0000000008001de8                HAL_NVIC_EnableIRQ
 .text.HAL_SYSTICK_Config
                0x0000000008001e04       0x28 ./Drivers/STM32F7xx_HAL_Driver/Src/stm32f7xx_hal_cortex.o
                0x0000000008001e04                HAL_SYSTICK_Config
 .text.HAL_MPU_Disable
                0x0000000008001e2c       0x1c ./Drivers/STM32F7xx_HAL_Driver/Src/stm32f7xx_hal_cortex.o
                0x0000000008001e2c                HAL_MPU_Disable
 .text.HAL_MPU_Enable
                0x0000000008001e48       0x20 ./Drivers/STM32F7xx_HAL_Driver/Src/stm32f7xx_hal_cortex.o
                0x0000000008001e48                HAL_MPU_Enable
 .text.HAL_MPU_ConfigRegion
                0x0000000008001e68       0x58 ./Drivers/STM32F7xx_HAL_Driver/Src/stm32f7xx_hal_cortex.o
                0x0000000008001e68                HAL_MPU_ConfigRegion
 .text.HAL_CRC_Init
                0x0000000008001ec0       0x74 ./Drivers/STM32F7xx_HAL_Driver/Src/stm32f7xx_hal_crc.o
                0x0000000008001ec0                HAL_CRC_Init
 .text.HAL_CRCEx_Polynomial_Set
                0x0000000008001f34       0x48 ./Drivers/STM32F7xx_HAL_Driver/Src/stm32f7xx_hal_crc_ex.o
                0x0000000008001f34                HAL_CRCEx_Polynomial_Set
 .text.DMA_CalcBaseAndBitshift
                0x0000000008001f7c       0x2c ./Drivers/STM32F7xx_HAL_Driver/Src/stm32f7xx_hal_dma.o
 .text.HAL_DMA_Init
                0x0000000008001fa8      0x100 ./Drivers/STM32F7xx_HAL_Driver/Src/stm32f7xx_hal_dma.o
                0x0000000008001fa8                HAL_DMA_Init
 .text.HAL_DMA_DeInit
                0x00000000080020a8       0x54 ./Drivers/STM32F7xx_HAL_Driver/Src/stm32f7xx_hal_dma.o
                0x00000000080020a8                HAL_DMA_DeInit
 .text.HAL_GPIO_Init
                0x00000000080020fc      0x1c8 ./Drivers/STM32F7xx_HAL_Driver/Src/stm32f7xx_hal_gpio.o
                0x00000000080020fc                HAL_GPIO_Init
 .text.HAL_GPIO_WritePin
                0x00000000080022c4        0xa ./Drivers/STM32F7xx_HAL_Driver/Src/stm32f7xx_hal_gpio.o
                0x00000000080022c4                HAL_GPIO_WritePin
 *fill*         0x00000000080022ce        0x2 
 .text.HAL_PWREx_EnableOverDrive
                0x00000000080022d0       0x70 ./Drivers/STM32F7xx_HAL_Driver/Src/stm32f7xx_hal_pwr_ex.o
                0x00000000080022d0                HAL_PWREx_EnableOverDrive
 .text.HAL_RCC_OscConfig
                0x0000000008002340      0x37c ./Drivers/STM32F7xx_HAL_Driver/Src/stm32f7xx_hal_rcc.o
                0x0000000008002340                HAL_RCC_OscConfig
 .text.HAL_RCC_GetSysClockFreq
                0x00000000080026bc       0x5c ./Drivers/STM32F7xx_HAL_Driver/Src/stm32f7xx_hal_rcc.o
                0x00000000080026bc                HAL_RCC_GetSysClockFreq
 .text.HAL_RCC_ClockConfig
                0x0000000008002718      0x140 ./Drivers/STM32F7xx_HAL_Driver/Src/stm32f7xx_hal_rcc.o
                0x0000000008002718                HAL_RCC_ClockConfig
 .text.HAL_RCC_GetHCLKFreq
                0x0000000008002858        0xc ./Drivers/STM32F7xx_HAL_Driver/Src/stm32f7xx_hal_rcc.o
                0x0000000008002858                HAL_RCC_GetHCLKFreq
 .text.HAL_RCC_GetPCLK1Freq
                0x0000000008002864       0x20 ./Drivers/STM32F7xx_HAL_Driver/Src/stm32f7xx_hal_rcc.o
                0x0000000008002864                HAL_RCC_GetPCLK1Freq
 .text.HAL_RCC_GetPCLK2Freq
                0x0000000008002884       0x20 ./Drivers/STM32F7xx_HAL_Driver/Src/stm32f7xx_hal_rcc.o
                0x0000000008002884                HAL_RCC_GetPCLK2Freq
 .text.HAL_RCCEx_PeriphCLKConfig
                0x00000000080028a4      0x510 ./Drivers/STM32F7xx_HAL_Driver/Src/stm32f7xx_hal_rcc_ex.o
                0x00000000080028a4                HAL_RCCEx_PeriphCLKConfig
 .text.HAL_SDRAM_MspInit
                0x0000000008002db4        0x2 ./Drivers/STM32F7xx_HAL_Driver/Src/stm32f7xx_hal_sdram.o
                0x0000000008002db4                HAL_SDRAM_MspInit
 .text.HAL_SDRAM_Init
                0x0000000008002db6       0x40 ./Drivers/STM32F7xx_HAL_Driver/Src/stm32f7xx_hal_sdram.o
                0x0000000008002db6                HAL_SDRAM_Init
 .text.HAL_SDRAM_SendCommand
                0x0000000008002df6       0x3e ./Drivers/STM32F7xx_HAL_Driver/Src/stm32f7xx_hal_sdram.o
                0x0000000008002df6                HAL_SDRAM_SendCommand
 .text.HAL_SDRAM_ProgramRefreshRate
                0x0000000008002e34       0x30 ./Drivers/STM32F7xx_HAL_Driver/Src/stm32f7xx_hal_sdram.o
                0x0000000008002e34                HAL_SDRAM_ProgramRefreshRate
 .text.UART_SetConfig
                0x0000000008002e64      0x284 ./Drivers/STM32F7xx_HAL_Driver/Src/stm32f7xx_hal_uart.o
                0x0000000008002e64                UART_SetConfig
 .text.UART_AdvFeatureConfig
                0x00000000080030e8       0xaa ./Drivers/STM32F7xx_HAL_Driver/Src/stm32f7xx_hal_uart.o
                0x00000000080030e8                UART_AdvFeatureConfig
 .text.UART_WaitOnFlagUntilTimeout
                0x0000000008003192       0xc0 ./Drivers/STM32F7xx_HAL_Driver/Src/stm32f7xx_hal_uart.o
                0x0000000008003192                UART_WaitOnFlagUntilTimeout
 .text.HAL_UART_Transmit
                0x0000000008003252       0xa0 ./Drivers/STM32F7xx_HAL_Driver/Src/stm32f7xx_hal_uart.o
                0x0000000008003252                HAL_UART_Transmit
 .text.HAL_UART_Receive
                0x00000000080032f2       0xde ./Drivers/STM32F7xx_HAL_Driver/Src/stm32f7xx_hal_uart.o
                0x00000000080032f2                HAL_UART_Receive
 .text.UART_CheckIdleState
                0x00000000080033d0       0x48 ./Drivers/STM32F7xx_HAL_Driver/Src/stm32f7xx_hal_uart.o
                0x00000000080033d0                UART_CheckIdleState
 .text.HAL_UART_Init
                0x0000000008003418       0x5c ./Drivers/STM32F7xx_HAL_Driver/Src/stm32f7xx_hal_uart.o
                0x0000000008003418                HAL_UART_Init
 .text.FMC_SDRAM_Init
                0x0000000008003474       0x76 ./Drivers/STM32F7xx_HAL_Driver/Src/stm32f7xx_ll_fmc.o
                0x0000000008003474                FMC_SDRAM_Init
 .text.FMC_SDRAM_Timing_Init
                0x00000000080034ea       0x6c ./Drivers/STM32F7xx_HAL_Driver/Src/stm32f7xx_ll_fmc.o
                0x00000000080034ea                FMC_SDRAM_Timing_Init
 .text.FMC_SDRAM_SendCommand
                0x0000000008003556       0x24 ./Drivers/STM32F7xx_HAL_Driver/Src/stm32f7xx_ll_fmc.o
                0x0000000008003556                FMC_SDRAM_SendCommand
 .text.FMC_SDRAM_ProgramRefreshRate
                0x000000000800357a       0x14 ./Drivers/STM32F7xx_HAL_Driver/Src/stm32f7xx_ll_fmc.o
                0x000000000800357a                FMC_SDRAM_ProgramRefreshRate
 *fill*         0x000000000800358e        0x2 
 .text._mon_alloc_reset
                0x0000000008003590       0x24 ./X-CUBE-AI/App/aiSystemPerformance.o
 .text.cyclesCounterEnd
                0x00000000080035b4       0x44 ./X-CUBE-AI/App/aiSystemPerformance.o
 .text.user_observer_cb
                0x00000000080035f8       0x90 ./X-CUBE-AI/App/aiSystemPerformance.o
 .text.aiDeInit
                0x0000000008003688       0x34 ./X-CUBE-AI/App/aiSystemPerformance.o
 .text.aiTestConsole
                0x00000000080036bc       0x5c ./X-CUBE-AI/App/aiSystemPerformance.o
 .text.aiObserverInit
                0x0000000008003718       0x80 ./X-CUBE-AI/App/aiSystemPerformance.o
                0x0000000008003718                aiObserverInit
 .text.aiObserverDone
                0x0000000008003798      0x200 ./X-CUBE-AI/App/aiSystemPerformance.o
                0x0000000008003798                aiObserverDone
 .text.aiSystemPerformanceInit
                0x0000000008003998      0x170 ./X-CUBE-AI/App/aiSystemPerformance.o
                0x0000000008003998                aiSystemPerformanceInit
 .text.aiSystemPerformanceProcess
                0x0000000008003b08      0x5d0 ./X-CUBE-AI/App/aiSystemPerformance.o
                0x0000000008003b08                aiSystemPerformanceProcess
 .text.aiPlatformVersion
                0x00000000080040d8       0x2c ./X-CUBE-AI/App/aiTestHelper.o
                0x00000000080040d8                aiPlatformVersion
 .text.aiLogErr
                0x0000000008004104       0x2c ./X-CUBE-AI/App/aiTestHelper.o
                0x0000000008004104                aiLogErr
 .text.aiPrintBufferInfo
                0x0000000008004130      0x1f4 ./X-CUBE-AI/App/aiTestHelper.o
                0x0000000008004130                aiPrintBufferInfo
 .text.aiPrintNetworkInfo
                0x0000000008004324      0x170 ./X-CUBE-AI/App/aiTestHelper.o
                0x0000000008004324                aiPrintNetworkInfo
 .text._put_c_driver
                0x0000000008004494       0x2c ./X-CUBE-AI/App/aiTestUtility.o
 .text.ioRawGetUint8
                0x00000000080044c0       0x20 ./X-CUBE-AI/App/aiTestUtility.o
                0x00000000080044c0                ioRawGetUint8
 .text._write   0x00000000080044e0       0x40 ./X-CUBE-AI/App/aiTestUtility.o
                0x00000000080044e0                _write
 .text.lc_print
                0x0000000008004520       0x24 ./X-CUBE-AI/App/aiTestUtility.o
                0x0000000008004520                lc_print
 .text.__wrap_malloc
                0x0000000008004544       0x50 ./X-CUBE-AI/App/aiTestUtility.o
                0x0000000008004544                __wrap_malloc
 .text.__wrap_free
                0x0000000008004594       0x4c ./X-CUBE-AI/App/aiTestUtility.o
                0x0000000008004594                __wrap_free
 .text.stackMonInit
                0x00000000080045e0       0x5c ./X-CUBE-AI/App/aiTestUtility.o
                0x00000000080045e0                stackMonInit
 .text.dwtCyclesToTime
                0x000000000800463c       0x78 ./X-CUBE-AI/App/aiTestUtility.o
                0x000000000800463c                dwtCyclesToTime
 .text.getFlashCacheConf
                0x00000000080046b4       0x50 ./X-CUBE-AI/App/aiTestUtility.o
                0x00000000080046b4                getFlashCacheConf
 .text.getSysConf.part.0
                0x0000000008004704       0x24 ./X-CUBE-AI/App/aiTestUtility.o
 .text.systemSettingLog
                0x0000000008004728       0xf0 ./X-CUBE-AI/App/aiTestUtility.o
                0x0000000008004728                systemSettingLog
 .text.port_hal_crc_ip_init_imp
                0x0000000008004818       0x20 ./X-CUBE-AI/App/ai_device_adaptor.o
                0x0000000008004818                port_hal_crc_ip_init_imp
 .text.port_dwt_init_imp
                0x0000000008004838       0x30 ./X-CUBE-AI/App/ai_device_adaptor.o
                0x0000000008004838                port_dwt_init_imp
 .text.ai_mnetwork_handle
                0x0000000008004868       0x1c ./X-CUBE-AI/App/app_x-cube-ai.o
 .text.ai_mnetwork_is_valid.constprop.0
                0x0000000008004884       0x28 ./X-CUBE-AI/App/app_x-cube-ai.o
 .text.MX_X_CUBE_AI_Init
                0x00000000080048ac       0x12 ./X-CUBE-AI/App/app_x-cube-ai.o
                0x00000000080048ac                MX_X_CUBE_AI_Init
 .text.MX_X_CUBE_AI_Process
                0x00000000080048be       0x12 ./X-CUBE-AI/App/app_x-cube-ai.o
                0x00000000080048be                MX_X_CUBE_AI_Process
 .text.ai_mnetwork_find
                0x00000000080048d0       0x1c ./X-CUBE-AI/App/app_x-cube-ai.o
                0x00000000080048d0                ai_mnetwork_find
 .text.ai_mnetwork_create
                0x00000000080048ec       0x5c ./X-CUBE-AI/App/app_x-cube-ai.o
                0x00000000080048ec                ai_mnetwork_create
 .text.ai_mnetwork_destroy
                0x0000000008004948       0x2c ./X-CUBE-AI/App/app_x-cube-ai.o
                0x0000000008004948                ai_mnetwork_destroy
 .text.ai_mnetwork_get_report
                0x0000000008004974       0x16 ./X-CUBE-AI/App/app_x-cube-ai.o
                0x0000000008004974                ai_mnetwork_get_report
 .text.ai_mnetwork_get_error
                0x000000000800498a       0x1a ./X-CUBE-AI/App/app_x-cube-ai.o
                0x000000000800498a                ai_mnetwork_get_error
 .text.ai_mnetwork_init
                0x00000000080049a4       0x3e ./X-CUBE-AI/App/app_x-cube-ai.o
                0x00000000080049a4                ai_mnetwork_init
 .text.ai_mnetwork_run
                0x00000000080049e2       0x22 ./X-CUBE-AI/App/app_x-cube-ai.o
                0x00000000080049e2                ai_mnetwork_run
 .text.ai_mnetwork_get_private_handle
                0x0000000008004a04       0x34 ./X-CUBE-AI/App/app_x-cube-ai.o
                0x0000000008004a04                ai_mnetwork_get_private_handle
 .text._write_number
                0x0000000008004a38      0x128 ./X-CUBE-AI/App/lc_print.o
 .text.vlc_print
                0x0000000008004b60      0x450 ./X-CUBE-AI/App/lc_print.o
                0x0000000008004b60                vlc_print
 .text.ai_network_get_report
                0x0000000008004fb0       0x9c ./X-CUBE-AI/App/network.o
                0x0000000008004fb0                ai_network_get_report
 .text.ai_network_get_error
                0x000000000800504c        0x4 ./X-CUBE-AI/App/network.o
                0x000000000800504c                ai_network_get_error
 .text.ai_network_create
                0x0000000008005050       0x1c ./X-CUBE-AI/App/network.o
                0x0000000008005050                ai_network_create
 .text.ai_network_destroy
                0x000000000800506c        0x4 ./X-CUBE-AI/App/network.o
                0x000000000800506c                ai_network_destroy
 .text.ai_network_init
                0x0000000008005070      0x1ec ./X-CUBE-AI/App/network.o
                0x0000000008005070                ai_network_init
 .text.ai_network_run
                0x000000000800525c        0x4 ./X-CUBE-AI/App/network.o
                0x000000000800525c                ai_network_run
 .text.ai_network_forward
                0x0000000008005260        0x6 ./X-CUBE-AI/App/network.o
                0x0000000008005260                ai_network_forward
 *fill*         0x0000000008005266        0x2 
 .text.ai_network_data_params_get
                0x0000000008005268       0x30 ./X-CUBE-AI/App/network_data.o
                0x0000000008005268                ai_network_data_params_get
 .text.ai_buffer_get_size
                0x0000000008005298       0x68 ../Middlewares/ST/AI/Lib\NetworkRuntime810_CM7_GCC.a(ai_platform.o)
                0x0000000008005298                ai_buffer_get_size
 .text.ai_buffer_get_byte_size
                0x0000000008005300       0x10 ../Middlewares/ST/AI/Lib\NetworkRuntime810_CM7_GCC.a(ai_platform.o)
                0x0000000008005300                ai_buffer_get_byte_size
 .text.ai_buffer_array_sane
                0x0000000008005310       0x14 ../Middlewares/ST/AI/Lib\NetworkRuntime810_CM7_GCC.a(ai_platform.o)
                0x0000000008005310                ai_buffer_array_sane
 .text.ai_buffer_array_item_set_address
                0x0000000008005324       0x20 ../Middlewares/ST/AI/Lib\NetworkRuntime810_CM7_GCC.a(ai_platform.o)
                0x0000000008005324                ai_buffer_array_item_set_address
 .text._platform_observer_node_exec_cb
                0x0000000008005344      0x124 ../Middlewares/ST/AI/Lib\NetworkRuntime810_CM7_GCC.a(ai_platform_interface.o)
 .text._ai_platform_acquire_crc
                0x0000000008005468        0x4 ../Middlewares/ST/AI/Lib\NetworkRuntime810_CM7_GCC.a(ai_platform_interface.o)
                0x0000000008005468                _ai_platform_acquire_crc
 .text._ai_platform_release_crc
                0x000000000800546c        0x4 ../Middlewares/ST/AI/Lib\NetworkRuntime810_CM7_GCC.a(ai_platform_interface.o)
                0x000000000800546c                _ai_platform_release_crc
 .text.ai_platform_get_weights_map
                0x0000000008005470       0xb0 ../Middlewares/ST/AI/Lib\NetworkRuntime810_CM7_GCC.a(ai_platform_interface.o)
                0x0000000008005470                ai_platform_get_weights_map
 .text.ai_platform_get_activations_map
                0x0000000008005520       0xb0 ../Middlewares/ST/AI/Lib\NetworkRuntime810_CM7_GCC.a(ai_platform_interface.o)
                0x0000000008005520                ai_platform_get_activations_map
 .text.ai_platform_bind_network_params
                0x00000000080055d0       0x34 ../Middlewares/ST/AI/Lib\NetworkRuntime810_CM7_GCC.a(ai_platform_interface.o)
                0x00000000080055d0                ai_platform_bind_network_params
 .text.ai_platform_runtime_get_revision
                0x0000000008005604      0x108 ../Middlewares/ST/AI/Lib\NetworkRuntime810_CM7_GCC.a(ai_platform_interface.o)
                0x0000000008005604                ai_platform_runtime_get_revision
 .text.ai_platform_runtime_get_version
                0x000000000800570c      0x130 ../Middlewares/ST/AI/Lib\NetworkRuntime810_CM7_GCC.a(ai_platform_interface.o)
                0x000000000800570c                ai_platform_runtime_get_version
 .text.ai_platform_api_get_version
                0x000000000800583c      0x130 ../Middlewares/ST/AI/Lib\NetworkRuntime810_CM7_GCC.a(ai_platform_interface.o)
                0x000000000800583c                ai_platform_api_get_version
 .text.ai_platform_interface_api_get_version
                0x000000000800596c      0x130 ../Middlewares/ST/AI/Lib\NetworkRuntime810_CM7_GCC.a(ai_platform_interface.o)
                0x000000000800596c                ai_platform_interface_api_get_version
 .text.ai_platform_context_acquire
                0x0000000008005a9c      0x118 ../Middlewares/ST/AI/Lib\NetworkRuntime810_CM7_GCC.a(ai_platform_interface.o)
                0x0000000008005a9c                ai_platform_context_acquire
 .text.ai_platform_network_get_error
                0x0000000008005bb4      0x218 ../Middlewares/ST/AI/Lib\NetworkRuntime810_CM7_GCC.a(ai_platform_interface.o)
                0x0000000008005bb4                ai_platform_network_get_error
 .text.ai_platform_network_set_error
                0x0000000008005dcc        0xc ../Middlewares/ST/AI/Lib\NetworkRuntime810_CM7_GCC.a(ai_platform_interface.o)
                0x0000000008005dcc                ai_platform_network_set_error
 .text.ai_platform_api_get_network_report
                0x0000000008005dd8      0x858 ../Middlewares/ST/AI/Lib\NetworkRuntime810_CM7_GCC.a(ai_platform_interface.o)
                0x0000000008005dd8                ai_platform_api_get_network_report
 .text.ai_platform_network_create
                0x0000000008006630      0x3b4 ../Middlewares/ST/AI/Lib\NetworkRuntime810_CM7_GCC.a(ai_platform_interface.o)
                0x0000000008006630                ai_platform_network_create
 .text.ai_platform_network_destroy
                0x00000000080069e4      0x210 ../Middlewares/ST/AI/Lib\NetworkRuntime810_CM7_GCC.a(ai_platform_interface.o)
                0x00000000080069e4                ai_platform_network_destroy
 .text.ai_platform_network_init
                0x0000000008006bf4      0x338 ../Middlewares/ST/AI/Lib\NetworkRuntime810_CM7_GCC.a(ai_platform_interface.o)
                0x0000000008006bf4                ai_platform_network_init
 .text.ai_platform_network_post_init
                0x0000000008006f2c      0x254 ../Middlewares/ST/AI/Lib\NetworkRuntime810_CM7_GCC.a(ai_platform_interface.o)
                0x0000000008006f2c                ai_platform_network_post_init
 .text.ai_platform_network_process
                0x0000000008007180      0x5b8 ../Middlewares/ST/AI/Lib\NetworkRuntime810_CM7_GCC.a(ai_platform_interface.o)
                0x0000000008007180                ai_platform_network_process
 .text.ai_platform_observer_node_info
                0x0000000008007738      0x1ac ../Middlewares/ST/AI/Lib\NetworkRuntime810_CM7_GCC.a(ai_platform_interface.o)
                0x0000000008007738                ai_platform_observer_node_info
 .text.ai_platform_observer_register
                0x00000000080078e4      0x28c ../Middlewares/ST/AI/Lib\NetworkRuntime810_CM7_GCC.a(ai_platform_interface.o)
                0x00000000080078e4                ai_platform_observer_register
 .text.ai_platform_observer_unregister
                0x0000000008007b70      0x224 ../Middlewares/ST/AI/Lib\NetworkRuntime810_CM7_GCC.a(ai_platform_interface.o)
                0x0000000008007b70                ai_platform_observer_unregister
 .text.core_init
                0x0000000008007d94        0x4 ../Middlewares/ST/AI/Lib\NetworkRuntime810_CM7_GCC.a(core_common.o)
                0x0000000008007d94                core_init
 .text.core_get_error
                0x0000000008007d98        0xc ../Middlewares/ST/AI/Lib\NetworkRuntime810_CM7_GCC.a(core_common.o)
                0x0000000008007d98                core_get_error
 .text.core_set_error
                0x0000000008007da4       0x18 ../Middlewares/ST/AI/Lib\NetworkRuntime810_CM7_GCC.a(core_common.o)
                0x0000000008007da4                core_set_error
 .text.node_convert
                0x0000000008007dbc      0x2a0 ../Middlewares/ST/AI/Lib\NetworkRuntime810_CM7_GCC.a(core_convert.o)
                0x0000000008007dbc                node_convert
 .text.core_mem_alloc
                0x000000000800805c       0x1c ../Middlewares/ST/AI/Lib\NetworkRuntime810_CM7_GCC.a(core_mem_manager.o)
                0x000000000800805c                core_mem_alloc
 .text.core_mem_free
                0x0000000008008078       0x1c ../Middlewares/ST/AI/Lib\NetworkRuntime810_CM7_GCC.a(core_mem_manager.o)
                0x0000000008008078                core_mem_free
 .text.ai_check_custom_types
                0x0000000008008094       0x50 ../Middlewares/ST/AI/Lib\NetworkRuntime810_CM7_GCC.a(layers.o)
                0x0000000008008094                ai_check_custom_types
 .text.ai_layer_type_name
                0x00000000080080e4       0x60 ../Middlewares/ST/AI/Lib\NetworkRuntime810_CM7_GCC.a(layers.o)
                0x00000000080080e4                ai_layer_type_name
 .text.ai_layers_init_all
                0x0000000008008144       0x1c ../Middlewares/ST/AI/Lib\NetworkRuntime810_CM7_GCC.a(layers.o)
                0x0000000008008144                ai_layers_init_all
 .text.ai_layers_post_init_all
                0x0000000008008160       0x28 ../Middlewares/ST/AI/Lib\NetworkRuntime810_CM7_GCC.a(layers.o)
                0x0000000008008160                ai_layers_post_init_all
 .text.ai_layers_forward_all
                0x0000000008008188       0x90 ../Middlewares/ST/AI/Lib\NetworkRuntime810_CM7_GCC.a(layers.o)
                0x0000000008008188                ai_layers_forward_all
 .text.ai_layers_destroy_all
                0x0000000008008218       0x28 ../Middlewares/ST/AI/Lib\NetworkRuntime810_CM7_GCC.a(layers.o)
                0x0000000008008218                ai_layers_destroy_all
 .text.forward_dense_integer_SSSA
                0x0000000008008240      0x2f8 ../Middlewares/ST/AI/Lib\NetworkRuntime810_CM7_GCC.a(layers_conv2d_stm32_integer.o)
                0x0000000008008240                forward_dense_integer_SSSA
 .text.align_factor
                0x0000000008008538       0xa4 ../Middlewares/ST/AI/Lib\NetworkRuntime810_CM7_GCC.a(st_convolve_reference.o)
                0x0000000008008538                align_factor
 .text.st_sssa8_fully_connected
                0x00000000080085dc      0x5f4 ../Middlewares/ST/AI/Lib\NetworkRuntime810_CM7_GCC.a(st_sssa8_dense.o)
                0x00000000080085dc                st_sssa8_fully_connected
 .text.st_int8_copy
                0x0000000008008bd0      0x110 ../Middlewares/ST/AI/Lib\NetworkRuntime810_CM7_GCC.a(st_int8_fill.o)
                0x0000000008008bd0                st_int8_copy
 .text.st_int8_reordered_no_shift_zero
                0x0000000008008ce0       0x70 ../Middlewares/ST/AI/Lib\NetworkRuntime810_CM7_GCC.a(st_int8_reordered_no_shift.o)
                0x0000000008008ce0                st_int8_reordered_no_shift_zero
 .text.arm_float_to_q15
                0x0000000008008d50      0x16c ../Middlewares/ST/AI/Lib\NetworkRuntime810_CM7_GCC.a(arm_float_to_q15.o)
                0x0000000008008d50                arm_float_to_q15
 .text.arm_float_to_q7
                0x0000000008008ebc      0x198 ../Middlewares/ST/AI/Lib\NetworkRuntime810_CM7_GCC.a(arm_float_to_q7.o)
                0x0000000008008ebc                arm_float_to_q7
 .text.arm_q15_to_float
                0x0000000008009054       0xcc ../Middlewares/ST/AI/Lib\NetworkRuntime810_CM7_GCC.a(arm_q15_to_float.o)
                0x0000000008009054                arm_q15_to_float
 .text.arm_q7_to_float
                0x0000000008009120       0xc8 ../Middlewares/ST/AI/Lib\NetworkRuntime810_CM7_GCC.a(arm_q7_to_float.o)
                0x0000000008009120                arm_q7_to_float
 .text.ai_array_to_buffer_fmt
                0x00000000080091e8       0xd8 ../Middlewares/ST/AI/Lib\NetworkRuntime810_CM7_GCC.a(ai_datatypes_format.o)
                0x00000000080091e8                ai_array_to_buffer_fmt
 .text.ai_array_get_data_byte_size
                0x00000000080092c0       0x20 ../Middlewares/ST/AI/Lib\NetworkRuntime810_CM7_GCC.a(ai_datatypes_format.o)
                0x00000000080092c0                ai_array_get_data_byte_size
 .text.ai_version_get
                0x00000000080092e0        0xc ../Middlewares/ST/AI/Lib\NetworkRuntime810_CM7_GCC.a(ai_datatypes_internal.o)
                0x00000000080092e0                ai_version_get
 .text.ai_platform_version_get
                0x00000000080092ec       0x24 ../Middlewares/ST/AI/Lib\NetworkRuntime810_CM7_GCC.a(ai_datatypes_internal.o)
                0x00000000080092ec                ai_platform_version_get
 .text.get_tensor_byte_size
                0x0000000008009310       0x2c ../Middlewares/ST/AI/Lib\NetworkRuntime810_CM7_GCC.a(ai_datatypes_internal.o)
                0x0000000008009310                get_tensor_byte_size
 .text.__errno  0x000000000800933c        0xc c:/st/stm32cubeide_1.11.0/stm32cubeide/plugins/com.st.stm32cube.ide.mcu.externaltools.gnu-tools-for-stm32.10.3-2021.10.win32_1.0.100.202210260954/tools/bin/../lib/gcc/arm-none-eabi/10.3.1/../../../../arm-none-eabi/lib/thumb/v7e-m+fp/hard\libc_nano.a(lib_a-errno.o)
                0x000000000800933c                __errno
 .text.__sflush_r
                0x0000000008009348      0x10c c:/st/stm32cubeide_1.11.0/stm32cubeide/plugins/com.st.stm32cube.ide.mcu.externaltools.gnu-tools-for-stm32.10.3-2021.10.win32_1.0.100.202210260954/tools/bin/../lib/gcc/arm-none-eabi/10.3.1/../../../../arm-none-eabi/lib/thumb/v7e-m+fp/hard\libc_nano.a(lib_a-fflush.o)
                0x0000000008009348                __sflush_r
 .text._fflush_r
                0x0000000008009454       0x78 c:/st/stm32cubeide_1.11.0/stm32cubeide/plugins/com.st.stm32cube.ide.mcu.externaltools.gnu-tools-for-stm32.10.3-2021.10.win32_1.0.100.202210260954/tools/bin/../lib/gcc/arm-none-eabi/10.3.1/../../../../arm-none-eabi/lib/thumb/v7e-m+fp/hard\libc_nano.a(lib_a-fflush.o)
                0x0000000008009454                _fflush_r
 .text.fflush   0x00000000080094cc       0x24 c:/st/stm32cubeide_1.11.0/stm32cubeide/plugins/com.st.stm32cube.ide.mcu.externaltools.gnu-tools-for-stm32.10.3-2021.10.win32_1.0.100.202210260954/tools/bin/../lib/gcc/arm-none-eabi/10.3.1/../../../../arm-none-eabi/lib/thumb/v7e-m+fp/hard\libc_nano.a(lib_a-fflush.o)
                0x00000000080094cc                fflush
 .text.std      0x00000000080094f0       0x48 c:/st/stm32cubeide_1.11.0/stm32cubeide/plugins/com.st.stm32cube.ide.mcu.externaltools.gnu-tools-for-stm32.10.3-2021.10.win32_1.0.100.202210260954/tools/bin/../lib/gcc/arm-none-eabi/10.3.1/../../../../arm-none-eabi/lib/thumb/v7e-m+fp/hard\libc_nano.a(lib_a-findfp.o)
 .text._cleanup_r
                0x0000000008009538        0xc c:/st/stm32cubeide_1.11.0/stm32cubeide/plugins/com.st.stm32cube.ide.mcu.externaltools.gnu-tools-for-stm32.10.3-2021.10.win32_1.0.100.202210260954/tools/bin/../lib/gcc/arm-none-eabi/10.3.1/../../../../arm-none-eabi/lib/thumb/v7e-m+fp/hard\libc_nano.a(lib_a-findfp.o)
                0x0000000008009538                _cleanup_r
 .text.__sfmoreglue
                0x0000000008009544       0x2c c:/st/stm32cubeide_1.11.0/stm32cubeide/plugins/com.st.stm32cube.ide.mcu.externaltools.gnu-tools-for-stm32.10.3-2021.10.win32_1.0.100.202210260954/tools/bin/../lib/gcc/arm-none-eabi/10.3.1/../../../../arm-none-eabi/lib/thumb/v7e-m+fp/hard\libc_nano.a(lib_a-findfp.o)
                0x0000000008009544                __sfmoreglue
 .text.__sfp_lock_acquire
                0x0000000008009570        0xc c:/st/stm32cubeide_1.11.0/stm32cubeide/plugins/com.st.stm32cube.ide.mcu.externaltools.gnu-tools-for-stm32.10.3-2021.10.win32_1.0.100.202210260954/tools/bin/../lib/gcc/arm-none-eabi/10.3.1/../../../../arm-none-eabi/lib/thumb/v7e-m+fp/hard\libc_nano.a(lib_a-findfp.o)
                0x0000000008009570                __sfp_lock_acquire
 .text.__sfp_lock_release
                0x000000000800957c        0xc c:/st/stm32cubeide_1.11.0/stm32cubeide/plugins/com.st.stm32cube.ide.mcu.externaltools.gnu-tools-for-stm32.10.3-2021.10.win32_1.0.100.202210260954/tools/bin/../lib/gcc/arm-none-eabi/10.3.1/../../../../arm-none-eabi/lib/thumb/v7e-m+fp/hard\libc_nano.a(lib_a-findfp.o)
                0x000000000800957c                __sfp_lock_release
 .text.__sinit_lock_acquire
                0x0000000008009588        0xc c:/st/stm32cubeide_1.11.0/stm32cubeide/plugins/com.st.stm32cube.ide.mcu.externaltools.gnu-tools-for-stm32.10.3-2021.10.win32_1.0.100.202210260954/tools/bin/../lib/gcc/arm-none-eabi/10.3.1/../../../../arm-none-eabi/lib/thumb/v7e-m+fp/hard\libc_nano.a(lib_a-findfp.o)
                0x0000000008009588                __sinit_lock_acquire
 .text.__sinit_lock_release
                0x0000000008009594        0xc c:/st/stm32cubeide_1.11.0/stm32cubeide/plugins/com.st.stm32cube.ide.mcu.externaltools.gnu-tools-for-stm32.10.3-2021.10.win32_1.0.100.202210260954/tools/bin/../lib/gcc/arm-none-eabi/10.3.1/../../../../arm-none-eabi/lib/thumb/v7e-m+fp/hard\libc_nano.a(lib_a-findfp.o)
                0x0000000008009594                __sinit_lock_release
 .text.__sinit  0x00000000080095a0       0x70 c:/st/stm32cubeide_1.11.0/stm32cubeide/plugins/com.st.stm32cube.ide.mcu.externaltools.gnu-tools-for-stm32.10.3-2021.10.win32_1.0.100.202210260954/tools/bin/../lib/gcc/arm-none-eabi/10.3.1/../../../../arm-none-eabi/lib/thumb/v7e-m+fp/hard\libc_nano.a(lib_a-findfp.o)
                0x00000000080095a0                __sinit
 .text.__sfp    0x0000000008009610       0x8c c:/st/stm32cubeide_1.11.0/stm32cubeide/plugins/com.st.stm32cube.ide.mcu.externaltools.gnu-tools-for-stm32.10.3-2021.10.win32_1.0.100.202210260954/tools/bin/../lib/gcc/arm-none-eabi/10.3.1/../../../../arm-none-eabi/lib/thumb/v7e-m+fp/hard\libc_nano.a(lib_a-findfp.o)
                0x0000000008009610                __sfp
 .text._fwalk_reent
                0x000000000800969c       0x3e c:/st/stm32cubeide_1.11.0/stm32cubeide/plugins/com.st.stm32cube.ide.mcu.externaltools.gnu-tools-for-stm32.10.3-2021.10.win32_1.0.100.202210260954/tools/bin/../lib/gcc/arm-none-eabi/10.3.1/../../../../arm-none-eabi/lib/thumb/v7e-m+fp/hard\libc_nano.a(lib_a-fwalk.o)
                0x000000000800969c                _fwalk_reent
 *fill*         0x00000000080096da        0x2 
 .text.__libc_init_array
                0x00000000080096dc       0x48 c:/st/stm32cubeide_1.11.0/stm32cubeide/plugins/com.st.stm32cube.ide.mcu.externaltools.gnu-tools-for-stm32.10.3-2021.10.win32_1.0.100.202210260954/tools/bin/../lib/gcc/arm-none-eabi/10.3.1/../../../../arm-none-eabi/lib/thumb/v7e-m+fp/hard\libc_nano.a(lib_a-init.o)
                0x00000000080096dc                __libc_init_array
 .text.__retarget_lock_init_recursive
                0x0000000008009724        0x2 c:/st/stm32cubeide_1.11.0/stm32cubeide/plugins/com.st.stm32cube.ide.mcu.externaltools.gnu-tools-for-stm32.10.3-2021.10.win32_1.0.100.202210260954/tools/bin/../lib/gcc/arm-none-eabi/10.3.1/../../../../arm-none-eabi/lib/thumb/v7e-m+fp/hard\libc_nano.a(lib_a-lock.o)
                0x0000000008009724                __retarget_lock_init_recursive
 .text.__retarget_lock_acquire_recursive
                0x0000000008009726        0x2 c:/st/stm32cubeide_1.11.0/stm32cubeide/plugins/com.st.stm32cube.ide.mcu.externaltools.gnu-tools-for-stm32.10.3-2021.10.win32_1.0.100.202210260954/tools/bin/../lib/gcc/arm-none-eabi/10.3.1/../../../../arm-none-eabi/lib/thumb/v7e-m+fp/hard\libc_nano.a(lib_a-lock.o)
                0x0000000008009726                __retarget_lock_acquire_recursive
 .text.__retarget_lock_release_recursive
                0x0000000008009728        0x2 c:/st/stm32cubeide_1.11.0/stm32cubeide/plugins/com.st.stm32cube.ide.mcu.externaltools.gnu-tools-for-stm32.10.3-2021.10.win32_1.0.100.202210260954/tools/bin/../lib/gcc/arm-none-eabi/10.3.1/../../../../arm-none-eabi/lib/thumb/v7e-m+fp/hard\libc_nano.a(lib_a-lock.o)
                0x0000000008009728                __retarget_lock_release_recursive
 *fill*         0x000000000800972a        0x2 
 .text.malloc   0x000000000800972c       0x10 c:/st/stm32cubeide_1.11.0/stm32cubeide/plugins/com.st.stm32cube.ide.mcu.externaltools.gnu-tools-for-stm32.10.3-2021.10.win32_1.0.100.202210260954/tools/bin/../lib/gcc/arm-none-eabi/10.3.1/../../../../arm-none-eabi/lib/thumb/v7e-m+fp/hard\libc_nano.a(lib_a-malloc.o)
                0x000000000800972c                malloc
 .text.free     0x000000000800973c       0x10 c:/st/stm32cubeide_1.11.0/stm32cubeide/plugins/com.st.stm32cube.ide.mcu.externaltools.gnu-tools-for-stm32.10.3-2021.10.win32_1.0.100.202210260954/tools/bin/../lib/gcc/arm-none-eabi/10.3.1/../../../../arm-none-eabi/lib/thumb/v7e-m+fp/hard\libc_nano.a(lib_a-malloc.o)
                0x000000000800973c                free
 .text.memcpy   0x000000000800974c       0x1c c:/st/stm32cubeide_1.11.0/stm32cubeide/plugins/com.st.stm32cube.ide.mcu.externaltools.gnu-tools-for-stm32.10.3-2021.10.win32_1.0.100.202210260954/tools/bin/../lib/gcc/arm-none-eabi/10.3.1/../../../../arm-none-eabi/lib/thumb/v7e-m+fp/hard\libc_nano.a(lib_a-memcpy-stub.o)
                0x000000000800974c                memcpy
 .text.memset   0x0000000008009768       0x10 c:/st/stm32cubeide_1.11.0/stm32cubeide/plugins/com.st.stm32cube.ide.mcu.externaltools.gnu-tools-for-stm32.10.3-2021.10.win32_1.0.100.202210260954/tools/bin/../lib/gcc/arm-none-eabi/10.3.1/../../../../arm-none-eabi/lib/thumb/v7e-m+fp/hard\libc_nano.a(lib_a-memset.o)
                0x0000000008009768                memset
 .text._free_r  0x0000000008009778       0x98 c:/st/stm32cubeide_1.11.0/stm32cubeide/plugins/com.st.stm32cube.ide.mcu.externaltools.gnu-tools-for-stm32.10.3-2021.10.win32_1.0.100.202210260954/tools/bin/../lib/gcc/arm-none-eabi/10.3.1/../../../../arm-none-eabi/lib/thumb/v7e-m+fp/hard\libc_nano.a(lib_a-nano-freer.o)
                0x0000000008009778                _free_r
 .text.sbrk_aligned
                0x0000000008009810       0x40 c:/st/stm32cubeide_1.11.0/stm32cubeide/plugins/com.st.stm32cube.ide.mcu.externaltools.gnu-tools-for-stm32.10.3-2021.10.win32_1.0.100.202210260954/tools/bin/../lib/gcc/arm-none-eabi/10.3.1/../../../../arm-none-eabi/lib/thumb/v7e-m+fp/hard\libc_nano.a(lib_a-nano-mallocr.o)
 .text._malloc_r
                0x0000000008009850       0xe8 c:/st/stm32cubeide_1.11.0/stm32cubeide/plugins/com.st.stm32cube.ide.mcu.externaltools.gnu-tools-for-stm32.10.3-2021.10.win32_1.0.100.202210260954/tools/bin/../lib/gcc/arm-none-eabi/10.3.1/../../../../arm-none-eabi/lib/thumb/v7e-m+fp/hard\libc_nano.a(lib_a-nano-mallocr.o)
                0x0000000008009850                _malloc_r
 .text.__cvt    0x0000000008009938       0xc4 c:/st/stm32cubeide_1.11.0/stm32cubeide/plugins/com.st.stm32cube.ide.mcu.externaltools.gnu-tools-for-stm32.10.3-2021.10.win32_1.0.100.202210260954/tools/bin/../lib/gcc/arm-none-eabi/10.3.1/../../../../arm-none-eabi/lib/thumb/v7e-m+fp/hard\libc_nano.a(lib_a-nano-vfprintf_float.o)
                0x0000000008009938                __cvt
 .text.__exponent
                0x00000000080099fc       0x7c c:/st/stm32cubeide_1.11.0/stm32cubeide/plugins/com.st.stm32cube.ide.mcu.externaltools.gnu-tools-for-stm32.10.3-2021.10.win32_1.0.100.202210260954/tools/bin/../lib/gcc/arm-none-eabi/10.3.1/../../../../arm-none-eabi/lib/thumb/v7e-m+fp/hard\libc_nano.a(lib_a-nano-vfprintf_float.o)
                0x00000000080099fc                __exponent
 .text._printf_float
                0x0000000008009a78      0x46c c:/st/stm32cubeide_1.11.0/stm32cubeide/plugins/com.st.stm32cube.ide.mcu.externaltools.gnu-tools-for-stm32.10.3-2021.10.win32_1.0.100.202210260954/tools/bin/../lib/gcc/arm-none-eabi/10.3.1/../../../../arm-none-eabi/lib/thumb/v7e-m+fp/hard\libc_nano.a(lib_a-nano-vfprintf_float.o)
                0x0000000008009a78                _printf_float
 .text._printf_common
                0x0000000008009ee4       0xda c:/st/stm32cubeide_1.11.0/stm32cubeide/plugins/com.st.stm32cube.ide.mcu.externaltools.gnu-tools-for-stm32.10.3-2021.10.win32_1.0.100.202210260954/tools/bin/../lib/gcc/arm-none-eabi/10.3.1/../../../../arm-none-eabi/lib/thumb/v7e-m+fp/hard\libc_nano.a(lib_a-nano-vfprintf_i.o)
                0x0000000008009ee4                _printf_common
 *fill*         0x0000000008009fbe        0x2 
 .text._printf_i
                0x0000000008009fc0      0x24c c:/st/stm32cubeide_1.11.0/stm32cubeide/plugins/com.st.stm32cube.ide.mcu.externaltools.gnu-tools-for-stm32.10.3-2021.10.win32_1.0.100.202210260954/tools/bin/../lib/gcc/arm-none-eabi/10.3.1/../../../../arm-none-eabi/lib/thumb/v7e-m+fp/hard\libc_nano.a(lib_a-nano-vfprintf_i.o)
                0x0000000008009fc0                _printf_i
 .text.srand    0x000000000800a20c       0x5c c:/st/stm32cubeide_1.11.0/stm32cubeide/plugins/com.st.stm32cube.ide.mcu.externaltools.gnu-tools-for-stm32.10.3-2021.10.win32_1.0.100.202210260954/tools/bin/../lib/gcc/arm-none-eabi/10.3.1/../../../../arm-none-eabi/lib/thumb/v7e-m+fp/hard\libc_nano.a(lib_a-rand.o)
                0x000000000800a20c                srand
 .text.rand     0x000000000800a268       0x7c c:/st/stm32cubeide_1.11.0/stm32cubeide/plugins/com.st.stm32cube.ide.mcu.externaltools.gnu-tools-for-stm32.10.3-2021.10.win32_1.0.100.202210260954/tools/bin/../lib/gcc/arm-none-eabi/10.3.1/../../../../arm-none-eabi/lib/thumb/v7e-m+fp/hard\libc_nano.a(lib_a-rand.o)
                0x000000000800a268                rand
 .text._sbrk_r  0x000000000800a2e4       0x20 c:/st/stm32cubeide_1.11.0/stm32cubeide/plugins/com.st.stm32cube.ide.mcu.externaltools.gnu-tools-for-stm32.10.3-2021.10.win32_1.0.100.202210260954/tools/bin/../lib/gcc/arm-none-eabi/10.3.1/../../../../arm-none-eabi/lib/thumb/v7e-m+fp/hard\libc_nano.a(lib_a-sbrkr.o)
                0x000000000800a2e4                _sbrk_r
 .text.__sread  0x000000000800a304       0x22 c:/st/stm32cubeide_1.11.0/stm32cubeide/plugins/com.st.stm32cube.ide.mcu.externaltools.gnu-tools-for-stm32.10.3-2021.10.win32_1.0.100.202210260954/tools/bin/../lib/gcc/arm-none-eabi/10.3.1/../../../../arm-none-eabi/lib/thumb/v7e-m+fp/hard\libc_nano.a(lib_a-stdio.o)
                0x000000000800a304                __sread
 .text.__swrite
                0x000000000800a326       0x38 c:/st/stm32cubeide_1.11.0/stm32cubeide/plugins/com.st.stm32cube.ide.mcu.externaltools.gnu-tools-for-stm32.10.3-2021.10.win32_1.0.100.202210260954/tools/bin/../lib/gcc/arm-none-eabi/10.3.1/../../../../arm-none-eabi/lib/thumb/v7e-m+fp/hard\libc_nano.a(lib_a-stdio.o)
                0x000000000800a326                __swrite
 .text.__sseek  0x000000000800a35e       0x24 c:/st/stm32cubeide_1.11.0/stm32cubeide/plugins/com.st.stm32cube.ide.mcu.externaltools.gnu-tools-for-stm32.10.3-2021.10.win32_1.0.100.202210260954/tools/bin/../lib/gcc/arm-none-eabi/10.3.1/../../../../arm-none-eabi/lib/thumb/v7e-m+fp/hard\libc_nano.a(lib_a-stdio.o)
                0x000000000800a35e                __sseek
 .text.__sclose
                0x000000000800a382        0x8 c:/st/stm32cubeide_1.11.0/stm32cubeide/plugins/com.st.stm32cube.ide.mcu.externaltools.gnu-tools-for-stm32.10.3-2021.10.win32_1.0.100.202210260954/tools/bin/../lib/gcc/arm-none-eabi/10.3.1/../../../../arm-none-eabi/lib/thumb/v7e-m+fp/hard\libc_nano.a(lib_a-stdio.o)
                0x000000000800a382                __sclose
 .text.strncmp  0x000000000800a38a       0x28 c:/st/stm32cubeide_1.11.0/stm32cubeide/plugins/com.st.stm32cube.ide.mcu.externaltools.gnu-tools-for-stm32.10.3-2021.10.win32_1.0.100.202210260954/tools/bin/../lib/gcc/arm-none-eabi/10.3.1/../../../../arm-none-eabi/lib/thumb/v7e-m+fp/hard\libc_nano.a(lib_a-strncmp.o)
                0x000000000800a38a                strncmp
 *fill*         0x000000000800a3b2        0x2 
 .text._write_r
                0x000000000800a3b4       0x24 c:/st/stm32cubeide_1.11.0/stm32cubeide/plugins/com.st.stm32cube.ide.mcu.externaltools.gnu-tools-for-stm32.10.3-2021.10.win32_1.0.100.202210260954/tools/bin/../lib/gcc/arm-none-eabi/10.3.1/../../../../arm-none-eabi/lib/thumb/v7e-m+fp/hard\libc_nano.a(lib_a-writer.o)
                0x000000000800a3b4                _write_r
 .text.__assert_func
                0x000000000800a3d8       0x3c c:/st/stm32cubeide_1.11.0/stm32cubeide/plugins/com.st.stm32cube.ide.mcu.externaltools.gnu-tools-for-stm32.10.3-2021.10.win32_1.0.100.202210260954/tools/bin/../lib/gcc/arm-none-eabi/10.3.1/../../../../arm-none-eabi/lib/thumb/v7e-m+fp/hard\libc_nano.a(lib_a-assert.o)
                0x000000000800a3d8                __assert_func
 .text._close_r
                0x000000000800a414       0x20 c:/st/stm32cubeide_1.11.0/stm32cubeide/plugins/com.st.stm32cube.ide.mcu.externaltools.gnu-tools-for-stm32.10.3-2021.10.win32_1.0.100.202210260954/tools/bin/../lib/gcc/arm-none-eabi/10.3.1/../../../../arm-none-eabi/lib/thumb/v7e-m+fp/hard\libc_nano.a(lib_a-closer.o)
                0x000000000800a414                _close_r
 .text.quorem   0x000000000800a434      0x116 c:/st/stm32cubeide_1.11.0/stm32cubeide/plugins/com.st.stm32cube.ide.mcu.externaltools.gnu-tools-for-stm32.10.3-2021.10.win32_1.0.100.202210260954/tools/bin/../lib/gcc/arm-none-eabi/10.3.1/../../../../arm-none-eabi/lib/thumb/v7e-m+fp/hard\libc_nano.a(lib_a-dtoa.o)
 *fill*         0x000000000800a54a        0x6 
 .text._dtoa_r  0x000000000800a550      0xbdc c:/st/stm32cubeide_1.11.0/stm32cubeide/plugins/com.st.stm32cube.ide.mcu.externaltools.gnu-tools-for-stm32.10.3-2021.10.win32_1.0.100.202210260954/tools/bin/../lib/gcc/arm-none-eabi/10.3.1/../../../../arm-none-eabi/lib/thumb/v7e-m+fp/hard\libc_nano.a(lib_a-dtoa.o)
                0x000000000800a550                _dtoa_r
 .text.fprintf  0x000000000800b12c       0x24 c:/st/stm32cubeide_1.11.0/stm32cubeide/plugins/com.st.stm32cube.ide.mcu.externaltools.gnu-tools-for-stm32.10.3-2021.10.win32_1.0.100.202210260954/tools/bin/../lib/gcc/arm-none-eabi/10.3.1/../../../../arm-none-eabi/lib/thumb/v7e-m+fp/hard\libc_nano.a(lib_a-fprintf.o)
                0x000000000800b12c                fiprintf
                0x000000000800b12c                fprintf
 .text._localeconv_r
                0x000000000800b150        0x8 c:/st/stm32cubeide_1.11.0/stm32cubeide/plugins/com.st.stm32cube.ide.mcu.externaltools.gnu-tools-for-stm32.10.3-2021.10.win32_1.0.100.202210260954/tools/bin/../lib/gcc/arm-none-eabi/10.3.1/../../../../arm-none-eabi/lib/thumb/v7e-m+fp/hard\libc_nano.a(lib_a-localeconv.o)
                0x000000000800b150                _localeconv_r
 .text._lseek_r
                0x000000000800b158       0x24 c:/st/stm32cubeide_1.11.0/stm32cubeide/plugins/com.st.stm32cube.ide.mcu.externaltools.gnu-tools-for-stm32.10.3-2021.10.win32_1.0.100.202210260954/tools/bin/../lib/gcc/arm-none-eabi/10.3.1/../../../../arm-none-eabi/lib/thumb/v7e-m+fp/hard\libc_nano.a(lib_a-lseekr.o)
                0x000000000800b158                _lseek_r
 .text.__malloc_lock
                0x000000000800b17c        0xc c:/st/stm32cubeide_1.11.0/stm32cubeide/plugins/com.st.stm32cube.ide.mcu.externaltools.gnu-tools-for-stm32.10.3-2021.10.win32_1.0.100.202210260954/tools/bin/../lib/gcc/arm-none-eabi/10.3.1/../../../../arm-none-eabi/lib/thumb/v7e-m+fp/hard\libc_nano.a(lib_a-mlock.o)
                0x000000000800b17c                __malloc_lock
 .text.__malloc_unlock
                0x000000000800b188        0xc c:/st/stm32cubeide_1.11.0/stm32cubeide/plugins/com.st.stm32cube.ide.mcu.externaltools.gnu-tools-for-stm32.10.3-2021.10.win32_1.0.100.202210260954/tools/bin/../lib/gcc/arm-none-eabi/10.3.1/../../../../arm-none-eabi/lib/thumb/v7e-m+fp/hard\libc_nano.a(lib_a-mlock.o)
                0x000000000800b188                __malloc_unlock
 .text._Balloc  0x000000000800b194       0x80 c:/st/stm32cubeide_1.11.0/stm32cubeide/plugins/com.st.stm32cube.ide.mcu.externaltools.gnu-tools-for-stm32.10.3-2021.10.win32_1.0.100.202210260954/tools/bin/../lib/gcc/arm-none-eabi/10.3.1/../../../../arm-none-eabi/lib/thumb/v7e-m+fp/hard\libc_nano.a(lib_a-mprec.o)
                0x000000000800b194                _Balloc
 .text._Bfree   0x000000000800b214       0x44 c:/st/stm32cubeide_1.11.0/stm32cubeide/plugins/com.st.stm32cube.ide.mcu.externaltools.gnu-tools-for-stm32.10.3-2021.10.win32_1.0.100.202210260954/tools/bin/../lib/gcc/arm-none-eabi/10.3.1/../../../../arm-none-eabi/lib/thumb/v7e-m+fp/hard\libc_nano.a(lib_a-mprec.o)
                0x000000000800b214                _Bfree
 .text.__multadd
                0x000000000800b258       0x8c c:/st/stm32cubeide_1.11.0/stm32cubeide/plugins/com.st.stm32cube.ide.mcu.externaltools.gnu-tools-for-stm32.10.3-2021.10.win32_1.0.100.202210260954/tools/bin/../lib/gcc/arm-none-eabi/10.3.1/../../../../arm-none-eabi/lib/thumb/v7e-m+fp/hard\libc_nano.a(lib_a-mprec.o)
                0x000000000800b258                __multadd
 .text.__hi0bits
                0x000000000800b2e4       0x40 c:/st/stm32cubeide_1.11.0/stm32cubeide/plugins/com.st.stm32cube.ide.mcu.externaltools.gnu-tools-for-stm32.10.3-2021.10.win32_1.0.100.202210260954/tools/bin/../lib/gcc/arm-none-eabi/10.3.1/../../../../arm-none-eabi/lib/thumb/v7e-m+fp/hard\libc_nano.a(lib_a-mprec.o)
                0x000000000800b2e4                __hi0bits
 .text.__lo0bits
                0x000000000800b324       0x5e c:/st/stm32cubeide_1.11.0/stm32cubeide/plugins/com.st.stm32cube.ide.mcu.externaltools.gnu-tools-for-stm32.10.3-2021.10.win32_1.0.100.202210260954/tools/bin/../lib/gcc/arm-none-eabi/10.3.1/../../../../arm-none-eabi/lib/thumb/v7e-m+fp/hard\libc_nano.a(lib_a-mprec.o)
                0x000000000800b324                __lo0bits
 *fill*         0x000000000800b382        0x2 
 .text.__i2b    0x000000000800b384       0x2c c:/st/stm32cubeide_1.11.0/stm32cubeide/plugins/com.st.stm32cube.ide.mcu.externaltools.gnu-tools-for-stm32.10.3-2021.10.win32_1.0.100.202210260954/tools/bin/../lib/gcc/arm-none-eabi/10.3.1/../../../../arm-none-eabi/lib/thumb/v7e-m+fp/hard\libc_nano.a(lib_a-mprec.o)
                0x000000000800b384                __i2b
 .text.__multiply
                0x000000000800b3b0      0x154 c:/st/stm32cubeide_1.11.0/stm32cubeide/plugins/com.st.stm32cube.ide.mcu.externaltools.gnu-tools-for-stm32.10.3-2021.10.win32_1.0.100.202210260954/tools/bin/../lib/gcc/arm-none-eabi/10.3.1/../../../../arm-none-eabi/lib/thumb/v7e-m+fp/hard\libc_nano.a(lib_a-mprec.o)
                0x000000000800b3b0                __multiply
 .text.__pow5mult
                0x000000000800b504       0xb4 c:/st/stm32cubeide_1.11.0/stm32cubeide/plugins/com.st.stm32cube.ide.mcu.externaltools.gnu-tools-for-stm32.10.3-2021.10.win32_1.0.100.202210260954/tools/bin/../lib/gcc/arm-none-eabi/10.3.1/../../../../arm-none-eabi/lib/thumb/v7e-m+fp/hard\libc_nano.a(lib_a-mprec.o)
                0x000000000800b504                __pow5mult
 .text.__lshift
                0x000000000800b5b8       0xe0 c:/st/stm32cubeide_1.11.0/stm32cubeide/plugins/com.st.stm32cube.ide.mcu.externaltools.gnu-tools-for-stm32.10.3-2021.10.win32_1.0.100.202210260954/tools/bin/../lib/gcc/arm-none-eabi/10.3.1/../../../../arm-none-eabi/lib/thumb/v7e-m+fp/hard\libc_nano.a(lib_a-mprec.o)
                0x000000000800b5b8                __lshift
 .text.__mcmp   0x000000000800b698       0x38 c:/st/stm32cubeide_1.11.0/stm32cubeide/plugins/com.st.stm32cube.ide.mcu.externaltools.gnu-tools-for-stm32.10.3-2021.10.win32_1.0.100.202210260954/tools/bin/../lib/gcc/arm-none-eabi/10.3.1/../../../../arm-none-eabi/lib/thumb/v7e-m+fp/hard\libc_nano.a(lib_a-mprec.o)
                0x000000000800b698                __mcmp
 .text.__mdiff  0x000000000800b6d0      0x114 c:/st/stm32cubeide_1.11.0/stm32cubeide/plugins/com.st.stm32cube.ide.mcu.externaltools.gnu-tools-for-stm32.10.3-2021.10.win32_1.0.100.202210260954/tools/bin/../lib/gcc/arm-none-eabi/10.3.1/../../../../arm-none-eabi/lib/thumb/v7e-m+fp/hard\libc_nano.a(lib_a-mprec.o)
                0x000000000800b6d0                __mdiff
 .text.__d2b    0x000000000800b7e4       0xb8 c:/st/stm32cubeide_1.11.0/stm32cubeide/plugins/com.st.stm32cube.ide.mcu.externaltools.gnu-tools-for-stm32.10.3-2021.10.win32_1.0.100.202210260954/tools/bin/../lib/gcc/arm-none-eabi/10.3.1/../../../../arm-none-eabi/lib/thumb/v7e-m+fp/hard\libc_nano.a(lib_a-mprec.o)
                0x000000000800b7e4                __d2b
 .text._calloc_r
                0x000000000800b89c       0x2c c:/st/stm32cubeide_1.11.0/stm32cubeide/plugins/com.st.stm32cube.ide.mcu.externaltools.gnu-tools-for-stm32.10.3-2021.10.win32_1.0.100.202210260954/tools/bin/../lib/gcc/arm-none-eabi/10.3.1/../../../../arm-none-eabi/lib/thumb/v7e-m+fp/hard\libc_nano.a(lib_a-nano-callocr.o)
                0x000000000800b89c                _calloc_r
 .text.__sfputc_r
                0x000000000800b8c8       0x2e c:/st/stm32cubeide_1.11.0/stm32cubeide/plugins/com.st.stm32cube.ide.mcu.externaltools.gnu-tools-for-stm32.10.3-2021.10.win32_1.0.100.202210260954/tools/bin/../lib/gcc/arm-none-eabi/10.3.1/../../../../arm-none-eabi/lib/thumb/v7e-m+fp/hard\libc_nano.a(lib_a-nano-vfprintf.o)
 .text.__sfputs_r
                0x000000000800b8f6       0x24 c:/st/stm32cubeide_1.11.0/stm32cubeide/plugins/com.st.stm32cube.ide.mcu.externaltools.gnu-tools-for-stm32.10.3-2021.10.win32_1.0.100.202210260954/tools/bin/../lib/gcc/arm-none-eabi/10.3.1/../../../../arm-none-eabi/lib/thumb/v7e-m+fp/hard\libc_nano.a(lib_a-nano-vfprintf.o)
                0x000000000800b8f6                __sfputs_r
 *fill*         0x000000000800b91a        0x2 
 .text._vfprintf_r
                0x000000000800b91c      0x260 c:/st/stm32cubeide_1.11.0/stm32cubeide/plugins/com.st.stm32cube.ide.mcu.externaltools.gnu-tools-for-stm32.10.3-2021.10.win32_1.0.100.202210260954/tools/bin/../lib/gcc/arm-none-eabi/10.3.1/../../../../arm-none-eabi/lib/thumb/v7e-m+fp/hard\libc_nano.a(lib_a-nano-vfprintf.o)
                0x000000000800b91c                _vfprintf_r
                0x000000000800b91c                _vfiprintf_r
 .text._read_r  0x000000000800bb7c       0x24 c:/st/stm32cubeide_1.11.0/stm32cubeide/plugins/com.st.stm32cube.ide.mcu.externaltools.gnu-tools-for-stm32.10.3-2021.10.win32_1.0.100.202210260954/tools/bin/../lib/gcc/arm-none-eabi/10.3.1/../../../../arm-none-eabi/lib/thumb/v7e-m+fp/hard\libc_nano.a(lib_a-readr.o)
                0x000000000800bb7c                _read_r
 .text.__swbuf_r
                0x000000000800bba0       0xa4 c:/st/stm32cubeide_1.11.0/stm32cubeide/plugins/com.st.stm32cube.ide.mcu.externaltools.gnu-tools-for-stm32.10.3-2021.10.win32_1.0.100.202210260954/tools/bin/../lib/gcc/arm-none-eabi/10.3.1/../../../../arm-none-eabi/lib/thumb/v7e-m+fp/hard\libc_nano.a(lib_a-wbuf.o)
                0x000000000800bba0                __swbuf_r
 .text.__swsetup_r
                0x000000000800bc44       0xdc c:/st/stm32cubeide_1.11.0/stm32cubeide/plugins/com.st.stm32cube.ide.mcu.externaltools.gnu-tools-for-stm32.10.3-2021.10.win32_1.0.100.202210260954/tools/bin/../lib/gcc/arm-none-eabi/10.3.1/../../../../arm-none-eabi/lib/thumb/v7e-m+fp/hard\libc_nano.a(lib_a-wsetup.o)
                0x000000000800bc44                __swsetup_r
 .text.abort    0x000000000800bd20        0xe c:/st/stm32cubeide_1.11.0/stm32cubeide/plugins/com.st.stm32cube.ide.mcu.externaltools.gnu-tools-for-stm32.10.3-2021.10.win32_1.0.100.202210260954/tools/bin/../lib/gcc/arm-none-eabi/10.3.1/../../../../arm-none-eabi/lib/thumb/v7e-m+fp/hard\libc_nano.a(lib_a-abort.o)
                0x000000000800bd20                abort
 .text.__swhatbuf_r
                0x000000000800bd2e       0x4a c:/st/stm32cubeide_1.11.0/stm32cubeide/plugins/com.st.stm32cube.ide.mcu.externaltools.gnu-tools-for-stm32.10.3-2021.10.win32_1.0.100.202210260954/tools/bin/../lib/gcc/arm-none-eabi/10.3.1/../../../../arm-none-eabi/lib/thumb/v7e-m+fp/hard\libc_nano.a(lib_a-makebuf.o)
                0x000000000800bd2e                __swhatbuf_r
 .text.__smakebuf_r
                0x000000000800bd78       0x80 c:/st/stm32cubeide_1.11.0/stm32cubeide/plugins/com.st.stm32cube.ide.mcu.externaltools.gnu-tools-for-stm32.10.3-2021.10.win32_1.0.100.202210260954/tools/bin/../lib/gcc/arm-none-eabi/10.3.1/../../../../arm-none-eabi/lib/thumb/v7e-m+fp/hard\libc_nano.a(lib_a-makebuf.o)
                0x000000000800bd78                __smakebuf_r
 .text.__ascii_mbtowc
                0x000000000800bdf8       0x24 c:/st/stm32cubeide_1.11.0/stm32cubeide/plugins/com.st.stm32cube.ide.mcu.externaltools.gnu-tools-for-stm32.10.3-2021.10.win32_1.0.100.202210260954/tools/bin/../lib/gcc/arm-none-eabi/10.3.1/../../../../arm-none-eabi/lib/thumb/v7e-m+fp/hard\libc_nano.a(lib_a-mbtowc_r.o)
                0x000000000800bdf8                __ascii_mbtowc
 .text._raise_r
                0x000000000800be1c       0x50 c:/st/stm32cubeide_1.11.0/stm32cubeide/plugins/com.st.stm32cube.ide.mcu.externaltools.gnu-tools-for-stm32.10.3-2021.10.win32_1.0.100.202210260954/tools/bin/../lib/gcc/arm-none-eabi/10.3.1/../../../../arm-none-eabi/lib/thumb/v7e-m+fp/hard\libc_nano.a(lib_a-signal.o)
                0x000000000800be1c                _raise_r
 .text.raise    0x000000000800be6c       0x10 c:/st/stm32cubeide_1.11.0/stm32cubeide/plugins/com.st.stm32cube.ide.mcu.externaltools.gnu-tools-for-stm32.10.3-2021.10.win32_1.0.100.202210260954/tools/bin/../lib/gcc/arm-none-eabi/10.3.1/../../../../arm-none-eabi/lib/thumb/v7e-m+fp/hard\libc_nano.a(lib_a-signal.o)
                0x000000000800be6c                raise
 .text._kill_r  0x000000000800be7c       0x24 c:/st/stm32cubeide_1.11.0/stm32cubeide/plugins/com.st.stm32cube.ide.mcu.externaltools.gnu-tools-for-stm32.10.3-2021.10.win32_1.0.100.202210260954/tools/bin/../lib/gcc/arm-none-eabi/10.3.1/../../../../arm-none-eabi/lib/thumb/v7e-m+fp/hard\libc_nano.a(lib_a-signalr.o)
                0x000000000800be7c                _kill_r
 .text._getpid_r
                0x000000000800bea0        0x4 c:/st/stm32cubeide_1.11.0/stm32cubeide/plugins/com.st.stm32cube.ide.mcu.externaltools.gnu-tools-for-stm32.10.3-2021.10.win32_1.0.100.202210260954/tools/bin/../lib/gcc/arm-none-eabi/10.3.1/../../../../arm-none-eabi/lib/thumb/v7e-m+fp/hard\libc_nano.a(lib_a-signalr.o)
                0x000000000800bea0                _getpid_r
 .text.__ascii_wctomb
                0x000000000800bea4       0x1a c:/st/stm32cubeide_1.11.0/stm32cubeide/plugins/com.st.stm32cube.ide.mcu.externaltools.gnu-tools-for-stm32.10.3-2021.10.win32_1.0.100.202210260954/tools/bin/../lib/gcc/arm-none-eabi/10.3.1/../../../../arm-none-eabi/lib/thumb/v7e-m+fp/hard\libc_nano.a(lib_a-wctomb_r.o)
                0x000000000800bea4                __ascii_wctomb
 *fill*         0x000000000800bebe        0x2 
 .text._fstat_r
                0x000000000800bec0       0x24 c:/st/stm32cubeide_1.11.0/stm32cubeide/plugins/com.st.stm32cube.ide.mcu.externaltools.gnu-tools-for-stm32.10.3-2021.10.win32_1.0.100.202210260954/tools/bin/../lib/gcc/arm-none-eabi/10.3.1/../../../../arm-none-eabi/lib/thumb/v7e-m+fp/hard\libc_nano.a(lib_a-fstatr.o)
                0x000000000800bec0                _fstat_r
 .text._isatty_r
                0x000000000800bee4       0x20 c:/st/stm32cubeide_1.11.0/stm32cubeide/plugins/com.st.stm32cube.ide.mcu.externaltools.gnu-tools-for-stm32.10.3-2021.10.win32_1.0.100.202210260954/tools/bin/../lib/gcc/arm-none-eabi/10.3.1/../../../../arm-none-eabi/lib/thumb/v7e-m+fp/hard\libc_nano.a(lib_a-isattyr.o)
                0x000000000800bee4                _isatty_r
 .text.powf     0x000000000800bf04       0xae c:/st/stm32cubeide_1.11.0/stm32cubeide/plugins/com.st.stm32cube.ide.mcu.externaltools.gnu-tools-for-stm32.10.3-2021.10.win32_1.0.100.202210260954/tools/bin/../lib/gcc/arm-none-eabi/10.3.1/../../../../arm-none-eabi/lib/thumb/v7e-m+fp/hard\libm.a(lib_a-wf_pow.o)
                0x000000000800bf04                powf
 *fill*         0x000000000800bfb2        0x2 
 .text.__ieee754_powf
                0x000000000800bfb4      0x59c c:/st/stm32cubeide_1.11.0/stm32cubeide/plugins/com.st.stm32cube.ide.mcu.externaltools.gnu-tools-for-stm32.10.3-2021.10.win32_1.0.100.202210260954/tools/bin/../lib/gcc/arm-none-eabi/10.3.1/../../../../arm-none-eabi/lib/thumb/v7e-m+fp/hard\libm.a(lib_a-ef_pow.o)
                0x000000000800bfb4                __ieee754_powf
 .text.__ieee754_sqrtf
                0x000000000800c550        0x6 c:/st/stm32cubeide_1.11.0/stm32cubeide/plugins/com.st.stm32cube.ide.mcu.externaltools.gnu-tools-for-stm32.10.3-2021.10.win32_1.0.100.202210260954/tools/bin/../lib/gcc/arm-none-eabi/10.3.1/../../../../arm-none-eabi/lib/thumb/v7e-m+fp/hard\libm.a(lib_a-ef_sqrt.o)
                0x000000000800c550                __ieee754_sqrtf
 .text.with_errnof
                0x000000000800c556       0x16 c:/st/stm32cubeide_1.11.0/stm32cubeide/plugins/com.st.stm32cube.ide.mcu.externaltools.gnu-tools-for-stm32.10.3-2021.10.win32_1.0.100.202210260954/tools/bin/../lib/gcc/arm-none-eabi/10.3.1/../../../../arm-none-eabi/lib/thumb/v7e-m+fp/hard\libm.a(lib_a-math_errf.o)
 .text.xflowf   0x000000000800c56c       0x16 c:/st/stm32cubeide_1.11.0/stm32cubeide/plugins/com.st.stm32cube.ide.mcu.externaltools.gnu-tools-for-stm32.10.3-2021.10.win32_1.0.100.202210260954/tools/bin/../lib/gcc/arm-none-eabi/10.3.1/../../../../arm-none-eabi/lib/thumb/v7e-m+fp/hard\libm.a(lib_a-math_errf.o)
 *fill*         0x000000000800c582        0x2 
 .text.__math_uflowf
                0x000000000800c584        0xc c:/st/stm32cubeide_1.11.0/stm32cubeide/plugins/com.st.stm32cube.ide.mcu.externaltools.gnu-tools-for-stm32.10.3-2021.10.win32_1.0.100.202210260954/tools/bin/../lib/gcc/arm-none-eabi/10.3.1/../../../../arm-none-eabi/lib/thumb/v7e-m+fp/hard\libm.a(lib_a-math_errf.o)
                0x000000000800c584                __math_uflowf
 .text.__math_oflowf
                0x000000000800c590        0xc c:/st/stm32cubeide_1.11.0/stm32cubeide/plugins/com.st.stm32cube.ide.mcu.externaltools.gnu-tools-for-stm32.10.3-2021.10.win32_1.0.100.202210260954/tools/bin/../lib/gcc/arm-none-eabi/10.3.1/../../../../arm-none-eabi/lib/thumb/v7e-m+fp/hard\libm.a(lib_a-math_errf.o)
                0x000000000800c590                __math_oflowf
 .text.fabsf    0x000000000800c59c        0xe c:/st/stm32cubeide_1.11.0/stm32cubeide/plugins/com.st.stm32cube.ide.mcu.externaltools.gnu-tools-for-stm32.10.3-2021.10.win32_1.0.100.202210260954/tools/bin/../lib/gcc/arm-none-eabi/10.3.1/../../../../arm-none-eabi/lib/thumb/v7e-m+fp/hard\libm.a(lib_a-sf_fabs.o)
                0x000000000800c59c                fabsf
 .text.finitef  0x000000000800c5aa       0x1a c:/st/stm32cubeide_1.11.0/stm32cubeide/plugins/com.st.stm32cube.ide.mcu.externaltools.gnu-tools-for-stm32.10.3-2021.10.win32_1.0.100.202210260954/tools/bin/../lib/gcc/arm-none-eabi/10.3.1/../../../../arm-none-eabi/lib/thumb/v7e-m+fp/hard\libm.a(lib_a-sf_finite.o)
                0x000000000800c5aa                finitef
 .text.scalbnf  0x000000000800c5c4       0xe4 c:/st/stm32cubeide_1.11.0/stm32cubeide/plugins/com.st.stm32cube.ide.mcu.externaltools.gnu-tools-for-stm32.10.3-2021.10.win32_1.0.100.202210260954/tools/bin/../lib/gcc/arm-none-eabi/10.3.1/../../../../arm-none-eabi/lib/thumb/v7e-m+fp/hard\libm.a(lib_a-sf_scalbn.o)
                0x000000000800c5c4                scalbnf
 *(.glue_7)
 .glue_7        0x000000000800c6a8        0x0 linker stubs
 *(.glue_7t)
 .glue_7t       0x000000000800c6a8        0x0 linker stubs
 *(.eh_frame)
 .eh_frame      0x000000000800c6a8        0x0 c:/st/stm32cubeide_1.11.0/stm32cubeide/plugins/com.st.stm32cube.ide.mcu.externaltools.gnu-tools-for-stm32.10.3-2021.10.win32_1.0.100.202210260954/tools/bin/../lib/gcc/arm-none-eabi/10.3.1/thumb/v7e-m+fp/hard/crtbegin.o
 *(.init)
 .init          0x000000000800c6a8        0x4 c:/st/stm32cubeide_1.11.0/stm32cubeide/plugins/com.st.stm32cube.ide.mcu.externaltools.gnu-tools-for-stm32.10.3-2021.10.win32_1.0.100.202210260954/tools/bin/../lib/gcc/arm-none-eabi/10.3.1/thumb/v7e-m+fp/hard/crti.o
                0x000000000800c6a8                _init
 .init          0x000000000800c6ac        0x8 c:/st/stm32cubeide_1.11.0/stm32cubeide/plugins/com.st.stm32cube.ide.mcu.externaltools.gnu-tools-for-stm32.10.3-2021.10.win32_1.0.100.202210260954/tools/bin/../lib/gcc/arm-none-eabi/10.3.1/thumb/v7e-m+fp/hard/crtn.o
 *(.fini)
 .fini          0x000000000800c6b4        0x4 c:/st/stm32cubeide_1.11.0/stm32cubeide/plugins/com.st.stm32cube.ide.mcu.externaltools.gnu-tools-for-stm32.10.3-2021.10.win32_1.0.100.202210260954/tools/bin/../lib/gcc/arm-none-eabi/10.3.1/thumb/v7e-m+fp/hard/crti.o
                0x000000000800c6b4                _fini
 .fini          0x000000000800c6b8        0x8 c:/st/stm32cubeide_1.11.0/stm32cubeide/plugins/com.st.stm32cube.ide.mcu.externaltools.gnu-tools-for-stm32.10.3-2021.10.win32_1.0.100.202210260954/tools/bin/../lib/gcc/arm-none-eabi/10.3.1/thumb/v7e-m+fp/hard/crtn.o
                0x000000000800c6c0                . = ALIGN (0x4)
                0x000000000800c6c0                _etext = .

.vfp11_veneer   0x000000000800c6c0        0x0
 .vfp11_veneer  0x000000000800c6c0        0x0 linker stubs

.v4_bx          0x000000000800c6c0        0x0
 .v4_bx         0x000000000800c6c0        0x0 linker stubs

.iplt           0x000000000800c6c0        0x0
 .iplt          0x000000000800c6c0        0x0 c:/st/stm32cubeide_1.11.0/stm32cubeide/plugins/com.st.stm32cube.ide.mcu.externaltools.gnu-tools-for-stm32.10.3-2021.10.win32_1.0.100.202210260954/tools/bin/../lib/gcc/arm-none-eabi/10.3.1/thumb/v7e-m+fp/hard/crtbegin.o

.rodata         0x000000000800c6c0    0x16688
                0x000000000800c6c0                . = ALIGN (0x4)
 *(.rodata)
 .rodata        0x000000000800c6c0      0x7c8 ./X-CUBE-AI/App/aiSystemPerformance.o
 .rodata        0x000000000800ce88      0x274 ./X-CUBE-AI/App/aiTestHelper.o
 .rodata        0x000000000800d0fc      0x1df ./X-CUBE-AI/App/aiTestUtility.o
 *fill*         0x000000000800d2db        0x1 
 .rodata        0x000000000800d2dc       0x10 ./X-CUBE-AI/App/network_data.o
 .rodata        0x000000000800d2ec       0x10 ../Middlewares/ST/AI/Lib\NetworkRuntime810_CM7_GCC.a(ai_platform_interface.o)
 *(.rodata*)
 .rodata.AHBPrescTable
                0x000000000800d2fc       0x10 ./Core/Src/system_stm32f7xx.o
                0x000000000800d2fc                AHBPrescTable
 .rodata.APBPrescTable
                0x000000000800d30c        0x8 ./Core/Src/system_stm32f7xx.o
                0x000000000800d30c                APBPrescTable
 .rodata.flagBitshiftOffset.0
                0x000000000800d314        0x8 ./Drivers/STM32F7xx_HAL_Driver/Src/stm32f7xx_hal_dma.o
 .rodata.CSWTCH.53
                0x000000000800d31c        0x3 ./Drivers/STM32F7xx_HAL_Driver/Src/stm32f7xx_hal_uart.o
 .rodata.CSWTCH.54
                0x000000000800d31f        0xd ./Drivers/STM32F7xx_HAL_Driver/Src/stm32f7xx_hal_uart.o
 .rodata.CSWTCH.15
                0x000000000800d32c       0x28 ./X-CUBE-AI/App/aiTestUtility.o
 .rodata.ai_mnetwork_is_valid.constprop.0.str1.1
                0x000000000800d354        0x8 ./X-CUBE-AI/App/app_x-cube-ai.o
 .rodata.networks
                0x000000000800d35c       0x2c ./X-CUBE-AI/App/app_x-cube-ai.o
 .rodata.vlc_print.str1.1
                0x000000000800d388        0x7 ./X-CUBE-AI/App/lc_print.o
 .rodata.ai_network_get_info.str1.1
                0x000000000800d38f       0x4f ./X-CUBE-AI/App/network.o
                                         0x58 (size before relaxing)
 *fill*         0x000000000800d3de        0x2 
 .rodata.__compound_literal.0
                0x000000000800d3e0        0x4 ./X-CUBE-AI/App/network.o
 .rodata.__compound_literal.1
                0x000000000800d3e4        0x1 ./X-CUBE-AI/App/network.o
 .rodata.__compound_literal.10
                0x000000000800d3e5        0x1 ./X-CUBE-AI/App/network.o
 *fill*         0x000000000800d3e6        0x2 
 .rodata.__compound_literal.11
                0x000000000800d3e8        0x8 ./X-CUBE-AI/App/network.o
 .rodata.__compound_literal.12
                0x000000000800d3f0        0x4 ./X-CUBE-AI/App/network.o
 .rodata.__compound_literal.13
                0x000000000800d3f4        0x1 ./X-CUBE-AI/App/network.o
 *fill*         0x000000000800d3f5        0x3 
 .rodata.__compound_literal.14
                0x000000000800d3f8        0x8 ./X-CUBE-AI/App/network.o
 .rodata.__compound_literal.15
                0x000000000800d400        0x4 ./X-CUBE-AI/App/network.o
 .rodata.__compound_literal.16
                0x000000000800d404        0x1 ./X-CUBE-AI/App/network.o
 *fill*         0x000000000800d405        0x3 
 .rodata.__compound_literal.17
                0x000000000800d408        0x8 ./X-CUBE-AI/App/network.o
 .rodata.__compound_literal.18
                0x000000000800d410        0x4 ./X-CUBE-AI/App/network.o
 .rodata.__compound_literal.19
                0x000000000800d414        0x1 ./X-CUBE-AI/App/network.o
 *fill*         0x000000000800d415        0x3 
 .rodata.__compound_literal.2
                0x000000000800d418        0x8 ./X-CUBE-AI/App/network.o
 .rodata.__compound_literal.20
                0x000000000800d420        0x8 ./X-CUBE-AI/App/network.o
 .rodata.__compound_literal.21
                0x000000000800d428        0x4 ./X-CUBE-AI/App/network.o
 .rodata.__compound_literal.22
                0x000000000800d42c        0x1 ./X-CUBE-AI/App/network.o
 *fill*         0x000000000800d42d        0x3 
 .rodata.__compound_literal.23
                0x000000000800d430        0x8 ./X-CUBE-AI/App/network.o
 .rodata.__compound_literal.24
                0x000000000800d438        0x4 ./X-CUBE-AI/App/network.o
 .rodata.__compound_literal.25
                0x000000000800d43c        0x1 ./X-CUBE-AI/App/network.o
 *fill*         0x000000000800d43d        0x3 
 .rodata.__compound_literal.26
                0x000000000800d440        0x8 ./X-CUBE-AI/App/network.o
 .rodata.__compound_literal.27
                0x000000000800d448        0x4 ./X-CUBE-AI/App/network.o
 .rodata.__compound_literal.28
                0x000000000800d44c        0x1 ./X-CUBE-AI/App/network.o
 *fill*         0x000000000800d44d        0x3 
 .rodata.__compound_literal.29