Archive member included to satisfy reference by file (symbol)

c:/st/stm32cubeide_1.12.1/stm32cubeide/plugins/com.st.stm32cube.ide.mcu.externaltools.gnu-tools-for-stm32.10.3-2021.10.win32_1.0.200.202301161003/tools/bin/../lib/gcc/arm-none-eabi/10.3.1/../../../../arm-none-eabi/lib/thumb/v7e-m+fp/hard\libc_nano.a(lib_a-errno.o)
                              ./Core/Src/syscalls.o (__errno)
c:/st/stm32cubeide_1.12.1/stm32cubeide/plugins/com.st.stm32cube.ide.mcu.externaltools.gnu-tools-for-stm32.10.3-2021.10.win32_1.0.200.202301161003/tools/bin/../lib/gcc/arm-none-eabi/10.3.1/../../../../arm-none-eabi/lib/thumb/v7e-m+fp/hard\libc_nano.a(lib_a-exit.o)
                              c:/st/stm32cubeide_1.12.1/stm32cubeide/plugins/com.st.stm32cube.ide.mcu.externaltools.gnu-tools-for-stm32.10.3-2021.10.win32_1.0.200.202301161003/tools/bin/../lib/gcc/arm-none-eabi/10.3.1/../../../../arm-none-eabi/lib/thumb/v7e-m+fp/hard/crt0.o (exit)
c:/st/stm32cubeide_1.12.1/stm32cubeide/plugins/com.st.stm32cube.ide.mcu.externaltools.gnu-tools-for-stm32.10.3-2021.10.win32_1.0.200.202301161003/tools/bin/../lib/gcc/arm-none-eabi/10.3.1/../../../../arm-none-eabi/lib/thumb/v7e-m+fp/hard\libc_nano.a(lib_a-impure.o)
                              c:/st/stm32cubeide_1.12.1/stm32cubeide/plugins/com.st.stm32cube.ide.mcu.externaltools.gnu-tools-for-stm32.10.3-2021.10.win32_1.0.200.202301161003/tools/bin/../lib/gcc/arm-none-eabi/10.3.1/../../../../arm-none-eabi/lib/thumb/v7e-m+fp/hard\libc_nano.a(lib_a-exit.o) (_global_impure_ptr)
c:/st/stm32cubeide_1.12.1/stm32cubeide/plugins/com.st.stm32cube.ide.mcu.externaltools.gnu-tools-for-stm32.10.3-2021.10.win32_1.0.200.202301161003/tools/bin/../lib/gcc/arm-none-eabi/10.3.1/../../../../arm-none-eabi/lib/thumb/v7e-m+fp/hard\libc_nano.a(lib_a-init.o)
                              c:/st/stm32cubeide_1.12.1/stm32cubeide/plugins/com.st.stm32cube.ide.mcu.externaltools.gnu-tools-for-stm32.10.3-2021.10.win32_1.0.200.202301161003/tools/bin/../lib/gcc/arm-none-eabi/10.3.1/../../../../arm-none-eabi/lib/thumb/v7e-m+fp/hard/crt0.o (__libc_init_array)
c:/st/stm32cubeide_1.12.1/stm32cubeide/plugins/com.st.stm32cube.ide.mcu.externaltools.gnu-tools-for-stm32.10.3-2021.10.win32_1.0.200.202301161003/tools/bin/../lib/gcc/arm-none-eabi/10.3.1/../../../../arm-none-eabi/lib/thumb/v7e-m+fp/hard\libc_nano.a(lib_a-memcpy-stub.o)
                              ./Drivers/VL53L0X/core/src/vl53l0x_api_calibration.o (memcpy)
c:/st/stm32cubeide_1.12.1/stm32cubeide/plugins/com.st.stm32cube.ide.mcu.externaltools.gnu-tools-for-stm32.10.3-2021.10.win32_1.0.200.202301161003/tools/bin/../lib/gcc/arm-none-eabi/10.3.1/../../../../arm-none-eabi/lib/thumb/v7e-m+fp/hard\libc_nano.a(lib_a-memset.o)
                              c:/st/stm32cubeide_1.12.1/stm32cubeide/plugins/com.st.stm32cube.ide.mcu.externaltools.gnu-tools-for-stm32.10.3-2021.10.win32_1.0.200.202301161003/tools/bin/../lib/gcc/arm-none-eabi/10.3.1/../../../../arm-none-eabi/lib/thumb/v7e-m+fp/hard/crt0.o (memset)
c:/st/stm32cubeide_1.12.1/stm32cubeide/plugins/com.st.stm32cube.ide.mcu.externaltools.gnu-tools-for-stm32.10.3-2021.10.win32_1.0.200.202301161003/tools/bin/../lib/gcc/arm-none-eabi/10.3.1/../../../../arm-none-eabi/lib/thumb/v7e-m+fp/hard\libc_nano.a(lib_a-nano-vfprintf_float.o)
                              (_printf_float)
c:/st/stm32cubeide_1.12.1/stm32cubeide/plugins/com.st.stm32cube.ide.mcu.externaltools.gnu-tools-for-stm32.10.3-2021.10.win32_1.0.200.202301161003/tools/bin/../lib/gcc/arm-none-eabi/10.3.1/../../../../arm-none-eabi/lib/thumb/v7e-m+fp/hard\libc_nano.a(lib_a-nano-vfprintf_i.o)
                              c:/st/stm32cubeide_1.12.1/stm32cubeide/plugins/com.st.stm32cube.ide.mcu.externaltools.gnu-tools-for-stm32.10.3-2021.10.win32_1.0.200.202301161003/tools/bin/../lib/gcc/arm-none-eabi/10.3.1/../../../../arm-none-eabi/lib/thumb/v7e-m+fp/hard\libc_nano.a(lib_a-nano-vfprintf_float.o) (_printf_common)
c:/st/stm32cubeide_1.12.1/stm32cubeide/plugins/com.st.stm32cube.ide.mcu.externaltools.gnu-tools-for-stm32.10.3-2021.10.win32_1.0.200.202301161003/tools/bin/../lib/gcc/arm-none-eabi/10.3.1/../../../../arm-none-eabi/lib/thumb/v7e-m+fp/hard\libc_nano.a(lib_a-nano-vfscanf_float.o)
                              (_scanf_float)
c:/st/stm32cubeide_1.12.1/stm32cubeide/plugins/com.st.stm32cube.ide.mcu.externaltools.gnu-tools-for-stm32.10.3-2021.10.win32_1.0.200.202301161003/tools/bin/../lib/gcc/arm-none-eabi/10.3.1/../../../../arm-none-eabi/lib/thumb/v7e-m+fp/hard\libc_nano.a(lib_a-sf_nan.o)
                              c:/st/stm32cubeide_1.12.1/stm32cubeide/plugins/com.st.stm32cube.ide.mcu.externaltools.gnu-tools-for-stm32.10.3-2021.10.win32_1.0.200.202301161003/tools/bin/../lib/gcc/arm-none-eabi/10.3.1/../../../../arm-none-eabi/lib/thumb/v7e-m+fp/hard\libc_nano.a(lib_a-nano-vfscanf_float.o) (nanf)
[...]
Memory Configuration

Name             Origin             Length             Attributes
RAM              0x0000000020000000 0x0000000000050000 xrw
FLASH            0x0000000008000000 0x0000000000100000 xr
*default*        0x0000000000000000 0xffffffffffffffff

Linker script and memory map

LOAD c:/st/stm32cubeide_1.12.1/stm32cubeide/plugins/com.st.stm32cube.ide.mcu.externaltools.gnu-tools-for-stm32.10.3-2021.10.win32_1.0.200.202301161003/tools/bin/../lib/gcc/arm-none-eabi/10.3.1/thumb/v7e-m+fp/hard/crti.o
LOAD c:/st/stm32cubeide_1.12.1/stm32cubeide/plugins/com.st.stm32cube.ide.mcu.externaltools.gnu-tools-for-stm32.10.3-2021.10.win32_1.0.200.202301161003/tools/bin/../lib/gcc/arm-none-eabi/10.3.1/thumb/v7e-m+fp/hard/crtbegin.o
LOAD c:/st/stm32cubeide_1.12.1/stm32cubeide/plugins/com.st.stm32cube.ide.mcu.externaltools.gnu-tools-for-stm32.10.3-2021.10.win32_1.0.200.202301161003/tools/bin/../lib/gcc/arm-none-eabi/10.3.1/../../../../arm-none-eabi/lib/thumb/v7e-m+fp/hard/crt0.o
LOAD ./Core/Src/gpio.o
LOAD ./Core/Src/hidden_layer.o
LOAD ./Core/Src/hx711.o
LOAD ./Core/Src/i2c.o
LOAD ./Core/Src/kalman.o
LOAD ./Core/Src/main.o
LOAD ./Core/Src/motor.o
LOAD ./Core/Src/stm32f7xx_hal_msp.o
LOAD ./Core/Src/stm32f7xx_it.o
LOAD ./Core/Src/syscalls.o
LOAD ./Core/Src/sysmem.o
LOAD ./Core/Src/system_stm32f7xx.o
LOAD ./Core/Src/tim.o
LOAD ./Core/Src/usart.o
LOAD ./Core/Startup/startup_stm32f746nghx.o
LOAD ./Drivers/STM32F7xx_HAL_Driver/Src/stm32f7xx_hal.o
LOAD ./Drivers/STM32F7xx_HAL_Driver/Src/stm32f7xx_hal_cortex.o
LOAD ./Drivers/STM32F7xx_HAL_Driver/Src/stm32f7xx_hal_dma.o
LOAD ./Drivers/STM32F7xx_HAL_Driver/Src/stm32f7xx_hal_dma_ex.o
LOAD ./Drivers/STM32F7xx_HAL_Driver/Src/stm32f7xx_hal_exti.o
LOAD ./Drivers/STM32F7xx_HAL_Driver/Src/stm32f7xx_hal_flash.o
LOAD ./Drivers/STM32F7xx_HAL_Driver/Src/stm32f7xx_hal_flash_ex.o
LOAD ./Drivers/STM32F7xx_HAL_Driver/Src/stm32f7xx_hal_gpio.o
LOAD ./Drivers/STM32F7xx_HAL_Driver/Src/stm32f7xx_hal_i2c.o
LOAD ./Drivers/STM32F7xx_HAL_Driver/Src/stm32f7xx_hal_i2c_ex.o
LOAD ./Drivers/STM32F7xx_HAL_Driver/Src/stm32f7xx_hal_pwr.o
LOAD ./Drivers/STM32F7xx_HAL_Driver/Src/stm32f7xx_hal_pwr_ex.o
LOAD ./Drivers/STM32F7xx_HAL_Driver/Src/stm32f7xx_hal_rcc.o
LOAD ./Drivers/STM32F7xx_HAL_Driver/Src/stm32f7xx_hal_rcc_ex.o
LOAD ./Drivers/STM32F7xx_HAL_Driver/Src/stm32f7xx_hal_tim.o
LOAD ./Drivers/STM32F7xx_HAL_Driver/Src/stm32f7xx_hal_tim_ex.o
LOAD ./Drivers/STM32F7xx_HAL_Driver/Src/stm32f7xx_hal_uart.o
LOAD ./Drivers/STM32F7xx_HAL_Driver/Src/stm32f7xx_hal_uart_ex.o
LOAD ./Drivers/VL53L0X/core/src/vl53l0x_api.o
LOAD ./Drivers/VL53L0X/core/src/vl53l0x_api_calibration.o
LOAD ./Drivers/VL53L0X/core/src/vl53l0x_api_core.o
LOAD ./Drivers/VL53L0X/core/src/vl53l0x_api_ranging.o
LOAD ./Drivers/VL53L0X/core/src/vl53l0x_api_strings.o
LOAD ./Drivers/VL53L0X/platform/src/vl53l0x_platform.o
LOAD ./Drivers/VL53L0X/platform/src/vl53l0x_platform_log.o
START GROUP
LOAD c:/st/stm32cubeide_1.12.1/stm32cubeide/plugins/com.st.stm32cube.ide.mcu.externaltools.gnu-tools-for-stm32.10.3-2021.10.win32_1.0.200.202301161003/tools/bin/../lib/gcc/arm-none-eabi/10.3.1/../../../../arm-none-eabi/lib/thumb/v7e-m+fp/hard\libc_nano.a
LOAD c:/st/stm32cubeide_1.12.1/stm32cubeide/plugins/com.st.stm32cube.ide.mcu.externaltools.gnu-tools-for-stm32.10.3-2021.10.win32_1.0.200.202301161003/tools/bin/../lib/gcc/arm-none-eabi/10.3.1/../../../../arm-none-eabi/lib/thumb/v7e-m+fp/hard\libm.a
END GROUP
START GROUP
LOAD c:/st/stm32cubeide_1.12.1/stm32cubeide/plugins/com.st.stm32cube.ide.mcu.externaltools.gnu-tools-for-stm32.10.3-2021.10.win32_1.0.200.202301161003/tools/bin/../lib/gcc/arm-none-eabi/10.3.1/thumb/v7e-m+fp/hard\libgcc.a
LOAD c:/st/stm32cubeide_1.12.1/stm32cubeide/plugins/com.st.stm32cube.ide.mcu.externaltools.gnu-tools-for-stm32.10.3-2021.10.win32_1.0.200.202301161003/tools/bin/../lib/gcc/arm-none-eabi/10.3.1/../../../../arm-none-eabi/lib/thumb/v7e-m+fp/hard\libc_nano.a
END GROUP
START GROUP
LOAD c:/st/stm32cubeide_1.12.1/stm32cubeide/plugins/com.st.stm32cube.ide.mcu.externaltools.gnu-tools-for-stm32.10.3-2021.10.win32_1.0.200.202301161003/tools/bin/../lib/gcc/arm-none-eabi/10.3.1/thumb/v7e-m+fp/hard\libgcc.a
LOAD c:/st/stm32cubeide_1.12.1/stm32cubeide/plugins/com.st.stm32cube.ide.mcu.externaltools.gnu-tools-for-stm32.10.3-2021.10.win32_1.0.200.202301161003/tools/bin/../lib/gcc/arm-none-eabi/10.3.1/../../../../arm-none-eabi/lib/thumb/v7e-m+fp/hard\libc_nano.a
LOAD c:/st/stm32cubeide_1.12.1/stm32cubeide/plugins/com.st.stm32cube.ide.mcu.externaltools.gnu-tools-for-stm32.10.3-2021.10.win32_1.0.200.202301161003/tools/bin/../lib/gcc/arm-none-eabi/10.3.1/../../../../arm-none-eabi/lib/thumb/v7e-m+fp/hard\libnosys.a
END GROUP
START GROUP
LOAD c:/st/stm32cubeide_1.12.1/stm32cubeide/plugins/com.st.stm32cube.ide.mcu.externaltools.gnu-tools-for-stm32.10.3-2021.10.win32_1.0.200.202301161003/tools/bin/../lib/gcc/arm-none-eabi/10.3.1/thumb/v7e-m+fp/hard\libgcc.a
LOAD c:/st/stm32cubeide_1.12.1/stm32cubeide/plugins/com.st.stm32cube.ide.mcu.externaltools.gnu-tools-for-stm32.10.3-2021.10.win32_1.0.200.202301161003/tools/bin/../lib/gcc/arm-none-eabi/10.3.1/../../../../arm-none-eabi/lib/thumb/v7e-m+fp/hard\libc_nano.a
LOAD c:/st/stm32cubeide_1.12.1/stm32cubeide/plugins/com.st.stm32cube.ide.mcu.externaltools.gnu-tools-for-stm32.10.3-2021.10.win32_1.0.200.202301161003/tools/bin/../lib/gcc/arm-none-eabi/10.3.1/../../../../arm-none-eabi/lib/thumb/v7e-m+fp/hard\libnosys.a
END GROUP
LOAD c:/st/stm32cubeide_1.12.1/stm32cubeide/plugins/com.st.stm32cube.ide.mcu.externaltools.gnu-tools-for-stm32.10.3-2021.10.win32_1.0.200.202301161003/tools/bin/../lib/gcc/arm-none-eabi/10.3.1/thumb/v7e-m+fp/hard/crtend.o
LOAD c:/st/stm32cubeide_1.12.1/stm32cubeide/plugins/com.st.stm32cube.ide.mcu.externaltools.gnu-tools-for-stm32.10.3-2021.10.win32_1.0.200.202301161003/tools/bin/../lib/gcc/arm-none-eabi/10.3.1/thumb/v7e-m+fp/hard/crtn.o
                0x0000000020050000                _estack = (ORIGIN (RAM) + LENGTH (RAM))
                0x0000000000000200                _Min_Heap_Size = 0x200
                0x0000000000000400                _Min_Stack_Size = 0x400

.isr_vector     0x0000000008000000      0x1c8
                0x0000000008000000                . = ALIGN (0x4)
 *(.isr_vector)
 .isr_vector    0x0000000008000000      0x1c8 ./Core/Startup/startup_stm32f746nghx.o
                0x0000000008000000                g_pfnVectors
                0x00000000080001c8                . = ALIGN (0x4)

.text           0x00000000080001d0    0x14d9c
                0x00000000080001d0                . = ALIGN (0x4)
 *(.text)
 .text          0x00000000080001d0       0x40 c:/st/stm32cubeide_1.12.1/stm32cubeide/plugins/com.st.stm32cube.ide.mcu.externaltools.gnu-tools-for-stm32.10.3-2021.10.win32_1.0.200.202301161003/tools/bin/../lib/gcc/arm-none-eabi/10.3.1/thumb/v7e-m+fp/hard/crtbegin.o
 .text          0x0000000008000210       0x10 c:/st/stm32cubeide_1.12.1/stm32cubeide/plugins/com.st.stm32cube.ide.mcu.externaltools.gnu-tools-for-stm32.10.3-2021.10.win32_1.0.200.202301161003/tools/bin/../lib/gcc/arm-none-eabi/10.3.1/../../../../arm-none-eabi/lib/thumb/v7e-m+fp/hard\libc_nano.a(lib_a-strlen.o)
                0x0000000008000210                strlen
 .text          0x0000000008000220       0xa0 c:/st/stm32cubeide_1.12.1/stm32cubeide/plugins/com.st.stm32cube.ide.mcu.externaltools.gnu-tools-for-stm32.10.3-2021.10.win32_1.0.200.202301161003/tools/bin/../lib/gcc/arm-none-eabi/10.3.1/../../../../arm-none-eabi/lib/thumb/v7e-m+fp/hard\libc_nano.a(lib_a-memchr.o)
                0x0000000008000220                memchr
 .text          0x00000000080002c0      0x378 c:/st/stm32cubeide_1.12.1/stm32cubeide/plugins/com.st.stm32cube.ide.mcu.externaltools.gnu-tools-for-stm32.10.3-2021.10.win32_1.0.200.202301161003/tools/bin/../lib/gcc/arm-none-eabi/10.3.1/thumb/v7e-m+fp/hard\libgcc.a(_arm_addsubdf3.o)
                0x00000000080002c0                __aeabi_drsub
                0x00000000080002c8                __aeabi_dsub
                0x00000000080002c8                __subdf3
                0x00000000080002cc                __aeabi_dadd
                0x00000000080002cc                __adddf3
                0x0000000008000544                __floatunsidf
                0x0000000008000544                __aeabi_ui2d
                0x0000000008000564                __floatsidf
                0x0000000008000564                __aeabi_i2d
                0x0000000008000588                __aeabi_f2d
                0x0000000008000588                __extendsfdf2
                0x00000000080005cc                __floatundidf
                0x00000000080005cc                __aeabi_ul2d
                0x00000000080005dc                __floatdidf
                0x00000000080005dc                __aeabi_l2d
 .text          0x0000000008000638      0x424 c:/st/stm32cubeide_1.12.1/stm32cubeide/plugins/com.st.stm32cube.ide.mcu.externaltools.gnu-tools-for-stm32.10.3-2021.10.win32_1.0.200.202301161003/tools/bin/../lib/gcc/arm-none-eabi/10.3.1/thumb/v7e-m+fp/hard\libgcc.a(_arm_muldivdf3.o)
                0x0000000008000638                __aeabi_dmul
                0x0000000008000638                __muldf3
                0x000000000800088c                __divdf3
                0x000000000800088c                __aeabi_ddiv
 .text          0x0000000008000a5c      0x110 c:/st/stm32cubeide_1.12.1/stm32cubeide/plugins/com.st.stm32cube.ide.mcu.externaltools.gnu-tools-for-stm32.10.3-2021.10.win32_1.0.200.202301161003/tools/bin/../lib/gcc/arm-none-eabi/10.3.1/thumb/v7e-m+fp/hard\libgcc.a(_arm_cmpdf2.o)
                0x0000000008000a5c                __gtdf2
                0x0000000008000a5c                __gedf2
                0x0000000008000a64                __ltdf2
                0x0000000008000a64                __ledf2
                0x0000000008000a6c                __nedf2
                0x0000000008000a6c                __eqdf2
                0x0000000008000a6c                __cmpdf2
                0x0000000008000ae8                __aeabi_cdrcmple
                0x0000000008000af8                __aeabi_cdcmpeq
                0x0000000008000af8                __aeabi_cdcmple
                0x0000000008000b08                __aeabi_dcmpeq
                0x0000000008000b1c                __aeabi_dcmplt
                0x0000000008000b30                __aeabi_dcmple
                0x0000000008000b44                __aeabi_dcmpge
                0x0000000008000b58                __aeabi_dcmpgt
 .text          0x0000000008000b6c       0x2c c:/st/stm32cubeide_1.12.1/stm32cubeide/plugins/com.st.stm32cube.ide.mcu.externaltools.gnu-tools-for-stm32.10.3-2021.10.win32_1.0.200.202301161003/tools/bin/../lib/gcc/arm-none-eabi/10.3.1/thumb/v7e-m+fp/hard\libgcc.a(_arm_unorddf2.o)
                0x0000000008000b6c                __unorddf2
                0x0000000008000b6c                __aeabi_dcmpun
 .text          0x0000000008000b98       0x50 c:/st/stm32cubeide_1.12.1/stm32cubeide/plugins/com.st.stm32cube.ide.mcu.externaltools.gnu-tools-for-stm32.10.3-2021.10.win32_1.0.200.202301161003/tools/bin/../lib/gcc/arm-none-eabi/10.3.1/thumb/v7e-m+fp/hard\libgcc.a(_arm_fixdfsi.o)
                0x0000000008000b98                __aeabi_d2iz
                0x0000000008000b98                __fixdfsi
 .text          0x0000000008000be8       0x40 c:/st/stm32cubeide_1.12.1/stm32cubeide/plugins/com.st.stm32cube.ide.mcu.externaltools.gnu-tools-for-stm32.10.3-2021.10.win32_1.0.200.202301161003/tools/bin/../lib/gcc/arm-none-eabi/10.3.1/thumb/v7e-m+fp/hard\libgcc.a(_arm_fixunsdfsi.o)
                0x0000000008000be8                __aeabi_d2uiz
                0x0000000008000be8                __fixunsdfsi
 .text          0x0000000008000c28       0xa0 c:/st/stm32cubeide_1.12.1/stm32cubeide/plugins/com.st.stm32cube.ide.mcu.externaltools.gnu-tools-for-stm32.10.3-2021.10.win32_1.0.200.202301161003/tools/bin/../lib/gcc/arm-none-eabi/10.3.1/thumb/v7e-m+fp/hard\libgcc.a(_arm_truncdfsf2.o)
                0x0000000008000c28                __truncdfsf2
                0x0000000008000c28                __aeabi_d2f
 .text          0x0000000008000cc8       0x30 c:/st/stm32cubeide_1.12.1/stm32cubeide/plugins/com.st.stm32cube.ide.mcu.externaltools.gnu-tools-for-stm32.10.3-2021.10.win32_1.0.200.202301161003/tools/bin/../lib/gcc/arm-none-eabi/10.3.1/thumb/v7e-m+fp/hard\libgcc.a(_aeabi_uldivmod.o)
                0x0000000008000cc8                __aeabi_uldivmod
 .text          0x0000000008000cf8       0x30 c:/st/stm32cubeide_1.12.1/stm32cubeide/plugins/com.st.stm32cube.ide.mcu.externaltools.gnu-tools-for-stm32.10.3-2021.10.win32_1.0.200.202301161003/tools/bin/../lib/gcc/arm-none-eabi/10.3.1/thumb/v7e-m+fp/hard\libgcc.a(_fixdfdi.o)
                0x0000000008000cf8                __fixdfdi
                0x0000000008000cf8                __aeabi_d2lz
 .text          0x0000000008000d28       0x3c c:/st/stm32cubeide_1.12.1/stm32cubeide/plugins/com.st.stm32cube.ide.mcu.externaltools.gnu-tools-for-stm32.10.3-2021.10.win32_1.0.200.202301161003/tools/bin/../lib/gcc/arm-none-eabi/10.3.1/thumb/v7e-m+fp/hard\libgcc.a(_fixunsdfdi.o)
                0x0000000008000d28                __fixunsdfdi
                0x0000000008000d28                __aeabi_d2ulz
 .text          0x0000000008000d64      0x2d0 c:/st/stm32cubeide_1.12.1/stm32cubeide/plugins/com.st.stm32cube.ide.mcu.externaltools.gnu-tools-for-stm32.10.3-2021.10.win32_1.0.200.202301161003/tools/bin/../lib/gcc/arm-none-eabi/10.3.1/thumb/v7e-m+fp/hard\libgcc.a(_udivmoddi4.o)
                0x0000000008000d64                __udivmoddi4
 .text          0x0000000008001034        0x4 c:/st/stm32cubeide_1.12.1/stm32cubeide/plugins/com.st.stm32cube.ide.mcu.externaltools.gnu-tools-for-stm32.10.3-2021.10.win32_1.0.200.202301161003/tools/bin/../lib/gcc/arm-none-eabi/10.3.1/thumb/v7e-m+fp/hard\libgcc.a(_dvmd_tls.o)
                0x0000000008001034                __aeabi_idiv0
                0x0000000008001034                __aeabi_ldiv0
 *(.text*)
 .text.MX_GPIO_Init
                0x0000000008001038      0x190 ./Core/Src/gpio.o
                0x0000000008001038                MX_GPIO_Init
 .text.HX711_Init
                0x00000000080011c8       0x18 ./Core/Src/hx711.o
                0x00000000080011c8                HX711_Init
 .text.Read_HX711
                0x00000000080011e0       0x9c ./Core/Src/hx711.o
                0x00000000080011e0                Read_HX711
 .text.UART_SendWeight_g
                0x000000000800127c       0x74 ./Core/Src/hx711.o
                0x000000000800127c                UART_SendWeight_g
 .text.DelayMicroseconds
                0x00000000080012f0       0x28 ./Core/Src/hx711.o
                0x00000000080012f0                DelayMicroseconds
 .text.MX_I2C1_Init
                0x0000000008001318       0x80 ./Core/Src/i2c.o
                0x0000000008001318                MX_I2C1_Init
 .text.HAL_I2C_MspInit
                0x0000000008001398       0xc0 ./Core/Src/i2c.o
                0x0000000008001398                HAL_I2C_MspInit
 .text.main     0x0000000008001458     0x109c ./Core/Src/main.o
                0x0000000008001458                main
 .text.SystemClock_Config
                0x00000000080024f4       0xdc ./Core/Src/main.o
                0x00000000080024f4                SystemClock_Config
 .text.MX_NVIC_Init
                0x00000000080025d0       0x58 ./Core/Src/main.o
 .text.HAL_UART_RxCpltCallback
                0x0000000008002628       0x7c ./Core/Src/main.o
                0x0000000008002628                HAL_UART_RxCpltCallback
 .text.HAL_GPIO_EXTI_Callback
                0x00000000080026a4       0x7c ./Core/Src/main.o
                0x00000000080026a4                HAL_GPIO_EXTI_Callback
 .text.Error_Handler
                0x0000000008002720        0xa ./Core/Src/main.o
                0x0000000008002720                Error_Handler
 .text.assert_failed
                0x000000000800272a       0x16 ./Core/Src/main.o
                0x000000000800272a                assert_failed
 .text.stepRev  0x0000000008002740       0xd4 ./Core/Src/motor.o
                0x0000000008002740                stepRev
 .text.stepLin  0x0000000008002814      0x134 ./Core/Src/motor.o
                0x0000000008002814                stepLin
 .text.servo_angle
                0x0000000008002948       0x82 ./Core/Src/motor.o
                0x0000000008002948                servo_angle
 *fill*         0x00000000080029ca        0x2 
 .text.HAL_MspInit
                0x00000000080029cc       0x48 ./Core/Src/stm32f7xx_hal_msp.o
                0x00000000080029cc                HAL_MspInit
 .text.NMI_Handler
                0x0000000008002a14        0x6 ./Core/Src/stm32f7xx_it.o
                0x0000000008002a14                NMI_Handler
 .text.HardFault_Handler
                0x0000000008002a1a        0x6 ./Core/Src/stm32f7xx_it.o
                0x0000000008002a1a                HardFault_Handler
 .text.MemManage_Handler
                0x0000000008002a20        0x6 ./Core/Src/stm32f7xx_it.o
                0x0000000008002a20                MemManage_Handler
 .text.BusFault_Handler
                0x0000000008002a26        0x6 ./Core/Src/stm32f7xx_it.o
                0x0000000008002a26                BusFault_Handler
 .text.UsageFault_Handler
                0x0000000008002a2c        0x6 ./Core/Src/stm32f7xx_it.o
                0x0000000008002a2c                UsageFault_Handler
 .text.SVC_Handler
                0x0000000008002a32        0xe ./Core/Src/stm32f7xx_it.o
                0x0000000008002a32                SVC_Handler
 .text.DebugMon_Handler
                0x0000000008002a40        0xe ./Core/Src/stm32f7xx_it.o
                0x0000000008002a40                DebugMon_Handler
 .text.PendSV_Handler
                0x0000000008002a4e        0xe ./Core/Src/stm32f7xx_it.o
                0x0000000008002a4e                PendSV_Handler
 .text.SysTick_Handler
                0x0000000008002a5c        0xc ./Core/Src/stm32f7xx_it.o
                0x0000000008002a5c                SysTick_Handler
 .text.EXTI9_5_IRQHandler
                0x0000000008002a68       0x10 ./Core/Src/stm32f7xx_it.o
                0x0000000008002a68                EXTI9_5_IRQHandler
 .text.TIM2_IRQHandler
                0x0000000008002a78       0x14 ./Core/Src/stm32f7xx_it.o
                0x0000000008002a78                TIM2_IRQHandler
 .text.I2C1_EV_IRQHandler
                0x0000000008002a8c       0x14 ./Core/Src/stm32f7xx_it.o
                0x0000000008002a8c                I2C1_EV_IRQHandler
 .text.I2C1_ER_IRQHandler
                0x0000000008002aa0       0x14 ./Core/Src/stm32f7xx_it.o
                0x0000000008002aa0                I2C1_ER_IRQHandler
 .text.USART1_IRQHandler
                0x0000000008002ab4       0x14 ./Core/Src/stm32f7xx_it.o
                0x0000000008002ab4                USART1_IRQHandler
 .text.EXTI15_10_IRQHandler
                0x0000000008002ac8       0x10 ./Core/Src/stm32f7xx_it.o
                0x0000000008002ac8                EXTI15_10_IRQHandler
 .text.TIM7_IRQHandler
                0x0000000008002ad8       0x14 ./Core/Src/stm32f7xx_it.o
                0x0000000008002ad8                TIM7_IRQHandler
 .text._getpid  0x0000000008002aec       0x10 ./Core/Src/syscalls.o
                0x0000000008002aec                _getpid
 .text._kill    0x0000000008002afc       0x20 ./Core/Src/syscalls.o
                0x0000000008002afc                _kill
 .text._exit    0x0000000008002b1c       0x14 ./Core/Src/syscalls.o
                0x0000000008002b1c                _exit
 .text._read    0x0000000008002b30       0x3a ./Core/Src/syscalls.o
                0x0000000008002b30                _read
 .text._write   0x0000000008002b6a       0x38 ./Core/Src/syscalls.o
                0x0000000008002b6a                _write
 .text._close   0x0000000008002ba2       0x18 ./Core/Src/syscalls.o
                0x0000000008002ba2                _close
 .text._fstat   0x0000000008002bba       0x20 ./Core/Src/syscalls.o
                0x0000000008002bba                _fstat
 .text._isatty  0x0000000008002bda       0x16 ./Core/Src/syscalls.o
                0x0000000008002bda                _isatty
 .text._lseek   0x0000000008002bf0       0x1a ./Core/Src/syscalls.o
                0x0000000008002bf0                _lseek
 *fill*         0x0000000008002c0a        0x2 
 .text._sbrk    0x0000000008002c0c       0x6c ./Core/Src/sysmem.o
                0x0000000008002c0c                _sbrk
 .text.SystemInit
                0x0000000008002c78       0x24 ./Core/Src/system_stm32f7xx.o
                0x0000000008002c78                SystemInit
 .text.MX_TIM2_Init
                0x0000000008002c9c       0xec ./Core/Src/tim.o
                0x0000000008002c9c                MX_TIM2_Init
 .text.MX_TIM7_Init
                0x0000000008002d88       0x6c ./Core/Src/tim.o
                0x0000000008002d88                MX_TIM7_Init
 .text.HAL_TIM_Base_MspInit
                0x0000000008002df4       0x64 ./Core/Src/tim.o
                0x0000000008002df4                HAL_TIM_Base_MspInit
 .text.HAL_TIM_MspPostInit
                0x0000000008002e58       0x6c ./Core/Src/tim.o
                0x0000000008002e58                HAL_TIM_MspPostInit
 .text.MX_USART1_UART_Init
                0x0000000008002ec4       0x60 ./Core/Src/usart.o
                0x0000000008002ec4                MX_USART1_UART_Init
 .text.HAL_UART_MspInit
                0x0000000008002f24      0x104 ./Core/Src/usart.o
                0x0000000008002f24                HAL_UART_MspInit
 .text.Reset_Handler
                0x0000000008003028       0x50 ./Core/Startup/startup_stm32f746nghx.o
                0x0000000008003028                Reset_Handler
 .text.Default_Handler
                0x0000000008003078        0x2 ./Core/Startup/startup_stm32f746nghx.o
                0x0000000008003078                RTC_Alarm_IRQHandler
                0x0000000008003078                EXTI2_IRQHandler
                0x0000000008003078                TIM8_CC_IRQHandler
                0x0000000008003078                UART8_IRQHandler
                0x0000000008003078                SPI4_IRQHandler
                0x0000000008003078                TIM1_CC_IRQHandler
                0x0000000008003078                DMA2_Stream5_IRQHandler
                0x0000000008003078                DMA1_Stream5_IRQHandler
                0x0000000008003078                PVD_IRQHandler
                0x0000000008003078                TAMP_STAMP_IRQHandler
                0x0000000008003078                CAN2_RX1_IRQHandler
                0x0000000008003078                EXTI3_IRQHandler
                0x0000000008003078                TIM8_TRG_COM_TIM14_IRQHandler
                0x0000000008003078                TIM1_UP_TIM10_IRQHandler
                0x0000000008003078                TIM8_UP_TIM13_IRQHandler
                0x0000000008003078                I2C3_ER_IRQHandler
                0x0000000008003078                EXTI0_IRQHandler
                0x0000000008003078                I2C2_EV_IRQHandler
                0x0000000008003078                DMA1_Stream2_IRQHandler
                0x0000000008003078                CAN1_RX0_IRQHandler
                0x0000000008003078                FPU_IRQHandler
                0x0000000008003078                OTG_HS_WKUP_IRQHandler
                0x0000000008003078                LTDC_ER_IRQHandler
                0x0000000008003078                CAN2_SCE_IRQHandler
                0x0000000008003078                DMA2_Stream2_IRQHandler
                0x0000000008003078                SPI1_IRQHandler
                0x0000000008003078                TIM6_DAC_IRQHandler
                0x0000000008003078                TIM1_BRK_TIM9_IRQHandler
                0x0000000008003078                DCMI_IRQHandler
                0x0000000008003078                CAN2_RX0_IRQHandler
                0x0000000008003078                DMA2_Stream3_IRQHandler
                0x0000000008003078                SAI2_IRQHandler
                0x0000000008003078                USART6_IRQHandler
                0x0000000008003078                USART3_IRQHandler
                0x0000000008003078                CAN1_RX1_IRQHandler
                0x0000000008003078                UART5_IRQHandler
                0x0000000008003078                DMA2_Stream0_IRQHandler
                0x0000000008003078                TIM4_IRQHandler
                0x0000000008003078                QUADSPI_IRQHandler
                0x0000000008003078                DMA1_Stream6_IRQHandler
                0x0000000008003078                DMA1_Stream1_IRQHandler
                0x0000000008003078                UART4_IRQHandler
                0x0000000008003078                TIM3_IRQHandler
                0x0000000008003078                RCC_IRQHandler
                0x0000000008003078                TIM8_BRK_TIM12_IRQHandler
                0x0000000008003078                Default_Handler
                0x0000000008003078                CEC_IRQHandler
                0x0000000008003078                ADC_IRQHandler
                0x0000000008003078                DMA1_Stream7_IRQHandler
                0x0000000008003078                SPI5_IRQHandler
                0x0000000008003078                SDMMC1_IRQHandler
                0x0000000008003078                CAN2_TX_IRQHandler
                0x0000000008003078                TIM5_IRQHandler
                0x0000000008003078                DMA2_Stream7_IRQHandler
                0x0000000008003078                I2C3_EV_IRQHandler
                0x0000000008003078                RTC_WKUP_IRQHandler
                0x0000000008003078                LTDC_IRQHandler
                0x0000000008003078                ETH_WKUP_IRQHandler
                0x0000000008003078                SPDIF_RX_IRQHandler
                0x0000000008003078                SPI2_IRQHandler
                0x0000000008003078                OTG_HS_EP1_IN_IRQHandler
                0x0000000008003078                DMA1_Stream0_IRQHandler
                0x0000000008003078                CAN1_TX_IRQHandler
                0x0000000008003078                EXTI4_IRQHandler
                0x0000000008003078                RNG_IRQHandler
                0x0000000008003078                ETH_IRQHandler
                0x0000000008003078                OTG_HS_EP1_OUT_IRQHandler
                0x0000000008003078                WWDG_IRQHandler
                0x0000000008003078                SPI6_IRQHandler
                0x0000000008003078                I2C4_EV_IRQHandler
                0x0000000008003078                OTG_FS_WKUP_IRQHandler
                0x0000000008003078                TIM1_TRG_COM_TIM11_IRQHandler
                0x0000000008003078                OTG_HS_IRQHandler
                0x0000000008003078                DMA2D_IRQHandler
                0x0000000008003078                EXTI1_IRQHandler
                0x0000000008003078                UART7_IRQHandler
                0x0000000008003078                USART2_IRQHandler
                0x0000000008003078                I2C2_ER_IRQHandler
                0x0000000008003078                DMA2_Stream1_IRQHandler
                0x0000000008003078                CAN1_SCE_IRQHandler
                0x0000000008003078                FLASH_IRQHandler
                0x0000000008003078                DMA2_Stream4_IRQHandler
                0x0000000008003078                OTG_FS_IRQHandler
                0x0000000008003078                SPI3_IRQHandler
                0x0000000008003078                DMA1_Stream4_IRQHandler
                0x0000000008003078                FMC_IRQHandler
                0x0000000008003078                LPTIM1_IRQHandler
                0x0000000008003078                I2C4_ER_IRQHandler
                0x0000000008003078                DMA2_Stream6_IRQHandler
                0x0000000008003078                SAI1_IRQHandler
                0x0000000008003078                DMA1_Stream3_IRQHandler
 .text.HAL_Init
                0x000000000800307a       0x1a ./Drivers/STM32F7xx_HAL_Driver/Src/stm32f7xx_hal.o
                0x000000000800307a                HAL_Init
 .text.HAL_InitTick
                0x0000000008003094       0x60 ./Drivers/STM32F7xx_HAL_Driver/Src/stm32f7xx_hal.o
                0x0000000008003094                HAL_InitTick
 .text.HAL_IncTick
                0x00000000080030f4       0x28 ./Drivers/STM32F7xx_HAL_Driver/Src/stm32f7xx_hal.o
                0x00000000080030f4                HAL_IncTick
 .text.HAL_GetTick
                0x000000000800311c       0x18 ./Drivers/STM32F7xx_HAL_Driver/Src/stm32f7xx_hal.o
                0x000000000800311c                HAL_GetTick
 .text.HAL_Delay
                0x0000000008003134       0x48 ./Drivers/STM32F7xx_HAL_Driver/Src/stm32f7xx_hal.o
                0x0000000008003134                HAL_Delay
 .text.__NVIC_SetPriorityGrouping
                0x000000000800317c       0x48 ./Drivers/STM32F7xx_HAL_Driver/Src/stm32f7xx_hal_cortex.o
 .text.__NVIC_GetPriorityGrouping
                0x00000000080031c4       0x1c ./Drivers/STM32F7xx_HAL_Driver/Src/stm32f7xx_hal_cortex.o
 .text.__NVIC_EnableIRQ
                0x00000000080031e0       0x3c ./Drivers/STM32F7xx_HAL_Driver/Src/stm32f7xx_hal_cortex.o
 .text.__NVIC_SetPriority
                0x000000000800321c       0x54 ./Drivers/STM32F7xx_HAL_Driver/Src/stm32f7xx_hal_cortex.o
 .text.NVIC_EncodePriority
                0x0000000008003270       0x66 ./Drivers/STM32F7xx_HAL_Driver/Src/stm32f7xx_hal_cortex.o
 *fill*         0x00000000080032d6        0x2 
 .text.SysTick_Config
                0x00000000080032d8       0x44 ./Drivers/STM32F7xx_HAL_Driver/Src/stm32f7xx_hal_cortex.o
 .text.HAL_NVIC_SetPriorityGrouping
                0x000000000800331c       0x40 ./Drivers/STM32F7xx_HAL_Driver/Src/stm32f7xx_hal_cortex.o
                0x000000000800331c                HAL_NVIC_SetPriorityGrouping
 .text.HAL_NVIC_SetPriority
                0x000000000800335c       0x58 ./Drivers/STM32F7xx_HAL_Driver/Src/stm32f7xx_hal_cortex.o
                0x000000000800335c                HAL_NVIC_SetPriority
 .text.HAL_NVIC_EnableIRQ
                0x00000000080033b4       0x30 ./Drivers/STM32F7xx_HAL_Driver/Src/stm32f7xx_hal_cortex.o
                0x00000000080033b4                HAL_NVIC_EnableIRQ
 .text.HAL_SYSTICK_Config
                0x00000000080033e4       0x18 ./Drivers/STM32F7xx_HAL_Driver/Src/stm32f7xx_hal_cortex.o
                0x00000000080033e4                HAL_SYSTICK_Config
 .text.HAL_DMA_Abort
                0x00000000080033fc       0xe0 ./Drivers/STM32F7xx_HAL_Driver/Src/stm32f7xx_hal_dma.o
                0x00000000080033fc                HAL_DMA_Abort
 .text.HAL_DMA_Abort_IT
                0x00000000080034dc       0x44 ./Drivers/STM32F7xx_HAL_Driver/Src/stm32f7xx_hal_dma.o
                0x00000000080034dc                HAL_DMA_Abort_IT
 .text.HAL_DMA_GetState
                0x0000000008003520       0x1c ./Drivers/STM32F7xx_HAL_Driver/Src/stm32f7xx_hal_dma.o
                0x0000000008003520                HAL_DMA_GetState
 .text.HAL_GPIO_Init
                0x000000000800353c      0x6e0 ./Drivers/STM32F7xx_HAL_Driver/Src/stm32f7xx_hal_gpio.o
                0x000000000800353c                HAL_GPIO_Init
 .text.HAL_GPIO_ReadPin
                0x0000000008003c1c       0x40 ./Drivers/STM32F7xx_HAL_Driver/Src/stm32f7xx_hal_gpio.o
                0x0000000008003c1c                HAL_GPIO_ReadPin
 .text.HAL_GPIO_WritePin
                0x0000000008003c5c       0x58 ./Drivers/STM32F7xx_HAL_Driver/Src/stm32f7xx_hal_gpio.o
                0x0000000008003c5c                HAL_GPIO_WritePin
 .text.HAL_GPIO_EXTI_IRQHandler
                0x0000000008003cb4       0x30 ./Drivers/STM32F7xx_HAL_Driver/Src/stm32f7xx_hal_gpio.o
                0x0000000008003cb4                HAL_GPIO_EXTI_IRQHandler
 .text.HAL_I2C_Init
                0x0000000008003ce4      0x244 ./Drivers/STM32F7xx_HAL_Driver/Src/stm32f7xx_hal_i2c.o
                0x0000000008003ce4                HAL_I2C_Init
 .text.HAL_I2C_Master_Transmit
                0x0000000008003f28      0x1e8 ./Drivers/STM32F7xx_HAL_Driver/Src/stm32f7xx_hal_i2c.o
                0x0000000008003f28                HAL_I2C_Master_Transmit
 .text.HAL_I2C_Master_Receive
                0x0000000008004110      0x1ec ./Drivers/STM32F7xx_HAL_Driver/Src/stm32f7xx_hal_i2c.o
                0x0000000008004110                HAL_I2C_Master_Receive
 .text.HAL_I2C_EV_IRQHandler
                0x00000000080042fc       0x34 ./Drivers/STM32F7xx_HAL_Driver/Src/stm32f7xx_hal_i2c.o
                0x00000000080042fc                HAL_I2C_EV_IRQHandler
 .text.HAL_I2C_ER_IRQHandler
                0x0000000008004330       0xc2 ./Drivers/STM32F7xx_HAL_Driver/Src/stm32f7xx_hal_i2c.o
                0x0000000008004330                HAL_I2C_ER_IRQHandler
 .text.HAL_I2C_SlaveTxCpltCallback
                0x00000000080043f2       0x14 ./Drivers/STM32F7xx_HAL_Driver/Src/stm32f7xx_hal_i2c.o
                0x00000000080043f2                HAL_I2C_SlaveTxCpltCallback
 .text.HAL_I2C_SlaveRxCpltCallback
                0x0000000008004406       0x14 ./Drivers/STM32F7xx_HAL_Driver/Src/stm32f7xx_hal_i2c.o
                0x0000000008004406                HAL_I2C_SlaveRxCpltCallback
 .text.HAL_I2C_AddrCallback
                0x000000000800441a       0x1c ./Drivers/STM32F7xx_HAL_Driver/Src/stm32f7xx_hal_i2c.o
                0x000000000800441a                HAL_I2C_AddrCallback
 .text.HAL_I2C_ListenCpltCallback
                0x0000000008004436       0x14 ./Drivers/STM32F7xx_HAL_Driver/Src/stm32f7xx_hal_i2c.o
                0x0000000008004436                HAL_I2C_ListenCpltCallback
 .text.HAL_I2C_ErrorCallback
                0x000000000800444a       0x14 ./Drivers/STM32F7xx_HAL_Driver/Src/stm32f7xx_hal_i2c.o
                0x000000000800444a                HAL_I2C_ErrorCallback
 .text.HAL_I2C_AbortCpltCallback
                0x000000000800445e       0x14 ./Drivers/STM32F7xx_HAL_Driver/Src/stm32f7xx_hal_i2c.o
                0x000000000800445e                HAL_I2C_AbortCpltCallback
 .text.I2C_Slave_ISR_IT
                0x0000000008004472      0x206 ./Drivers/STM32F7xx_HAL_Driver/Src/stm32f7xx_hal_i2c.o
 .text.I2C_ITAddrCplt
                0x0000000008004678      0x108 ./Drivers/STM32F7xx_HAL_Driver/Src/stm32f7xx_hal_i2c.o
 .text.I2C_ITSlaveSeqCplt
                0x0000000008004780       0xbc ./Drivers/STM32F7xx_HAL_Driver/Src/stm32f7xx_hal_i2c.o
 .text.I2C_ITSlaveCplt
                0x000000000800483c      0x214 ./Drivers/STM32F7xx_HAL_Driver/Src/stm32f7xx_hal_i2c.o
 .text.I2C_ITListenCplt
                0x0000000008004a50       0xac ./Drivers/STM32F7xx_HAL_Driver/Src/stm32f7xx_hal_i2c.o
 .text.I2C_ITError
                0x0000000008004afc      0x1a0 ./Drivers/STM32F7xx_HAL_Driver/Src/stm32f7xx_hal_i2c.o
 .text.I2C_TreatErrorCallback
                0x0000000008004c9c       0x4e ./Drivers/STM32F7xx_HAL_Driver/Src/stm32f7xx_hal_i2c.o
 .text.I2C_Flush_TXDR
                0x0000000008004cea       0x48 ./Drivers/STM32F7xx_HAL_Driver/Src/stm32f7xx_hal_i2c.o
 .text.I2C_DMAAbort
                0x0000000008004d32       0x3c ./Drivers/STM32F7xx_HAL_Driver/Src/stm32f7xx_hal_i2c.o
 .text.I2C_WaitOnFlagUntilTimeout
                0x0000000008004d6e       0x80 ./Drivers/STM32F7xx_HAL_Driver/Src/stm32f7xx_hal_i2c.o
 .text.I2C_WaitOnTXISFlagUntilTimeout
                0x0000000008004dee       0x80 ./Drivers/STM32F7xx_HAL_Driver/Src/stm32f7xx_hal_i2c.o
 .text.I2C_WaitOnSTOPFlagUntilTimeout
                0x0000000008004e6e       0x78 ./Drivers/STM32F7xx_HAL_Driver/Src/stm32f7xx_hal_i2c.o
 *fill*         0x0000000008004ee6        0x2 
 .text.I2C_WaitOnRXNEFlagUntilTimeout
                0x0000000008004ee8       0xf4 ./Drivers/STM32F7xx_HAL_Driver/Src/stm32f7xx_hal_i2c.o
 .text.I2C_IsErrorOccurred
                0x0000000008004fdc      0x1c0 ./Drivers/STM32F7xx_HAL_Driver/Src/stm32f7xx_hal_i2c.o
 .text.I2C_TransferConfig
                0x000000000800519c       0xf8 ./Drivers/STM32F7xx_HAL_Driver/Src/stm32f7xx_hal_i2c.o
 .text.I2C_Disable_IRQ
                0x0000000008005294       0xbc ./Drivers/STM32F7xx_HAL_Driver/Src/stm32f7xx_hal_i2c.o
 .text.HAL_I2CEx_ConfigAnalogFilter
                0x0000000008005350       0xec ./Drivers/STM32F7xx_HAL_Driver/Src/stm32f7xx_hal_i2c_ex.o
                0x0000000008005350                HAL_I2CEx_ConfigAnalogFilter
 .text.HAL_I2CEx_ConfigDigitalFilter
                0x000000000800543c       0xe8 ./Drivers/STM32F7xx_HAL_Driver/Src/stm32f7xx_hal_i2c_ex.o
                0x000000000800543c                HAL_I2CEx_ConfigDigitalFilter
 .text.HAL_PWREx_EnableOverDrive
                0x0000000008005524       0xa0 ./Drivers/STM32F7xx_HAL_Driver/Src/stm32f7xx_hal_pwr_ex.o
                0x0000000008005524                HAL_PWREx_EnableOverDrive
 .text.HAL_RCC_OscConfig
                0x00000000080055c4      0x6b4 ./Drivers/STM32F7xx_HAL_Driver/Src/stm32f7xx_hal_rcc.o
                0x00000000080055c4                HAL_RCC_OscConfig
 .text.HAL_RCC_ClockConfig
                0x0000000008005c78      0x350 ./Drivers/STM32F7xx_HAL_Driver/Src/stm32f7xx_hal_rcc.o
                0x0000000008005c78                HAL_RCC_ClockConfig
 .text.HAL_RCC_GetSysClockFreq
                0x0000000008005fc8      0x18c ./Drivers/STM32F7xx_HAL_Driver/Src/stm32f7xx_hal_rcc.o
                0x0000000008005fc8                HAL_RCC_GetSysClockFreq
 .text.HAL_RCC_GetHCLKFreq
                0x0000000008006154       0x18 ./Drivers/STM32F7xx_HAL_Driver/Src/stm32f7xx_hal_rcc.o
                0x0000000008006154                HAL_RCC_GetHCLKFreq
 .text.HAL_RCC_GetPCLK1Freq
                0x000000000800616c       0x28 ./Drivers/STM32F7xx_HAL_Driver/Src/stm32f7xx_hal_rcc.o
                0x000000000800616c                HAL_RCC_GetPCLK1Freq
 .text.HAL_RCC_GetPCLK2Freq
                0x0000000008006194       0x28 ./Drivers/STM32F7xx_HAL_Driver/Src/stm32f7xx_hal_rcc.o
                0x0000000008006194                HAL_RCC_GetPCLK2Freq
 .text.HAL_RCCEx_PeriphCLKConfig
                0x00000000080061bc      0xfc8 ./Drivers/STM32F7xx_HAL_Driver/Src/stm32f7xx_hal_rcc_ex.o
                0x00000000080061bc                HAL_RCCEx_PeriphCLKConfig
 .text.HAL_TIM_Base_Init
                0x0000000008007184      0x240 ./Drivers/STM32F7xx_HAL_Driver/Src/stm32f7xx_hal_tim.o
                0x0000000008007184                HAL_TIM_Base_Init
 .text.HAL_TIM_PWM_Init
                0x00000000080073c4      0x240 ./Drivers/STM32F7xx_HAL_Driver/Src/stm32f7xx_hal_tim.o
                0x00000000080073c4                HAL_TIM_PWM_Init
 .text.HAL_TIM_PWM_MspInit
                0x0000000008007604       0x14 ./Drivers/STM32F7xx_HAL_Driver/Src/stm32f7xx_hal_tim.o
                0x0000000008007604                HAL_TIM_PWM_MspInit
 .text.HAL_TIM_PWM_Start
                0x0000000008007618      0x394 ./Drivers/STM32F7xx_HAL_Driver/Src/stm32f7xx_hal_tim.o
                0x0000000008007618                HAL_TIM_PWM_Start
 .text.HAL_TIM_IRQHandler
                0x00000000080079ac      0x23e ./Drivers/STM32F7xx_HAL_Driver/Src/stm32f7xx_hal_tim.o
                0x00000000080079ac                HAL_TIM_IRQHandler
 *fill*         0x0000000008007bea        0x2 
 .text.HAL_TIM_PWM_ConfigChannel
                0x0000000008007bec      0x4d0 ./Drivers/STM32F7xx_HAL_Driver/Src/stm32f7xx_hal_tim.o
                0x0000000008007bec                HAL_TIM_PWM_ConfigChannel
 .text.HAL_TIM_ConfigClockSource
                0x00000000080080bc      0x6a4 ./Drivers/STM32F7xx_HAL_Driver/Src/stm32f7xx_hal_tim.o
                0x00000000080080bc                HAL_TIM_ConfigClockSource
 .text.HAL_TIM_PeriodElapsedCallback
                0x0000000008008760       0x14 ./Drivers/STM32F7xx_HAL_Driver/Src/stm32f7xx_hal_tim.o
                0x0000000008008760                HAL_TIM_PeriodElapsedCallback
 .text.HAL_TIM_OC_DelayElapsedCallback
                0x0000000008008774       0x14 ./Drivers/STM32F7xx_HAL_Driver/Src/stm32f7xx_hal_tim.o
                0x0000000008008774                HAL_TIM_OC_DelayElapsedCallback
 .text.HAL_TIM_IC_CaptureCallback
                0x0000000008008788       0x14 ./Drivers/STM32F7xx_HAL_Driver/Src/stm32f7xx_hal_tim.o
                0x0000000008008788                HAL_TIM_IC_CaptureCallback
 .text.HAL_TIM_PWM_PulseFinishedCallback
                0x000000000800879c       0x14 ./Drivers/STM32F7xx_HAL_Driver/Src/stm32f7xx_hal_tim.o
                0x000000000800879c                HAL_TIM_PWM_PulseFinishedCallback
 .text.HAL_TIM_TriggerCallback
                0x00000000080087b0       0x14 ./Drivers/STM32F7xx_HAL_Driver/Src/stm32f7xx_hal_tim.o
                0x00000000080087b0                HAL_TIM_TriggerCallback
 .text.TIM_Base_SetConfig
                0x00000000080087c4      0x140 ./Drivers/STM32F7xx_HAL_Driver/Src/stm32f7xx_hal_tim.o
                0x00000000080087c4                TIM_Base_SetConfig
 .text.TIM_OC1_SetConfig
                0x0000000008008904      0x138 ./Drivers/STM32F7xx_HAL_Driver/Src/stm32f7xx_hal_tim.o
 .text.TIM_OC2_SetConfig
                0x0000000008008a3c      0x140 ./Drivers/STM32F7xx_HAL_Driver/Src/stm32f7xx_hal_tim.o
                0x0000000008008a3c                TIM_OC2_SetConfig
 .text.TIM_OC3_SetConfig
                0x0000000008008b7c      0x140 ./Drivers/STM32F7xx_HAL_Driver/Src/stm32f7xx_hal_tim.o
 .text.TIM_OC4_SetConfig
                0x0000000008008cbc       0xcc ./Drivers/STM32F7xx_HAL_Driver/Src/stm32f7xx_hal_tim.o
 .text.TIM_OC5_SetConfig
                0x0000000008008d88       0xa4 ./Drivers/STM32F7xx_HAL_Driver/Src/stm32f7xx_hal_tim.o
 .text.TIM_OC6_SetConfig
                0x0000000008008e2c       0xa8 ./Drivers/STM32F7xx_HAL_Driver/Src/stm32f7xx_hal_tim.o
 .text.TIM_TI1_ConfigInputStage
                0x0000000008008ed4       0x5e ./Drivers/STM32F7xx_HAL_Driver/Src/stm32f7xx_hal_tim.o
 .text.TIM_TI2_ConfigInputStage
                0x0000000008008f32       0x60 ./Drivers/STM32F7xx_HAL_Driver/Src/stm32f7xx_hal_tim.o
 .text.TIM_ITRx_SetConfig
                0x0000000008008f92       0x36 ./Drivers/STM32F7xx_HAL_Driver/Src/stm32f7xx_hal_tim.o
 .text.TIM_ETR_SetConfig
                0x0000000008008fc8       0x40 ./Drivers/STM32F7xx_HAL_Driver/Src/stm32f7xx_hal_tim.o
                0x0000000008008fc8                TIM_ETR_SetConfig
 .text.TIM_CCxChannelCmd
                0x0000000008009008      0x114 ./Drivers/STM32F7xx_HAL_Driver/Src/stm32f7xx_hal_tim.o
                0x0000000008009008                TIM_CCxChannelCmd
 .text.HAL_TIMEx_MasterConfigSynchronization
                0x000000000800911c      0x2b0 ./Drivers/STM32F7xx_HAL_Driver/Src/stm32f7xx_hal_tim_ex.o
                0x000000000800911c                HAL_TIMEx_MasterConfigSynchronization
 .text.HAL_TIMEx_CommutCallback
                0x00000000080093cc       0x14 ./Drivers/STM32F7xx_HAL_Driver/Src/stm32f7xx_hal_tim_ex.o
                0x00000000080093cc                HAL_TIMEx_CommutCallback
 .text.HAL_TIMEx_BreakCallback
                0x00000000080093e0       0x14 ./Drivers/STM32F7xx_HAL_Driver/Src/stm32f7xx_hal_tim_ex.o
                0x00000000080093e0                HAL_TIMEx_BreakCallback
 .text.HAL_TIMEx_Break2Callback
                0x00000000080093f4       0x14 ./Drivers/STM32F7xx_HAL_Driver/Src/stm32f7xx_hal_tim_ex.o
                0x00000000080093f4                HAL_TIMEx_Break2Callback
 .text.HAL_UART_Init
                0x0000000008009408      0x180 ./Drivers/STM32F7xx_HAL_Driver/Src/stm32f7xx_hal_uart.o
                0x0000000008009408                HAL_UART_Init
 .text.HAL_UART_Transmit
                0x0000000008009588      0x106 ./Drivers/STM32F7xx_HAL_Driver/Src/stm32f7xx_hal_uart.o
                0x0000000008009588                HAL_UART_Transmit
 .text.HAL_UART_Receive_IT
                0x000000000800968e       0x88 ./Drivers/STM32F7xx_HAL_Driver/Src/stm32f7xx_hal_uart.o
                0x000000000800968e                HAL_UART_Receive_IT
 *fill*         0x0000000008009716        0x2 
 .text.HAL_UART_IRQHandler
                0x0000000008009718      0x5a4 ./Drivers/STM32F7xx_HAL_Driver/Src/stm32f7xx_hal_uart.o
                0x0000000008009718                HAL_UART_IRQHandler
 .text.HAL_UART_TxCpltCallback
                0x0000000008009cbc       0x14 ./Drivers/STM32F7xx_HAL_Driver/Src/stm32f7xx_hal_uart.o
                0x0000000008009cbc                HAL_UART_TxCpltCallback
 .text.HAL_UART_ErrorCallback
                0x0000000008009cd0       0x14 ./Drivers/STM32F7xx_HAL_Driver/Src/stm32f7xx_hal_uart.o
                0x0000000008009cd0                HAL_UART_ErrorCallback
 .text.HAL_UARTEx_RxEventCallback
                0x0000000008009ce4       0x18 ./Drivers/STM32F7xx_HAL_Driver/Src/stm32f7xx_hal_uart.o
                0x0000000008009ce4                HAL_UARTEx_RxEventCallback
 .text.UART_SetConfig
                0x0000000008009cfc      0x5ec ./Drivers/STM32F7xx_HAL_Driver/Src/stm32f7xx_hal_uart.o
                0x0000000008009cfc                UART_SetConfig
 .text.UART_AdvFeatureConfig
                0x000000000800a2e8      0x2b0 ./Drivers/STM32F7xx_HAL_Driver/Src/stm32f7xx_hal_uart.o
                0x000000000800a2e8                UART_AdvFeatureConfig
 .text.UART_CheckIdleState
                0x000000000800a598       0x6e ./Drivers/STM32F7xx_HAL_Driver/Src/stm32f7xx_hal_uart.o
                0x000000000800a598                UART_CheckIdleState
 .text.UART_WaitOnFlagUntilTimeout
                0x000000000800a606      0x18c ./Drivers/STM32F7xx_HAL_Driver/Src/stm32f7xx_hal_uart.o
                0x000000000800a606                UART_WaitOnFlagUntilTimeout
 *fill*         0x000000000800a792        0x2 
 .text.UART_Start_Receive_IT
                0x000000000800a794      0x18c ./Drivers/STM32F7xx_HAL_Driver/Src/stm32f7xx_hal_uart.o
                0x000000000800a794                UART_Start_Receive_IT
 .text.UART_EndRxTransfer
                0x000000000800a920       0xc8 ./Drivers/STM32F7xx_HAL_Driver/Src/stm32f7xx_hal_uart.o
 .text.UART_DMAAbortOnError
                0x000000000800a9e8       0x2c ./Drivers/STM32F7xx_HAL_Driver/Src/stm32f7xx_hal_uart.o
 .text.UART_EndTransmit_IT
                0x000000000800aa14       0x54 ./Drivers/STM32F7xx_HAL_Driver/Src/stm32f7xx_hal_uart.o
 .text.UART_RxISR_8BIT
                0x000000000800aa68      0x166 ./Drivers/STM32F7xx_HAL_Driver/Src/stm32f7xx_hal_uart.o
 .text.UART_RxISR_16BIT
                0x000000000800abce      0x166 ./Drivers/STM32F7xx_HAL_Driver/Src/stm32f7xx_hal_uart.o
 .text.VL53L0X_GetOffsetCalibrationDataMicroMeter
                0x000000000800ad34       0x26 ./Drivers/VL53L0X/core/src/vl53l0x_api.o
                0x000000000800ad34                VL53L0X_GetOffsetCalibrationDataMicroMeter
 *fill*         0x000000000800ad5a        0x2 
 .text.VL53L0X_DataInit
                0x000000000800ad5c      0x2c8 ./Drivers/VL53L0X/core/src/vl53l0x_api.o
                0x000000000800ad5c                VL53L0X_DataInit
 .text.VL53L0X_StaticInit
                0x000000000800b024      0x304 ./Drivers/VL53L0X/core/src/vl53l0x_api.o
                0x000000000800b024                VL53L0X_StaticInit
 .text.VL53L0X_WaitDeviceBooted
                0x000000000800b328       0x1c ./Drivers/VL53L0X/core/src/vl53l0x_api.o
                0x000000000800b328                VL53L0X_WaitDeviceBooted
 .text.VL53L0X_GetDeviceParameters
                0x000000000800b344      0x120 ./Drivers/VL53L0X/core/src/vl53l0x_api.o
                0x000000000800b344                VL53L0X_GetDeviceParameters
 .text.VL53L0X_SetDeviceMode
                0x000000000800b464       0x58 ./Drivers/VL53L0X/core/src/vl53l0x_api.o
                0x000000000800b464                VL53L0X_SetDeviceMode
 .text.VL53L0X_GetDeviceMode
                0x000000000800b4bc       0x26 ./Drivers/VL53L0X/core/src/vl53l0x_api.o
                0x000000000800b4bc                VL53L0X_GetDeviceMode
 .text.VL53L0X_GetFractionEnable
                0x000000000800b4e2       0x3e ./Drivers/VL53L0X/core/src/vl53l0x_api.o
                0x000000000800b4e2                VL53L0X_GetFractionEnable
 .text.VL53L0X_SetMeasurementTimingBudgetMicroSeconds
                0x000000000800b520       0x26 ./Drivers/VL53L0X/core/src/vl53l0x_api.o
                0x000000000800b520                VL53L0X_SetMeasurementTimingBudgetMicroSeconds
 .text.VL53L0X_GetMeasurementTimingBudgetMicroSeconds
                0x000000000800b546       0x26 ./Drivers/VL53L0X/core/src/vl53l0x_api.o
                0x000000000800b546                VL53L0X_GetMeasurementTimingBudgetMicroSeconds
 .text.VL53L0X_SetVcselPulsePeriod
                0x000000000800b56c       0x30 ./Drivers/VL53L0X/core/src/vl53l0x_api.o
                0x000000000800b56c                VL53L0X_SetVcselPulsePeriod
 .text.VL53L0X_GetVcselPulsePeriod
                0x000000000800b59c       0x2e ./Drivers/VL53L0X/core/src/vl53l0x_api.o
                0x000000000800b59c                VL53L0X_GetVcselPulsePeriod
 *fill*         0x000000000800b5ca        0x2 
 .text.VL53L0X_SetSequenceStepEnable
                0x000000000800b5cc      0x144 ./Drivers/VL53L0X/core/src/vl53l0x_api.o
                0x000000000800b5cc                VL53L0X_SetSequenceStepEnable
 .text.sequence_step_enabled
                0x000000000800b710       0xa4 ./Drivers/VL53L0X/core/src/vl53l0x_api.o
                0x000000000800b710                sequence_step_enabled
 .text.VL53L0X_GetSequenceStepEnables
                0x000000000800b7b4       0xb0 ./Drivers/VL53L0X/core/src/vl53l0x_api.o
                0x000000000800b7b4                VL53L0X_GetSequenceStepEnables
 .text.VL53L0X_GetInterMeasurementPeriodMilliSeconds
                0x000000000800b864       0x68 ./Drivers/VL53L0X/core/src/vl53l0x_api.o
                0x000000000800b864                VL53L0X_GetInterMeasurementPeriodMilliSeconds
 .text.VL53L0X_GetXTalkCompensationEnable
                0x000000000800b8cc       0x2a ./Drivers/VL53L0X/core/src/vl53l0x_api.o
                0x000000000800b8cc                VL53L0X_GetXTalkCompensationEnable
 .text.VL53L0X_GetXTalkCompensationRateMegaCps
                0x000000000800b8f6       0x66 ./Drivers/VL53L0X/core/src/vl53l0x_api.o
                0x000000000800b8f6                VL53L0X_GetXTalkCompensationRateMegaCps
 .text.VL53L0X_SetLimitCheckEnable
                0x000000000800b95c      0x118 ./Drivers/VL53L0X/core/src/vl53l0x_api.o
                0x000000000800b95c                VL53L0X_SetLimitCheckEnable
 .text.VL53L0X_GetLimitCheckEnable
                0x000000000800ba74       0x46 ./Drivers/VL53L0X/core/src/vl53l0x_api.o
                0x000000000800ba74                VL53L0X_GetLimitCheckEnable
 *fill*         0x000000000800baba        0x2 
 .text.VL53L0X_SetLimitCheckValue
                0x000000000800babc       0xc4 ./Drivers/VL53L0X/core/src/vl53l0x_api.o
                0x000000000800babc                VL53L0X_SetLimitCheckValue
 .text.VL53L0X_GetLimitCheckValue
                0x000000000800bb80      0x11c ./Drivers/VL53L0X/core/src/vl53l0x_api.o
                0x000000000800bb80                VL53L0X_GetLimitCheckValue
 .text.VL53L0X_GetWrapAroundCheckEnable
                0x000000000800bc9c       0x64 ./Drivers/VL53L0X/core/src/vl53l0x_api.o
                0x000000000800bc9c                VL53L0X_GetWrapAroundCheckEnable
 .text.VL53L0X_PerformSingleMeasurement
                0x000000000800bd00       0x68 ./Drivers/VL53L0X/core/src/vl53l0x_api.o
                0x000000000800bd00                VL53L0X_PerformSingleMeasurement
 .text.VL53L0X_PerformRefCalibration
                0x000000000800bd68       0x2c ./Drivers/VL53L0X/core/src/vl53l0x_api.o
                0x000000000800bd68                VL53L0X_PerformRefCalibration
 .text.VL53L0X_CheckAndLoadInterruptSettings
                0x000000000800bd94       0xcc ./Drivers/VL53L0X/core/src/vl53l0x_api.o
                0x000000000800bd94                VL53L0X_CheckAndLoadInterruptSettings
 .text.VL53L0X_StartMeasurement
                0x000000000800be60      0x184 ./Drivers/VL53L0X/core/src/vl53l0x_api.o
                0x000000000800be60                VL53L0X_StartMeasurement
 .text.VL53L0X_GetMeasurementDataReady
                0x000000000800bfe4       0x80 ./Drivers/VL53L0X/core/src/vl53l0x_api.o
                0x000000000800bfe4                VL53L0X_GetMeasurementDataReady
 .text.VL53L0X_GetRangingMeasurementData
                0x000000000800c064      0x248 ./Drivers/VL53L0X/core/src/vl53l0x_api.o
                0x000000000800c064                VL53L0X_GetRangingMeasurementData
 .text.VL53L0X_PerformSingleRangingMeasurement
                0x000000000800c2ac       0x60 ./Drivers/VL53L0X/core/src/vl53l0x_api.o
                0x000000000800c2ac                VL53L0X_PerformSingleRangingMeasurement
 .text.VL53L0X_SetGpioConfig
                0x000000000800c30c      0x248 ./Drivers/VL53L0X/core/src/vl53l0x_api.o
                0x000000000800c30c                VL53L0X_SetGpioConfig
 .text.VL53L0X_GetInterruptThresholds
                0x000000000800c554       0x6c ./Drivers/VL53L0X/core/src/vl53l0x_api.o
                0x000000000800c554                VL53L0X_GetInterruptThresholds
 .text.VL53L0X_ClearInterruptMask
                0x000000000800c5c0       0x80 ./Drivers/VL53L0X/core/src/vl53l0x_api.o
                0x000000000800c5c0                VL53L0X_ClearInterruptMask
 .text.VL53L0X_GetInterruptMaskStatus
                0x000000000800c640       0x44 ./Drivers/VL53L0X/core/src/vl53l0x_api.o
                0x000000000800c640                VL53L0X_GetInterruptMaskStatus
 .text.VL53L0X_PerformRefSpadManagement
                0x000000000800c684       0x2a ./Drivers/VL53L0X/core/src/vl53l0x_api.o
                0x000000000800c684                VL53L0X_PerformRefSpadManagement
 .text.VL53L0X_PerformContinuousRangingMeasurement
                0x000000000800c6ae       0x60 ./Drivers/VL53L0X/core/src/vl53l0x_api.o
                0x000000000800c6ae                VL53L0X_PerformContinuousRangingMeasurement
 .text.VL53L0X_get_offset_calibration_data_micro_meter
                0x000000000800c70e       0x7e ./Drivers/VL53L0X/core/src/vl53l0x_api_calibration.o
                0x000000000800c70e                VL53L0X_get_offset_calibration_data_micro_meter
 .text.get_next_good_spad
                0x000000000800c78c       0xbc ./Drivers/VL53L0X/core/src/vl53l0x_api_calibration.o
                0x000000000800c78c                get_next_good_spad
 .text.is_aperture
                0x000000000800c848       0x34 ./Drivers/VL53L0X/core/src/vl53l0x_api_calibration.o
                0x000000000800c848                is_aperture
 .text.enable_spad_bit
                0x000000000800c87c       0x70 ./Drivers/VL53L0X/core/src/vl53l0x_api_calibration.o
                0x000000000800c87c                enable_spad_bit
 .text.set_ref_spad_map
                0x000000000800c8ec       0x26 ./Drivers/VL53L0X/core/src/vl53l0x_api_calibration.o
                0x000000000800c8ec                set_ref_spad_map
 .text.get_ref_spad_map
                0x000000000800c912       0x26 ./Drivers/VL53L0X/core/src/vl53l0x_api_calibration.o
                0x000000000800c912                get_ref_spad_map
 .text.enable_ref_spads
                0x000000000800c938       0xf8 ./Drivers/VL53L0X/core/src/vl53l0x_api_calibration.o
                0x000000000800c938                enable_ref_spads
 .text.perform_ref_signal_measurement
                0x000000000800ca30       0xd4 ./Drivers/VL53L0X/core/src/vl53l0x_api_calibration.o
                0x000000000800ca30                perform_ref_signal_measurement
 .text.VL53L0X_perform_ref_spad_management
                0x000000000800cb04      0x418 ./Drivers/VL53L0X/core/src/vl53l0x_api_calibration.o
                0x000000000800cb04                VL53L0X_perform_ref_spad_management
 .text.VL53L0X_set_reference_spads
                0x000000000800cf1c      0x14a ./Drivers/VL53L0X/core/src/vl53l0x_api_calibration.o
                0x000000000800cf1c                VL53L0X_set_reference_spads
 .text.VL53L0X_perform_single_ref_calibration
                0x000000000800d066       0x76 ./Drivers/VL53L0X/core/src/vl53l0x_api_calibration.o
                0x000000000800d066                VL53L0X_perform_single_ref_calibration
 .text.VL53L0X_ref_calibration_io
                0x000000000800d0dc      0x132 ./Drivers/VL53L0X/core/src/vl53l0x_api_calibration.o
                0x000000000800d0dc                VL53L0X_ref_calibration_io
 .text.VL53L0X_perform_vhv_calibration
                0x000000000800d20e       0xce ./Drivers/VL53L0X/core/src/vl53l0x_api_calibration.o
                0x000000000800d20e                VL53L0X_perform_vhv_calibration
 .text.VL53L0X_perform_phase_calibration
                0x000000000800d2dc       0xca ./Drivers/VL53L0X/core/src/vl53l0x_api_calibration.o
                0x000000000800d2dc                VL53L0X_perform_phase_calibration
 .text.VL53L0X_perform_ref_calibration
                0x000000000800d3a6       0x7a ./Drivers/VL53L0X/core/src/vl53l0x_api_calibration.o
                0x000000000800d3a6                VL53L0X_perform_ref_calibration
 .text.VL53L0X_measurement_poll_for_completion
                0x000000000800d420       0x60 ./Drivers/VL53L0X/core/src/vl53l0x_api_core.o
                0x000000000800d420                VL53L0X_measurement_poll_for_completion
 .text.VL53L0X_decode_vcsel_period
                0x000000000800d480       0x26 ./Drivers/VL53L0X/core/src/vl53l0x_api_core.o
                0x000000000800d480                VL53L0X_decode_vcsel_period
 .text.VL53L0X_encode_vcsel_period
                0x000000000800d4a6       0x26 ./Drivers/VL53L0X/core/src/vl53l0x_api_core.o
                0x000000000800d4a6                VL53L0X_encode_vcsel_period
 .text.VL53L0X_isqrt
                0x000000000800d4cc       0x68 ./Drivers/VL53L0X/core/src/vl53l0x_api_core.o
                0x000000000800d4cc                VL53L0X_isqrt
 .text.VL53L0X_device_read_strobe
                0x000000000800d534       0x86 ./Drivers/VL53L0X/core/src/vl53l0x_api_core.o
                0x000000000800d534                VL53L0X_device_read_strobe
 .text.VL53L0X_get_info_from_device
                0x000000000800d5ba      0x99a ./Drivers/VL53L0X/core/src/vl53l0x_api_core.o
                0x000000000800d5ba                VL53L0X_get_info_from_device
 .text.VL53L0X_calc_macro_period_ps
                0x000000000800df54       0x3c ./Drivers/VL53L0X/core/src/vl53l0x_api_core.o
                0x000000000800df54                VL53L0X_calc_macro_period_ps
 .text.VL53L0X_encode_timeout
                0x000000000800df90       0x58 ./Drivers/VL53L0X/core/src/vl53l0x_api_core.o
                0x000000000800df90                VL53L0X_encode_timeout
 .text.VL53L0X_decode_timeout
                0x000000000800dfe8       0x2c ./Drivers/VL53L0X/core/src/vl53l0x_api_core.o
                0x000000000800dfe8                VL53L0X_decode_timeout
 .text.VL53L0X_calc_timeout_mclks
                0x000000000800e014       0x54 ./Drivers/VL53L0X/core/src/vl53l0x_api_core.o
                0x000000000800e014                VL53L0X_calc_timeout_mclks
 .text.VL53L0X_calc_timeout_us
                0x000000000800e068       0x54 ./Drivers/VL53L0X/core/src/vl53l0x_api_core.o
                0x000000000800e068                VL53L0X_calc_timeout_us
 .text.get_sequence_step_timeout
                0x000000000800e0bc      0x1c2 ./Drivers/VL53L0X/core/src/vl53l0x_api_core.o
                0x000000000800e0bc                get_sequence_step_timeout
 .text.set_sequence_step_timeout
                0x000000000800e27e      0x1e4 ./Drivers/VL53L0X/core/src/vl53l0x_api_core.o
                0x000000000800e27e                set_sequence_step_timeout
 .text.VL53L0X_set_vcsel_pulse_period
                0x000000000800e462      0x512 ./Drivers/VL53L0X/core/src/vl53l0x_api_core.o
                0x000000000800e462                VL53L0X_set_vcsel_pulse_period
 .text.VL53L0X_get_vcsel_pulse_period
                0x000000000800e974       0x6e ./Drivers/VL53L0X/core/src/vl53l0x_api_core.o
                0x000000000800e974                VL53L0X_get_vcsel_pulse_period
 .text.VL53L0X_set_measurement_timing_budget_micro_seconds
                0x000000000800e9e2      0x1c0 ./Drivers/VL53L0X/core/src/vl53l0x_api_core.o
                0x000000000800e9e2                VL53L0X_set_measurement_timing_budget_micro_seconds
 .text.VL53L0X_get_measurement_timing_budget_micro_seconds
                0x000000000800eba2      0x162 ./Drivers/VL53L0X/core/src/vl53l0x_api_core.o
                0x000000000800eba2                VL53L0X_get_measurement_timing_budget_micro_seconds
 .text.VL53L0X_load_tuning_settings
                0x000000000800ed04      0x1c4 ./Drivers/VL53L0X/core/src/vl53l0x_api_core.o
                0x000000000800ed04                VL53L0X_load_tuning_settings
 .text.VL53L0X_get_total_xtalk_rate
                0x000000000800eec8       0x5e ./Drivers/VL53L0X/core/src/vl53l0x_api_core.o
                0x000000000800eec8                VL53L0X_get_total_xtalk_rate
 .text.VL53L0X_get_total_signal_rate
                0x000000000800ef26       0x4a ./Drivers/VL53L0X/core/src/vl53l0x_api_core.o
                0x000000000800ef26                VL53L0X_get_total_signal_rate
 .text.VL53L0X_calc_dmax
                0x000000000800ef70      0x238 ./Drivers/VL53L0X/core/src/vl53l0x_api_core.o
                0x000000000800ef70                VL53L0X_calc_dmax
 .text.VL53L0X_calc_sigma_estimate
                0x000000000800f1a8      0x498 ./Drivers/VL53L0X/core/src/vl53l0x_api_core.o
                0x000000000800f1a8                VL53L0X_calc_sigma_estimate
 .text.VL53L0X_get_pal_range_status
                0x000000000800f640      0x3b6 ./Drivers/VL53L0X/core/src/vl53l0x_api_core.o
                0x000000000800f640                VL53L0X_get_pal_range_status
 .text._I2CWrite
                0x000000000800f9f6       0x3e ./Drivers/VL53L0X/platform/src/vl53l0x_platform.o
                0x000000000800f9f6                _I2CWrite
 .text._I2CRead
                0x000000000800fa34       0x44 ./Drivers/VL53L0X/platform/src/vl53l0x_platform.o
                0x000000000800fa34                _I2CRead
 .text.VL53L0X_WriteMulti
                0x000000000800fa78       0x60 ./Drivers/VL53L0X/platform/src/vl53l0x_platform.o
                0x000000000800fa78                VL53L0X_WriteMulti
 .text.VL53L0X_ReadMulti
                0x000000000800fad8       0x56 ./Drivers/VL53L0X/platform/src/vl53l0x_platform.o
                0x000000000800fad8                VL53L0X_ReadMulti
 *fill*         0x000000000800fb2e        0x2 
 .text.VL53L0X_WrByte
                0x000000000800fb30       0x48 ./Drivers/VL53L0X/platform/src/vl53l0x_platform.o
                0x000000000800fb30                VL53L0X_WrByte
 .text.VL53L0X_WrWord
                0x000000000800fb78       0x54 ./Drivers/VL53L0X/platform/src/vl53l0x_platform.o
                0x000000000800fb78                VL53L0X_WrWord
 .text.VL53L0X_UpdateByte
                0x000000000800fbcc       0x68 ./Drivers/VL53L0X/platform/src/vl53l0x_platform.o
                0x000000000800fbcc                VL53L0X_UpdateByte
 .text.VL53L0X_RdByte
                0x000000000800fc34       0x54 ./Drivers/VL53L0X/platform/src/vl53l0x_platform.o
                0x000000000800fc34                VL53L0X_RdByte
 .text.VL53L0X_RdWord
                0x000000000800fc88       0x70 ./Drivers/VL53L0X/platform/src/vl53l0x_platform.o
                0x000000000800fc88                VL53L0X_RdWord
 .text.VL53L0X_RdDWord
                0x000000000800fcf8       0x78 ./Drivers/VL53L0X/platform/src/vl53l0x_platform.o
                0x000000000800fcf8                VL53L0X_RdDWord
 .text.VL53L0X_PollingDelay
                0x000000000800fd70       0x1e ./Drivers/VL53L0X/platform/src/vl53l0x_platform.o
                0x000000000800fd70                VL53L0X_PollingDelay
 *fill*         0x000000000800fd8e        0x2 
 .text.__errno  0x000000000800fd90        0xc c:/st/stm32cubeide_1.12.1/stm32cubeide/plugins/com.st.stm32cube.ide.mcu.externaltools.gnu-tools-for-stm32.10.3-2021.10.win32_1.0.200.202301161003/tools/bin/../lib/gcc/arm-none-eabi/10.3.1/../../../../arm-none-eabi/lib/thumb/v7e-m+fp/hard\libc_nano.a(lib_a-errno.o)
                0x000000000800fd90                __errno
 .text.__libc_init_array
                0x000000000800fd9c       0x48 c:/st/stm32cubeide_1.12.1/stm32cubeide/plugins/com.st.stm32cube.ide.mcu.externaltools.gnu-tools-for-stm32.10.3-2021.10.win32_1.0.200.202301161003/tools/bin/../lib/gcc/arm-none-eabi/10.3.1/../../../../arm-none-eabi/lib/thumb/v7e-m+fp/hard\libc_nano.a(lib_a-init.o)
                0x000000000800fd9c                __libc_init_array
 .text.memcpy   0x000000000800fde4       0x1c c:/st/stm32cubeide_1.12.1/stm32cubeide/plugins/com.st.stm32cube.ide.mcu.externaltools.gnu-tools-for-stm32.10.3-2021.10.win32_1.0.200.202301161003/tools/bin/../lib/gcc/arm-none-eabi/10.3.1/../../../../arm-none-eabi/lib/thumb/v7e-m+fp/hard\libc_nano.a(lib_a-memcpy-stub.o)
                0x000000000800fde4                memcpy
 .text.memset   0x000000000800fe00       0x10 c:/st/stm32cubeide_1.12.1/stm32cubeide/plugins/com.st.stm32cube.ide.mcu.externaltools.gnu-tools-for-stm32.10.3-2021.10.win32_1.0.200.202301161003/tools/bin/../lib/gcc/arm-none-eabi/10.3.1/../../../../arm-none-eabi/lib/thumb/v7e-m+fp/hard\libc_nano.a(lib_a-memset.o)
                0x000000000800fe00                memset
 .text.__cvt    0x000000000800fe10       0xc4 c:/st/stm32cubeide_1.12.1/stm32cubeide/plugins/com.st.stm32cube.ide.mcu.externaltools.gnu-tools-for-stm32.10.3-2021.10.win32_1.0.200.202301161003/tools/bin/../lib/gcc/arm-none-eabi/10.3.1/../../../../arm-none-eabi/lib/thumb/v7e-m+fp/hard\libc_nano.a(lib_a-nano-vfprintf_float.o)
                0x000000000800fe10                __cvt
 .text.__exponent
                0x000000000800fed4       0x7c c:/st/stm32cubeide_1.12.1/stm32cubeide/plugins/com.st.stm32cube.ide.mcu.externaltools.gnu-tools-for-stm32.10.3-2021.10.win32_1.0.200.202301161003/tools/bin/../lib/gcc/arm-none-eabi/10.3.1/../../../../arm-none-eabi/lib/thumb/v7e-m+fp/hard\libc_nano.a(lib_a-nano-vfprintf_float.o)
                0x000000000800fed4                __exponent
 .text._printf_float
                0x000000000800ff50      0x46c c:/st/stm32cubeide_1.12.1/stm32cubeide/plugins/com.st.stm32cube.ide.mcu.externaltools.gnu-tools-for-stm32.10.3-2021.10.win32_1.0.200.202301161003/tools/bin/../lib/gcc/arm-none-eabi/10.3.1/../../../../arm-none-eabi/lib/thumb/v7e-m+fp/hard\libc_nano.a(lib_a-nano-vfprintf_float.o)
                0x000000000800ff50                _printf_float
 .text._printf_common
                0x00000000080103bc       0xda c:/st/stm32cubeide_1.12.1/stm32cubeide/plugins/com.st.stm32cube.ide.mcu.externaltools.gnu-tools-for-stm32.10.3-2021.10.win32_1.0.200.202301161003/tools/bin/../lib/gcc/arm-none-eabi/10.3.1/../../../../arm-none-eabi/lib/thumb/v7e-m+fp/hard\libc_nano.a(lib_a-nano-vfprintf_i.o)
                0x00000000080103bc                _printf_common
 *fill*         0x0000000008010496        0x2 
 .text._printf_i
                0x0000000008010498      0x24c c:/st/stm32cubeide_1.12.1/stm32cubeide/plugins/com.st.stm32cube.ide.mcu.externaltools.gnu-tools-for-stm32.10.3-2021.10.win32_1.0.200.202301161003/tools/bin/../lib/gcc/arm-none-eabi/10.3.1/../../../../arm-none-eabi/lib/thumb/v7e-m+fp/hard\libc_nano.a(lib_a-nano-vfprintf_i.o)
                0x0000000008010498                _printf_i
 .text._scanf_float
                0x00000000080106e4      0x420 c:/st/stm32cubeide_1.12.1/stm32cubeide/plugins/com.st.stm32cube.ide.mcu.externaltools.gnu-tools-for-stm32.10.3-2021.10.win32_1.0.200.202301161003/tools/bin/../lib/gcc/arm-none-eabi/10.3.1/../../../../arm-none-eabi/lib/thumb/v7e-m+fp/hard\libc_nano.a(lib_a-nano-vfscanf_float.o)
                0x00000000080106e4                _scanf_float
 .text.nanf     0x0000000008010b04        0xc c:/st/stm32cubeide_1.12.1/stm32cubeide/plugins/com.st.stm32cube.ide.mcu.externaltools.gnu-tools-for-stm32.10.3-2021.10.win32_1.0.200.202301161003/tools/bin/../lib/gcc/arm-none-eabi/10.3.1/../../../../arm-none-eabi/lib/thumb/v7e-m+fp/hard\libc_nano.a(lib_a-sf_nan.o)
                0x0000000008010b04                nanf
 .text.sprintf  0x0000000008010b10       0x40 c:/st/stm32cubeide_1.12.1/stm32cubeide/plugins/com.st.stm32cube.ide.mcu.externaltools.gnu-tools-for-stm32.10.3-2021.10.win32_1.0.200.202301161003/tools/bin/../lib/gcc/arm-none-eabi/10.3.1/../../../../arm-none-eabi/lib/thumb/v7e-m+fp/hard\libc_nano.a(lib_a-sprintf.o)
                0x0000000008010b10                siprintf
                0x0000000008010b10                sprintf
 .text.sscanf   0x0000000008010b50       0x58 c:/st/stm32cubeide_1.12.1/stm32cubeide/plugins/com.st.stm32cube.ide.mcu.externaltools.gnu-tools-for-stm32.10.3-2021.10.win32_1.0.200.202301161003/tools/bin/../lib/gcc/arm-none-eabi/10.3.1/../../../../arm-none-eabi/lib/thumb/v7e-m+fp/hard\libc_nano.a(lib_a-sscanf.o)
                0x0000000008010b50                siscanf
                0x0000000008010b50                sscanf
 .text.__sread  0x0000000008010ba8       0x22 c:/st/stm32cubeide_1.12.1/stm32cubeide/plugins/com.st.stm32cube.ide.mcu.externaltools.gnu-tools-for-stm32.10.3-2021.10.win32_1.0.200.202301161003/tools/bin/../lib/gcc/arm-none-eabi/10.3.1/../../../../arm-none-eabi/lib/thumb/v7e-m+fp/hard\libc_nano.a(lib_a-stdio.o)
                0x0000000008010ba8                __sread
 .text.__seofread
                0x0000000008010bca        0x4 c:/st/stm32cubeide_1.12.1/stm32cubeide/plugins/com.st.stm32cube.ide.mcu.externaltools.gnu-tools-for-stm32.10.3-2021.10.win32_1.0.200.202301161003/tools/bin/../lib/gcc/arm-none-eabi/10.3.1/../../../../arm-none-eabi/lib/thumb/v7e-m+fp/hard\libc_nano.a(lib_a-stdio.o)
                0x0000000008010bca                __seofread
 .text.__swrite
                0x0000000008010bce       0x38 c:/st/stm32cubeide_1.12.1/stm32cubeide/plugins/com.st.stm32cube.ide.mcu.externaltools.gnu-tools-for-stm32.10.3-2021.10.win32_1.0.200.202301161003/tools/bin/../lib/gcc/arm-none-eabi/10.3.1/../../../../arm-none-eabi/lib/thumb/v7e-m+fp/hard\libc_nano.a(lib_a-stdio.o)
                0x0000000008010bce                __swrite
 .text.__sseek  0x0000000008010c06       0x24 c:/st/stm32cubeide_1.12.1/stm32cubeide/plugins/com.st.stm32cube.ide.mcu.externaltools.gnu-tools-for-stm32.10.3-2021.10.win32_1.0.200.202301161003/tools/bin/../lib/gcc/arm-none-eabi/10.3.1/../../../../arm-none-eabi/lib/thumb/v7e-m+fp/hard\libc_nano.a(lib_a-stdio.o)
                0x0000000008010c06                __sseek
 .text.__sclose
                0x0000000008010c2a        0x8 c:/st/stm32cubeide_1.12.1/stm32cubeide/plugins/com.st.stm32cube.ide.mcu.externaltools.gnu-tools-for-stm32.10.3-2021.10.win32_1.0.200.202301161003/tools/bin/../lib/gcc/arm-none-eabi/10.3.1/../../../../arm-none-eabi/lib/thumb/v7e-m+fp/hard\libc_nano.a(lib_a-stdio.o)
                0x0000000008010c2a                __sclose
 .text.strcpy   0x0000000008010c32       0x10 c:/st/stm32cubeide_1.12.1/stm32cubeide/plugins/com.st.stm32cube.ide.mcu.externaltools.gnu-tools-for-stm32.10.3-2021.10.win32_1.0.200.202301161003/tools/bin/../lib/gcc/arm-none-eabi/10.3.1/../../../../arm-none-eabi/lib/thumb/v7e-m+fp/hard\libc_nano.a(lib_a-strcpy.o)
                0x0000000008010c32                strcpy
 .text.strncmp  0x0000000008010c42       0x28 c:/st/stm32cubeide_1.12.1/stm32cubeide/plugins/com.st.stm32cube.ide.mcu.externaltools.gnu-tools-for-stm32.10.3-2021.10.win32_1.0.200.202301161003/tools/bin/../lib/gcc/arm-none-eabi/10.3.1/../../../../arm-none-eabi/lib/thumb/v7e-m+fp/hard\libc_nano.a(lib_a-strncmp.o)
                0x0000000008010c42                strncmp
 .text.sulp     0x0000000008010c6a       0x38 c:/st/stm32cubeide_1.12.1/stm32cubeide/plugins/com.st.stm32cube.ide.mcu.externaltools.gnu-tools-for-stm32.10.3-2021.10.win32_1.0.200.202301161003/tools/bin/../lib/gcc/arm-none-eabi/10.3.1/../../../../arm-none-eabi/lib/thumb/v7e-m+fp/hard\libc_nano.a(lib_a-strtod.o)
 *fill*         0x0000000008010ca2        0x6 
 .text._strtod_l
                0x0000000008010ca8      0xc0c c:/st/stm32cubeide_1.12.1/stm32cubeide/plugins/com.st.stm32cube.ide.mcu.externaltools.gnu-tools-for-stm32.10.3-2021.10.win32_1.0.200.202301161003/tools/bin/../lib/gcc/arm-none-eabi/10.3.1/../../../../arm-none-eabi/lib/thumb/v7e-m+fp/hard\libc_nano.a(lib_a-strtod.o)
                0x0000000008010ca8                _strtod_l
 .text._strtod_r
                0x00000000080118b4        0xc c:/st/stm32cubeide_1.12.1/stm32cubeide/plugins/com.st.stm32cube.ide.mcu.externaltools.gnu-tools-for-stm32.10.3-2021.10.win32_1.0.200.202301161003/tools/bin/../lib/gcc/arm-none-eabi/10.3.1/../../../../arm-none-eabi/lib/thumb/v7e-m+fp/hard\libc_nano.a(lib_a-strtod.o)
                0x00000000080118b4                _strtod_r
 .text._strtol_l.constprop.0
                0x00000000080118c0      0x104 c:/st/stm32cubeide_1.12.1/stm32cubeide/plugins/com.st.stm32cube.ide.mcu.externaltools.gnu-tools-for-stm32.10.3-2021.10.win32_1.0.200.202301161003/tools/bin/../lib/gcc/arm-none-eabi/10.3.1/../../../../arm-none-eabi/lib/thumb/v7e-m+fp/hard\libc_nano.a(lib_a-strtol.o)
 .text._strtol_r
                0x00000000080119c4        0x4 c:/st/stm32cubeide_1.12.1/stm32cubeide/plugins/com.st.stm32cube.ide.mcu.externaltools.gnu-tools-for-stm32.10.3-2021.10.win32_1.0.200.202301161003/tools/bin/../lib/gcc/arm-none-eabi/10.3.1/../../../../arm-none-eabi/lib/thumb/v7e-m+fp/hard\libc_nano.a(lib_a-strtol.o)
                0x00000000080119c4                _strtol_r
 .text._write_r
                0x00000000080119c8       0x24 c:/st/stm32cubeide_1.12.1/stm32cubeide/plugins/com.st.stm32cube.ide.mcu.externaltools.gnu-tools-for-stm32.10.3-2021.10.win32_1.0.200.202301161003/tools/bin/../lib/gcc/arm-none-eabi/10.3.1/../../../../arm-none-eabi/lib/thumb/v7e-m+fp/hard\libc_nano.a(lib_a-writer.o)
                0x00000000080119c8                _write_r
 .text._close_r
                0x00000000080119ec       0x20 c:/st/stm32cubeide_1.12.1/stm32cubeide/plugins/com.st.stm32cube.ide.mcu.externaltools.gnu-tools-for-stm32.10.3-2021.10.win32_1.0.200.202301161003/tools/bin/../lib/gcc/arm-none-eabi/10.3.1/../../../../arm-none-eabi/lib/thumb/v7e-m+fp/hard\libc_nano.a(lib_a-closer.o)
                0x00000000080119ec                _close_r
 .text.quorem   0x0000000008011a0c      0x116 c:/st/stm32cubeide_1.12.1/stm32cubeide/plugins/com.st.stm32cube.ide.mcu.externaltools.gnu-tools-for-stm32.10.3-2021.10.win32_1.0.200.202301161003/tools/bin/../lib/gcc/arm-none-eabi/10.3.1/../../../../arm-none-eabi/lib/thumb/v7e-m+fp/hard\libc_nano.a(lib_a-dtoa.o)
 *fill*         0x0000000008011b22        0x6 
 .text._dtoa_r  0x0000000008011b28      0xbdc c:/st/stm32cubeide_1.12.1/stm32cubeide/plugins/com.st.stm32cube.ide.mcu.externaltools.gnu-tools-for-stm32.10.3-2021.10.win32_1.0.200.202301161003/tools/bin/../lib/gcc/arm-none-eabi/10.3.1/../../../../arm-none-eabi/lib/thumb/v7e-m+fp/hard\libc_nano.a(lib_a-dtoa.o)
                0x0000000008011b28                _dtoa_r
 .text.rshift   0x0000000008012704       0xa4 c:/st/stm32cubeide_1.12.1/stm32cubeide/plugins/com.st.stm32cube.ide.mcu.externaltools.gnu-tools-for-stm32.10.3-2021.10.win32_1.0.200.202301161003/tools/bin/../lib/gcc/arm-none-eabi/10.3.1/../../../../arm-none-eabi/lib/thumb/v7e-m+fp/hard\libc_nano.a(lib_a-gdtoa-gethex.o)
 .text.__hexdig_fun
                0x00000000080127a8       0x2a c:/st/stm32cubeide_1.12.1/stm32cubeide/plugins/com.st.stm32cube.ide.mcu.externaltools.gnu-tools-for-stm32.10.3-2021.10.win32_1.0.200.202301161003/tools/bin/../lib/gcc/arm-none-eabi/10.3.1/../../../../arm-none-eabi/lib/thumb/v7e-m+fp/hard\libc_nano.a(lib_a-gdtoa-gethex.o)
                0x00000000080127a8                __hexdig_fun
 *fill*         0x00000000080127d2        0x2 
 .text.__gethex
                0x00000000080127d4      0x48c c:/st/stm32cubeide_1.12.1/stm32cubeide/plugins/com.st.stm32cube.ide.mcu.externaltools.gnu-tools-for-stm32.10.3-2021.10.win32_1.0.200.202301161003/tools/bin/../lib/gcc/arm-none-eabi/10.3.1/../../../../arm-none-eabi/lib/thumb/v7e-m+fp/hard\libc_nano.a(lib_a-gdtoa-gethex.o)
                0x00000000080127d4                __gethex
 .text.L_shift  0x0000000008012c60       0x24 c:/st/stm32cubeide_1.12.1/stm32cubeide/plugins/com.st.stm32cube.ide.mcu.externaltools.gnu-tools-for-stm32.10.3-2021.10.win32_1.0.200.202301161003/tools/bin/../lib/gcc/arm-none-eabi/10.3.1/../../../../arm-none-eabi/lib/thumb/v7e-m+fp/hard\libc_nano.a(lib_a-gdtoa-hexnan.o)
 .text.__match  0x0000000008012c84       0x28 c:/st/stm32cubeide_1.12.1/stm32cubeide/plugins/com.st.stm32cube.ide.mcu.externaltools.gnu-tools-for-stm32.10.3-2021.10.win32_1.0.200.202301161003/tools/bin/../lib/gcc/arm-none-eabi/10.3.1/../../../../arm-none-eabi/lib/thumb/v7e-m+fp/hard\libc_nano.a(lib_a-gdtoa-hexnan.o)
                0x0000000008012c84                __match
 .text.__hexnan
                0x0000000008012cac      0x138 c:/st/stm32cubeide_1.12.1/stm32cubeide/plugins/com.st.stm32cube.ide.mcu.externaltools.gnu-tools-for-stm32.10.3-2021.10.win32_1.0.200.202301161003/tools/bin/../lib/gcc/arm-none-eabi/10.3.1/../../../../arm-none-eabi/lib/thumb/v7e-m+fp/hard\libc_nano.a(lib_a-gdtoa-hexnan.o)
                0x0000000008012cac                __hexnan
 .text._localeconv_r
                0x0000000008012de4        0x8 c:/st/stm32cubeide_1.12.1/stm32cubeide/plugins/com.st.stm32cube.ide.mcu.externaltools.gnu-tools-for-stm32.10.3-2021.10.win32_1.0.200.202301161003/tools/bin/../lib/gcc/arm-none-eabi/10.3.1/../../../../arm-none-eabi/lib/thumb/v7e-m+fp/hard\libc_nano.a(lib_a-localeconv.o)
                0x0000000008012de4                _localeconv_r
 .text._lseek_r
                0x0000000008012dec       0x24 c:/st/stm32cubeide_1.12.1/stm32cubeide/plugins/com.st.stm32cube.ide.mcu.externaltools.gnu-tools-for-stm32.10.3-2021.10.win32_1.0.200.202301161003/tools/bin/../lib/gcc/arm-none-eabi/10.3.1/../../../../arm-none-eabi/lib/thumb/v7e-m+fp/hard\libc_nano.a(lib_a-lseekr.o)
                0x0000000008012dec                _lseek_r
 .text.malloc   0x0000000008012e10       0x10 c:/st/stm32cubeide_1.12.1/stm32cubeide/plugins/com.st.stm32cube.ide.mcu.externaltools.gnu-tools-for-stm32.10.3-2021.10.win32_1.0.200.202301161003/tools/bin/../lib/gcc/arm-none-eabi/10.3.1/../../../../arm-none-eabi/lib/thumb/v7e-m+fp/hard\libc_nano.a(lib_a-malloc.o)
                0x0000000008012e10                malloc
 .text.__ascii_mbtowc
                0x0000000008012e20       0x24 c:/st/stm32cubeide_1.12.1/stm32cubeide/plugins/com.st.stm32cube.ide.mcu.externaltools.gnu-tools-for-stm32.10.3-2021.10.win32_1.0.200.202301161003/tools/bin/../lib/gcc/arm-none-eabi/10.3.1/../../../../arm-none-eabi/lib/thumb/v7e-m+fp/hard\libc_nano.a(lib_a-mbtowc_r.o)
                0x0000000008012e20                __ascii_mbtowc
 .text._Balloc  0x0000000008012e44       0x80 c:/st/stm32cubeide_1.12.1/stm32cubeide/plugins/com.st.stm32cube.ide.mcu.externaltools.gnu-tools-for-stm32.10.3-2021.10.win32_1.0.200.202301161003/tools/bin/../lib/gcc/arm-none-eabi/10.3.1/../../../../arm-none-eabi/lib/thumb/v7e-m+fp/hard\libc_nano.a(lib_a-mprec.o)
                0x0000000008012e44                _Balloc
 .text._Bfree   0x0000000008012ec4       0x44 c:/st/stm32cubeide_1.12.1/stm32cubeide/plugins/com.st.stm32cube.ide.mcu.externaltools.gnu-tools-for-stm32.10.3-2021.10.win32_1.0.200.202301161003/tools/bin/../lib/gcc/arm-none-eabi/10.3.1/../../../../arm-none-eabi/lib/thumb/v7e-m+fp/hard\libc_nano.a(lib_a-mprec.o)
                0x0000000008012ec4                _Bfree
 .text.__multadd
                0x0000000008012f08       0x8c c:/st/stm32cubeide_1.12.1/stm32cubeide/plugins/com.st.stm32cube.ide.mcu.externaltools.gnu-tools-for-stm32.10.3-2021.10.win32_1.0.200.202301161003/tools/bin/../lib/gcc/arm-none-eabi/10.3.1/../../../../arm-none-eabi/lib/thumb/v7e-m+fp/hard\libc_nano.a(lib_a-mprec.o)
                0x0000000008012f08                __multadd
 .text.__s2b    0x0000000008012f94       0x94 c:/st/stm32cubeide_1.12.1/stm32cubeide/plugins/com.st.stm32cube.ide.mcu.externaltools.gnu-tools-for-stm32.10.3-2021.10.win32_1.0.200.202301161003/tools/bin/../lib/gcc/arm-none-eabi/10.3.1/../../../../arm-none-eabi/lib/thumb/v7e-m+fp/hard\libc_nano.a(lib_a-mprec.o)
                0x0000000008012f94                __s2b
 .text.__hi0bits
                0x0000000008013028       0x40 c:/st/stm32cubeide_1.12.1/stm32cubeide/plugins/com.st.stm32cube.ide.mcu.externaltools.gnu-tools-for-stm32.10.3-2021.10.win32_1.0.200.202301161003/tools/bin/../lib/gcc/arm-none-eabi/10.3.1/../../../../arm-none-eabi/lib/thumb/v7e-m+fp/hard\libc_nano.a(lib_a-mprec.o)
                0x0000000008013028                __hi0bits
 .text.__lo0bits
                0x0000000008013068       0x5e c:/st/stm32cubeide_1.12.1/stm32cubeide/plugins/com.st.stm32cube.ide.mcu.externaltools.gnu-tools-for-stm32.10.3-2021.10.win32_1.0.200.202301161003/tools/bin/../lib/gcc/arm-none-eabi/10.3.1/../../../../arm-none-eabi/lib/thumb/v7e-m+fp/hard\libc_nano.a(lib_a-mprec.o)
                0x0000000008013068                __lo0bits
 *fill*         0x00000000080130c6        0x2 
 .text.__i2b    0x00000000080130c8       0x2c c:/st/stm32cubeide_1.12.1/stm32cubeide/plugins/com.st.stm32cube.ide.mcu.externaltools.gnu-tools-for-stm32.10.3-2021.10.win32_1.0.200.202301161003/tools/bin/../lib/gcc/arm-none-eabi/10.3.1/../../../../arm-none-eabi/lib/thumb/v7e-m+fp/hard\libc_nano.a(lib_a-mprec.o)
                0x00000000080130c8                __i2b
 .text.__multiply
                0x00000000080130f4      0x154 c:/st/stm32cubeide_1.12.1/stm32cubeide/plugins/com.st.stm32cube.ide.mcu.externaltools.gnu-tools-for-stm32.10.3-2021.10.win32_1.0.200.202301161003/tools/bin/../lib/gcc/arm-none-eabi/10.3.1/../../../../arm-none-eabi/lib/thumb/v7e-m+fp/hard\libc_nano.a(lib_a-mprec.o)
                0x00000000080130f4                __multiply
 .text.__pow5mult
                0x0000000008013248       0xb4 c:/st/stm32cubeide_1.12.1/stm32cubeide/plugins/com.st.stm32cube.ide.mcu.externaltools.gnu-tools-for-stm32.10.3-2021.10.win32_1.0.200.202301161003/tools/bin/../lib/gcc/arm-none-eabi/10.3.1/../../../../arm-none-eabi/lib/thumb/v7e-m+fp/hard\libc_nano.a(lib_a-mprec.o)
                0x0000000008013248                __pow5mult
 .text.__lshift
                0x00000000080132fc       0xe0 c:/st/stm32cubeide_1.12.1/stm32cubeide/plugins/com.st.stm32cube.ide.mcu.externaltools.gnu-tools-for-stm32.10.3-2021.10.win32_1.0.200.202301161003/tools/bin/../lib/gcc/arm-none-eabi/10.3.1/../../../../arm-none-eabi/lib/thumb/v7e-m+fp/hard\libc_nano.a(lib_a-mprec.o)
                0x00000000080132fc                __lshift
 .text.__mcmp   0x00000000080133dc       0x38 c:/st/stm32cubeide_1.12.1/stm32cubeide/plugins/com.st.stm32cube.ide.mcu.externaltools.gnu-tools-for-stm32.10.3-2021.10.win32_1.0.200.202301161003/tools/bin/../lib/gcc/arm-none-eabi/10.3.1/../../../../arm-none-eabi/lib/thumb/v7e-m+fp/hard\libc_nano.a(lib_a-mprec.o)
                0x00000000080133dc                __mcmp
 .text.__mdiff  0x0000000008013414      0x114 c:/st/stm32cubeide_1.12.1/stm32cubeide/plugins/com.st.stm32cube.ide.mcu.externaltools.gnu-tools-for-stm32.10.3-2021.10.win32_1.0.200.202301161003/tools/bin/../lib/gcc/arm-none-eabi/10.3.1/../../../../arm-none-eabi/lib/thumb/v7e-m+fp/hard\libc_nano.a(lib_a-mprec.o)
                0x0000000008013414                __mdiff
 .text.__ulp    0x0000000008013528       0x58 c:/st/stm32cubeide_1.12.1/stm32cubeide/plugins/com.st.stm32cube.ide.mcu.externaltools.gnu-tools-for-stm32.10.3-2021.10.win32_1.0.200.202301161003/tools/bin/../lib/gcc/arm-none-eabi/10.3.1/../../../../arm-none-eabi/lib/thumb/v7e-m+fp/hard\libc_nano.a(lib_a-mprec.o)
                0x0000000008013528                __ulp
 .text.__b2d    0x0000000008013580       0xa0 c:/st/stm32cubeide_1.12.1/stm32cubeide/plugins/com.st.stm32cube.ide.mcu.externaltools.gnu-tools-for-stm32.10.3-2021.10.win32_1.0.200.202301161003/tools/bin/../lib/gcc/arm-none-eabi/10.3.1/../../../../arm-none-eabi/lib/thumb/v7e-m+fp/hard\libc_nano.a(lib_a-mprec.o)
                0x0000000008013580                __b2d
 .text.__d2b    0x0000000008013620       0xb8 c:/st/stm32cubeide_1.12.1/stm32cubeide/plugins/com.st.stm32cube.ide.mcu.externaltools.gnu-tools-for-stm32.10.3-2021.10.win32_1.0.200.202301161003/tools/bin/../lib/gcc/arm-none-eabi/10.3.1/../../../../arm-none-eabi/lib/thumb/v7e-m+fp/hard\libc_nano.a(lib_a-mprec.o)
                0x0000000008013620                __d2b
 .text.__ratio  0x00000000080136d8       0x66 c:/st/stm32cubeide_1.12.1/stm32cubeide/plugins/com.st.stm32cube.ide.mcu.externaltools.gnu-tools-for-stm32.10.3-2021.10.win32_1.0.200.202301161003/tools/bin/../lib/gcc/arm-none-eabi/10.3.1/../../../../arm-none-eabi/lib/thumb/v7e-m+fp/hard\libc_nano.a(lib_a-mprec.o)
                0x00000000080136d8                __ratio
 .text.__copybits
                0x000000000801373e       0x46 c:/st/stm32cubeide_1.12.1/stm32cubeide/plugins/com.st.stm32cube.ide.mcu.externaltools.gnu-tools-for-stm32.10.3-2021.10.win32_1.0.200.202301161003/tools/bin/../lib/gcc/arm-none-eabi/10.3.1/../../../../arm-none-eabi/lib/thumb/v7e-m+fp/hard\libc_nano.a(lib_a-mprec.o)
                0x000000000801373e                __copybits
 .text.__any_on
                0x0000000008013784       0x42 c:/st/stm32cubeide_1.12.1/stm32cubeide/plugins/com.st.stm32cube.ide.mcu.externaltools.gnu-tools-for-stm32.10.3-2021.10.win32_1.0.200.202301161003/tools/bin/../lib/gcc/arm-none-eabi/10.3.1/../../../../arm-none-eabi/lib/thumb/v7e-m+fp/hard\libc_nano.a(lib_a-mprec.o)
                0x0000000008013784                __any_on
 .text._calloc_r
                0x00000000080137c6       0x2c c:/st/stm32cubeide_1.12.1/stm32cubeide/plugins/com.st.stm32cube.ide.mcu.externaltools.gnu-tools-for-stm32.10.3-2021.10.win32_1.0.200.202301161003/tools/bin/../lib/gcc/arm-none-eabi/10.3.1/../../../../arm-none-eabi/lib/thumb/v7e-m+fp/hard\libc_nano.a(lib_a-nano-callocr.o)
                0x00000000080137c6                _calloc_r
 *fill*         0x00000000080137f2        0x2 
 .text._free_r  0x00000000080137f4       0x98 c:/st/stm32cubeide_1.12.1/stm32cubeide/plugins/com.st.stm32cube.ide.mcu.externaltools.gnu-tools-for-stm32.10.3-2021.10.win32_1.0.200.202301161003/tools/bin/../lib/gcc/arm-none-eabi/10.3.1/../../../../arm-none-eabi/lib/thumb/v7e-m+fp/hard\libc_nano.a(lib_a-nano-freer.o)
                0x00000000080137f4                _free_r
 .text.sbrk_aligned
                0x000000000801388c       0x40 c:/st/stm32cubeide_1.12.1/stm32cubeide/plugins/com.st.stm32cube.ide.mcu.externaltools.gnu-tools-for-stm32.10.3-2021.10.win32_1.0.200.202301161003/tools/bin/../lib/gcc/arm-none-eabi/10.3.1/../../../../arm-none-eabi/lib/thumb/v7e-m+fp/hard\libc_nano.a(lib_a-nano-mallocr.o)
 .text._malloc_r
                0x00000000080138cc       0xe8 c:/st/stm32cubeide_1.12.1/stm32cubeide/plugins/com.st.stm32cube.ide.mcu.externaltools.gnu-tools-for-stm32.10.3-2021.10.win32_1.0.200.202301161003/tools/bin/../lib/gcc/arm-none-eabi/10.3.1/../../../../arm-none-eabi/lib/thumb/v7e-m+fp/hard\libc_nano.a(lib_a-nano-mallocr.o)
                0x00000000080138cc                _malloc_r
 .text.__ssputs_r
                0x00000000080139b4       0xb6 c:/st/stm32cubeide_1.12.1/stm32cubeide/plugins/com.st.stm32cube.ide.mcu.externaltools.gnu-tools-for-stm32.10.3-2021.10.win32_1.0.200.202301161003/tools/bin/../lib/gcc/arm-none-eabi/10.3.1/../../../../arm-none-eabi/lib/thumb/v7e-m+fp/hard\libc_nano.a(lib_a-nano-svfprintf.o)
                0x00000000080139b4                __ssputs_r
 *fill*         0x0000000008013a6a        0x2 
 .text._svfprintf_r
                0x0000000008013a6c      0x200 c:/st/stm32cubeide_1.12.1/stm32cubeide/plugins/com.st.stm32cube.ide.mcu.externaltools.gnu-tools-for-stm32.10.3-2021.10.win32_1.0.200.202301161003/tools/bin/../lib/gcc/arm-none-eabi/10.3.1/../../../../arm-none-eabi/lib/thumb/v7e-m+fp/hard\libc_nano.a(lib_a-nano-svfprintf.o)
                0x0000000008013a6c                _svfiprintf_r
                0x0000000008013a6c                _svfprintf_r
 .text._sungetc_r
                0x0000000008013c6c       0x7a c:/st/stm32cubeide_1.12.1/stm32cubeide/plugins/com.st.stm32cube.ide.mcu.externaltools.gnu-tools-for-stm32.10.3-2021.10.win32_1.0.200.202301161003/tools/bin/../lib/gcc/arm-none-eabi/10.3.1/../../../../arm-none-eabi/lib/thumb/v7e-m+fp/hard\libc_nano.a(lib_a-nano-svfscanf.o)
                0x0000000008013c6c                _sungetc_r
 .text.__ssrefill_r
                0x0000000008013ce6       0x3a c:/st/stm32cubeide_1.12.1/stm32cubeide/plugins/com.st.stm32cube.ide.mcu.externaltools.gnu-tools-for-stm32.10.3-2021.10.win32_1.0.200.202301161003/tools/bin/../lib/gcc/arm-none-eabi/10.3.1/../../../../arm-none-eabi/lib/thumb/v7e-m+fp/hard\libc_nano.a(lib_a-nano-svfscanf.o)
                0x0000000008013ce6                __ssrefill_r
 .text.__ssvfscanf_r
                0x0000000008013d20      0x2f0 c:/st/stm32cubeide_1.12.1/stm32cubeide/plugins/com.st.stm32cube.ide.mcu.externaltools.gnu-tools-for-stm32.10.3-2021.10.win32_1.0.200.202301161003/tools/bin/../lib/gcc/arm-none-eabi/10.3.1/../../../../arm-none-eabi/lib/thumb/v7e-m+fp/hard\libc_nano.a(lib_a-nano-svfscanf.o)
                0x0000000008013d20                __ssvfiscanf_r
                0x0000000008013d20                __ssvfscanf_r
 .text._scanf_chars
                0x0000000008014010       0xb4 c:/st/stm32cubeide_1.12.1/stm32cubeide/plugins/com.st.stm32cube.ide.mcu.externaltools.gnu-tools-for-stm32.10.3-2021.10.win32_1.0.200.202301161003/tools/bin/../lib/gcc/arm-none-eabi/10.3.1/../../../../arm-none-eabi/lib/thumb/v7e-m+fp/hard\libc_nano.a(lib_a-nano-vfscanf_i.o)
                0x0000000008014010                _scanf_chars
 .text._scanf_i
                0x00000000080140c4      0x1f0 c:/st/stm32cubeide_1.12.1/stm32cubeide/plugins/com.st.stm32cube.ide.mcu.externaltools.gnu-tools-for-stm32.10.3-2021.10.win32_1.0.200.202301161003/tools/bin/../lib/gcc/arm-none-eabi/10.3.1/../../../../arm-none-eabi/lib/thumb/v7e-m+fp/hard\libc_nano.a(lib_a-nano-vfscanf_i.o)
                0x00000000080140c4                _scanf_i
 .text._read_r  0x00000000080142b4       0x24 c:/st/stm32cubeide_1.12.1/stm32cubeide/plugins/com.st.stm32cube.ide.mcu.externaltools.gnu-tools-for-stm32.10.3-2021.10.win32_1.0.200.202301161003/tools/bin/../lib/gcc/arm-none-eabi/10.3.1/../../../../arm-none-eabi/lib/thumb/v7e-m+fp/hard\libc_nano.a(lib_a-readr.o)
                0x00000000080142b4                _read_r
 .text.nan      0x00000000080142d8       0x10 c:/st/stm32cubeide_1.12.1/stm32cubeide/plugins/com.st.stm32cube.ide.mcu.externaltools.gnu-tools-for-stm32.10.3-2021.10.win32_1.0.200.202301161003/tools/bin/../lib/gcc/arm-none-eabi/10.3.1/../../../../arm-none-eabi/lib/thumb/v7e-m+fp/hard\libc_nano.a(lib_a-s_nan.o)
                0x00000000080142d8                nan
 .text._sbrk_r  0x00000000080142e8       0x20 c:/st/stm32cubeide_1.12.1/stm32cubeide/plugins/com.st.stm32cube.ide.mcu.externaltools.gnu-tools-for-stm32.10.3-2021.10.win32_1.0.200.202301161003/tools/bin/../lib/gcc/arm-none-eabi/10.3.1/../../../../arm-none-eabi/lib/thumb/v7e-m+fp/hard\libc_nano.a(lib_a-sbrkr.o)
                0x00000000080142e8                _sbrk_r
 .text.__sccl   0x0000000008014308       0x70 c:/st/stm32cubeide_1.12.1/stm32cubeide/plugins/com.st.stm32cube.ide.mcu.externaltools.gnu-tools-for-stm32.10.3-2021.10.win32_1.0.200.202301161003/tools/bin/../lib/gcc/arm-none-eabi/10.3.1/../../../../arm-none-eabi/lib/thumb/v7e-m+fp/hard\libc_nano.a(lib_a-sccl.o)
                0x0000000008014308                __sccl
 .text._strtoul_l.constprop.0
                0x0000000008014378       0xe4 c:/st/stm32cubeide_1.12.1/stm32cubeide/plugins/com.st.stm32cube.ide.mcu.externaltools.gnu-tools-for-stm32.10.3-2021.10.win32_1.0.200.202301161003/tools/bin/../lib/gcc/arm-none-eabi/10.3.1/../../../../arm-none-eabi/lib/thumb/v7e-m+fp/hard\libc_nano.a(lib_a-strtoul.o)
 .text._strtoul_r
                0x000000000801445c        0x4 c:/st/stm32cubeide_1.12.1/stm32cubeide/plugins/com.st.stm32cube.ide.mcu.externaltools.gnu-tools-for-stm32.10.3-2021.10.win32_1.0.200.202301161003/tools/bin/../lib/gcc/arm-none-eabi/10.3.1/../../../../arm-none-eabi/lib/thumb/v7e-m+fp/hard\libc_nano.a(lib_a-strtoul.o)
                0x000000000801445c                _strtoul_r
 .text.__submore
                0x0000000008014460       0x74 c:/st/stm32cubeide_1.12.1/stm32cubeide/plugins/com.st.stm32cube.ide.mcu.externaltools.gnu-tools-for-stm32.10.3-2021.10.win32_1.0.200.202301161003/tools/bin/../lib/gcc/arm-none-eabi/10.3.1/../../../../arm-none-eabi/lib/thumb/v7e-m+fp/hard\libc_nano.a(lib_a-ungetc.o)
                0x0000000008014460                __submore
 .text.__ascii_wctomb
                0x00000000080144d4       0x1a c:/st/stm32cubeide_1.12.1/stm32cubeide/plugins/com.st.stm32cube.ide.mcu.externaltools.gnu-tools-for-stm32.10.3-2021.10.win32_1.0.200.202301161003/tools/bin/../lib/gcc/arm-none-eabi/10.3.1/../../../../arm-none-eabi/lib/thumb/v7e-m+fp/hard\libc_nano.a(lib_a-wctomb_r.o)
                0x00000000080144d4                __ascii_wctomb
 *fill*         0x00000000080144ee        0x2 
 .text.__assert_func
                0x00000000080144f0       0x3c c:/st/stm32cubeide_1.12.1/stm32cubeide/plugins/com.st.stm32cube.ide.mcu.externaltools.gnu-tools-for-stm32.10.3-2021.10.win32_1.0.200.202301161003/tools/bin/../lib/gcc/arm-none-eabi/10.3.1/../../../../arm-none-eabi/lib/thumb/v7e-m+fp/hard\libc_nano.a(lib_a-assert.o)
                0x00000000080144f0                __assert_func
 .text.__sflush_r
                0x000000000801452c      0x10c c:/st/stm32cubeide_1.12.1/stm32cubeide/plugins/com.st.stm32cube.ide.mcu.externaltools.gnu-tools-for-stm32.10.3-2021.10.win32_1.0.200.202301161003/tools/bin/../lib/gcc/arm-none-eabi/10.3.1/../../../../arm-none-eabi/lib/thumb/v7e-m+fp/hard\libc_nano.a(lib_a-fflush.o)
                0x000000000801452c                __sflush_r
 .text._fflush_r