../Core/Src/main.c:105:6:ProcessCommand	24	static
../Core/Src/main.c:125:6:RevCommand	24	static
../Core/Src/main.c:137:6:LinCommand	24	static
../Core/Src/main.c:149:6:ServoCommand	24	static
../Core/Src/main.c:162:6:SensorCommand	40	static
../Core/Src/main.c:208:6:AutoCommand	48	static
../Core/Src/main.c:245:6:InitializaionCalibrationCommand	32	static
../Core/Src/main.c:331:6:CalibrationCommand	4	static
../Core/Src/main.c:333:6:AvgStdCommand	4	static
../Core/Src/main.c:335:6:SetSensorCommand	16	static
../Core/Src/main.c:387:5:main	8	static
../Core/Src/main.c:451:6:SystemClock_Config	88	static
../Core/Src/main.c:503:13:MX_NVIC_Init	8	static
../Core/Src/main.c:541:6:Error_Handler	4	static,ignoring_inline_asm
../Core/Src/main.c:560:6:assert_failed	16	static
