../Core/Src/main.c:103:6:ProcessCommand	24	static
../Core/Src/main.c:123:6:RevCommand	24	static
../Core/Src/main.c:135:6:LinCommand	24	static
../Core/Src/main.c:147:6:ServoCommand	24	static
../Core/Src/main.c:160:6:SensorCommand	40	static
../Core/Src/main.c:205:6:AutoCommand	72	static
../Core/Src/main.c:296:6:InitializaionCalibrationCommand	32	static
../Core/Src/main.c:381:6:CalibrationCommand	4	static
../Core/Src/main.c:383:6:AvgStdCommand	4	static
../Core/Src/main.c:385:6:SetSensorCommand	16	static
../Core/Src/main.c:437:5:main	8	static
../Core/Src/main.c:501:6:SystemClock_Config	88	static
../Core/Src/main.c:553:13:MX_NVIC_Init	8	static
../Core/Src/main.c:591:6:Error_Handler	4	static,ignoring_inline_asm
../Core/Src/main.c:610:6:assert_failed	16	static
