../Drivers/CMSIS/Include/core_cm7.h:2229:22:SCB_EnableICache	4	static,ignoring_inline_asm
../Drivers/CMSIS/Include/core_cm7.h:2281:22:SCB_EnableDCache	24	static,ignoring_inline_asm
../Core/Src/main.c:81:6:ProcessCommand	16	static
../Core/Src/main.c:92:6:SensorCommand	40	static
../Core/Src/main.c:133:6:SetSensorCommand	16	static
../Core/Src/main.c:179:6:AvgStdCommand	16	static
../Core/Src/main.c:197:6:CalibrationCommand	4	static
../Core/Src/main.c:202:6:InferenceCommand	40	static
../Core/Src/main.c:260:5:main	8	static
../Core/Src/main.c:322:6:SystemClock_Config	88	static
../Core/Src/main.c:375:13:MX_NVIC_Init	8	static
../Core/Src/main.c:387:13:MX_CRC_Init	8	static
../Core/Src/main.c:420:13:MX_GPIO_Init	24	static
../Core/Src/main.c:438:6:Error_Handler	8	static,ignoring_inline_asm
